Component: ARM Compiler 5.06 update 5 (build 528) Tool: armlink [4d35e2]

==============================================================================

Section Cross References

    startup_stm32f10x_md.o(STACK) refers (Special) to heapauxi.o(.text) for __use_two_region_memory
    startup_stm32f10x_md.o(HEAP) refers (Special) to heapauxi.o(.text) for __use_two_region_memory
    startup_stm32f10x_md.o(RESET) refers (Special) to heapauxi.o(.text) for __use_two_region_memory
    startup_stm32f10x_md.o(RESET) refers to startup_stm32f10x_md.o(STACK) for __initial_sp
    startup_stm32f10x_md.o(RESET) refers to startup_stm32f10x_md.o(.text) for Reset_Handler
    startup_stm32f10x_md.o(RESET) refers to stm32f10x_it.o(i.NMI_Handler) for NMI_Handler
    startup_stm32f10x_md.o(RESET) refers to stm32f10x_it.o(i.HardFault_Handler) for HardFault_Handler
    startup_stm32f10x_md.o(RESET) refers to stm32f10x_it.o(i.MemManage_Handler) for MemManage_Handler
    startup_stm32f10x_md.o(RESET) refers to stm32f10x_it.o(i.BusFault_Handler) for BusFault_Handler
    startup_stm32f10x_md.o(RESET) refers to stm32f10x_it.o(i.UsageFault_Handler) for UsageFault_Handler
    startup_stm32f10x_md.o(RESET) refers to stm32f10x_it.o(i.SVC_Handler) for SVC_Handler
    startup_stm32f10x_md.o(RESET) refers to stm32f10x_it.o(i.DebugMon_Handler) for DebugMon_Handler
    startup_stm32f10x_md.o(RESET) refers to stm32f10x_it.o(i.PendSV_Handler) for PendSV_Handler
    startup_stm32f10x_md.o(RESET) refers to stm32f10x_it.o(i.SysTick_Handler) for SysTick_Handler
    startup_stm32f10x_md.o(RESET) refers to stm32f10x_it.o(i.RTC_IRQHandler) for RTC_IRQHandler
    startup_stm32f10x_md.o(.text) refers (Special) to heapauxi.o(.text) for __use_two_region_memory
    startup_stm32f10x_md.o(.text) refers to system_stm32f10x.o(i.SystemInit) for SystemInit
    startup_stm32f10x_md.o(.text) refers to __main.o(!!!main) for __main
    startup_stm32f10x_md.o(.text) refers to startup_stm32f10x_md.o(HEAP) for Heap_Mem
    startup_stm32f10x_md.o(.text) refers to startup_stm32f10x_md.o(STACK) for Stack_Mem
    system_stm32f10x.o(i.SetSysClock) refers to system_stm32f10x.o(i.SetSysClockTo72) for SetSysClockTo72
    system_stm32f10x.o(i.SystemCoreClockUpdate) refers to system_stm32f10x.o(.data) for SystemCoreClock
    system_stm32f10x.o(i.SystemInit) refers to system_stm32f10x.o(i.SetSysClock) for SetSysClock
    stm32f10x_adc.o(i.ADC_DeInit) refers to stm32f10x_rcc.o(i.RCC_APB2PeriphResetCmd) for RCC_APB2PeriphResetCmd
    stm32f10x_bkp.o(i.BKP_DeInit) refers to stm32f10x_rcc.o(i.RCC_BackupResetCmd) for RCC_BackupResetCmd
    stm32f10x_can.o(i.CAN_DeInit) refers to stm32f10x_rcc.o(i.RCC_APB1PeriphResetCmd) for RCC_APB1PeriphResetCmd
    stm32f10x_can.o(i.CAN_GetITStatus) refers to stm32f10x_can.o(i.CheckITStatus) for CheckITStatus
    stm32f10x_cec.o(i.CEC_DeInit) refers to stm32f10x_rcc.o(i.RCC_APB1PeriphResetCmd) for RCC_APB1PeriphResetCmd
    stm32f10x_dac.o(i.DAC_DeInit) refers to stm32f10x_rcc.o(i.RCC_APB1PeriphResetCmd) for RCC_APB1PeriphResetCmd
    stm32f10x_flash.o(i.FLASH_EnableWriteProtection) refers to stm32f10x_flash.o(i.FLASH_WaitForLastOperation) for FLASH_WaitForLastOperation
    stm32f10x_flash.o(i.FLASH_EraseAllBank1Pages) refers to stm32f10x_flash.o(i.FLASH_WaitForLastBank1Operation) for FLASH_WaitForLastBank1Operation
    stm32f10x_flash.o(i.FLASH_EraseAllPages) refers to stm32f10x_flash.o(i.FLASH_WaitForLastOperation) for FLASH_WaitForLastOperation
    stm32f10x_flash.o(i.FLASH_EraseOptionBytes) refers to stm32f10x_flash.o(i.FLASH_GetReadOutProtectionStatus) for FLASH_GetReadOutProtectionStatus
    stm32f10x_flash.o(i.FLASH_EraseOptionBytes) refers to stm32f10x_flash.o(i.FLASH_WaitForLastOperation) for FLASH_WaitForLastOperation
    stm32f10x_flash.o(i.FLASH_ErasePage) refers to stm32f10x_flash.o(i.FLASH_WaitForLastOperation) for FLASH_WaitForLastOperation
    stm32f10x_flash.o(i.FLASH_ProgramHalfWord) refers to stm32f10x_flash.o(i.FLASH_WaitForLastOperation) for FLASH_WaitForLastOperation
    stm32f10x_flash.o(i.FLASH_ProgramOptionByteData) refers to stm32f10x_flash.o(i.FLASH_WaitForLastOperation) for FLASH_WaitForLastOperation
    stm32f10x_flash.o(i.FLASH_ProgramWord) refers to stm32f10x_flash.o(i.FLASH_WaitForLastOperation) for FLASH_WaitForLastOperation
    stm32f10x_flash.o(i.FLASH_ReadOutProtection) refers to stm32f10x_flash.o(i.FLASH_WaitForLastOperation) for FLASH_WaitForLastOperation
    stm32f10x_flash.o(i.FLASH_UserOptionByteConfig) refers to stm32f10x_flash.o(i.FLASH_WaitForLastOperation) for FLASH_WaitForLastOperation
    stm32f10x_flash.o(i.FLASH_WaitForLastBank1Operation) refers to stm32f10x_flash.o(i.FLASH_GetBank1Status) for FLASH_GetBank1Status
    stm32f10x_flash.o(i.FLASH_WaitForLastOperation) refers to stm32f10x_flash.o(i.FLASH_GetBank1Status) for FLASH_GetBank1Status
    stm32f10x_gpio.o(i.GPIO_AFIODeInit) refers to stm32f10x_rcc.o(i.RCC_APB2PeriphResetCmd) for RCC_APB2PeriphResetCmd
[...]
    STACK                                    0x200002c8   Section     1024  startup_stm32f10x_md.o(STACK)
    Stack_Mem                                0x200002c8   Data        1024  startup_stm32f10x_md.o(STACK)
    __initial_sp                             0x200006c8   Data           0  startup_stm32f10x_md.o(STACK)

    Global Symbols

    Symbol Name                              Value     Ov Type        Size  Object(Section)

    BuildAttributes$$THM_ISAv4$P$D$K$B$S$PE$A:L22UL41UL21$X:L11$S22US41US21$IEEE1$IW$USESV6$~STKCKD$USESV7$~SHL$OTIME$ROPI$IEEEX$EBA8$UX$STANDARDLIB$REQ8$PRES8$EABIv2 0x00000000   Number         0  anon$$obj.o ABSOLUTE
    __ARM_use_no_argv                        0x00000000   Number         0  main.o ABSOLUTE
    _printf_flags                            0x00000000   Number         0  printf_stubs.o ABSOLUTE
    _printf_return_value                     0x00000000   Number         0  printf_stubs.o ABSOLUTE
    _printf_sizespec                         0x00000000   Number         0  printf_stubs.o ABSOLUTE
    _printf_widthprec                        0x00000000   Number         0  printf_stubs.o ABSOLUTE
    __ARM_exceptions_init                     - Undefined Weak Reference
    __alloca_initialize                       - Undefined Weak Reference
    __arm_preinit_                            - Undefined Weak Reference
    __cpp_initialize__aeabi_                  - Undefined Weak Reference
    __cxa_finalize                            - Undefined Weak Reference
    __sigvec_lookup                           - Undefined Weak Reference
    _atexit_init                              - Undefined Weak Reference
    _call_atexit_fns                          - Undefined Weak Reference
    _clock_init                               - Undefined Weak Reference
    _fp_trap_init                             - Undefined Weak Reference
    _fp_trap_shutdown                         - Undefined Weak Reference
    _get_lc_collate                           - Undefined Weak Reference
    _get_lc_monetary                          - Undefined Weak Reference
    _get_lc_time                              - Undefined Weak Reference
    _getenv_init                              - Undefined Weak Reference
    _handle_redirection                       - Undefined Weak Reference
    _init_alloc                               - Undefined Weak Reference
    _init_user_alloc                          - Undefined Weak Reference
    _initio                                   - Undefined Weak Reference
    _printf_mbtowc                            - Undefined Weak Reference
    _printf_wc                                - Undefined Weak Reference
    _rand_init                                - Undefined Weak Reference
    _signal_finish                            - Undefined Weak Reference
    _signal_init                              - Undefined Weak Reference
    _terminate_alloc                          - Undefined Weak Reference
    _terminate_user_alloc                     - Undefined Weak Reference
    _terminateio                              - Undefined Weak Reference
    __Vectors_Size                           0x000000ec   Number         0  startup_stm32f10x_md.o ABSOLUTE
    __Vectors                                0x08000000   Data           4  startup_stm32f10x_md.o(RESET)
    __Vectors_End                            0x080000ec   Data           0  startup_stm32f10x_md.o(RESET)
    __main                                   0x080000ed   Thumb Code     8  __main.o(!!!main)
    __scatterload                            0x080000f5   Thumb Code     0  __scatter.o(!!!scatter)
    __scatterload_rt2                        0x080000f5   Thumb Code    44  __scatter.o(!!!scatter)
    __scatterload_rt2_thumb_only             0x080000f5   Thumb Code     0  __scatter.o(!!!scatter)
    __scatterload_null                       0x08000103   Thumb Code     0  __scatter.o(!!!scatter)
    __scatterload_copy                       0x08000129   Thumb Code    26  __scatter_copy.o(!!handler_copy)
    __scatterload_zeroinit                   0x08000145   Thumb Code    28  __scatter_zi.o(!!handler_zi)
    _printf_n                                0x08000161   Thumb Code     0  _printf_n.o(.ARM.Collect$$_printf_percent$$00000001)
    _printf_percent                          0x08000161   Thumb Code     0  _printf_percent.o(.ARM.Collect$$_printf_percent$$00000000)
    _printf_p                                0x08000167   Thumb Code     0  _printf_p.o(.ARM.Collect$$_printf_percent$$00000002)
    _printf_f                                0x0800016d   Thumb Code     0  _printf_f.o(.ARM.Collect$$_printf_percent$$00000003)
    _printf_e                                0x08000173   Thumb Code     0  _printf_e.o(.ARM.Collect$$_printf_percent$$00000004)
    _printf_g                                0x08000179   Thumb Code     0  _printf_g.o(.ARM.Collect$$_printf_percent$$00000005)
    _printf_a                                0x0800017f   Thumb Code     0  _printf_a.o(.ARM.Collect$$_printf_percent$$00000006)
    _printf_ll                               0x08000185   Thumb Code     0  _printf_ll.o(.ARM.Collect$$_printf_percent$$00000007)
    _printf_i                                0x0800018f   Thumb Code     0  _printf_i.o(.ARM.Collect$$_printf_percent$$00000008)
    _printf_d                                0x08000195   Thumb Code     0  _printf_d.o(.ARM.Collect$$_printf_percent$$00000009)
    _printf_u                                0x0800019b   Thumb Code     0  _printf_u.o(.ARM.Collect$$_printf_percent$$0000000A)
    _printf_o                                0x080001a1   Thumb Code     0  _printf_o.o(.ARM.Collect$$_printf_percent$$0000000B)
    _printf_x                                0x080001a7   Thumb Code     0  _printf_x.o(.ARM.Collect$$_printf_percent$$0000000C)
    _printf_lli                              0x080001ad   Thumb Code     0  _printf_lli.o(.ARM.Collect$$_printf_percent$$0000000D)
    _printf_lld                              0x080001b3   Thumb Code     0  _printf_lld.o(.ARM.Collect$$_printf_percent$$0000000E)
    _printf_llu                              0x080001b9   Thumb Code     0  _printf_llu.o(.ARM.Collect$$_printf_percent$$0000000F)
    _printf_llo                              0x080001bf   Thumb Code     0  _printf_llo.o(.ARM.Collect$$_printf_percent$$00000010)
    _printf_llx                              0x080001c5   Thumb Code     0  _printf_llx.o(.ARM.Collect$$_printf_percent$$00000011)
    _printf_l                                0x080001cb   Thumb Code     0  _printf_l.o(.ARM.Collect$$_printf_percent$$00000012)
    _printf_c                                0x080001d5   Thumb Code     0  _printf_c.o(.ARM.Collect$$_printf_percent$$00000013)
    _printf_s                                0x080001db   Thumb Code     0  _printf_s.o(.ARM.Collect$$_printf_percent$$00000014)
    _printf_lc                               0x080001e1   Thumb Code     0  _printf_lc.o(.ARM.Collect$$_printf_percent$$00000015)
    _printf_ls                               0x080001e7   Thumb Code     0  _printf_ls.o(.ARM.Collect$$_printf_percent$$00000016)
    _printf_percent_end                      0x080001ed   Thumb Code     0  _printf_percent_end.o(.ARM.Collect$$_printf_percent$$00000017)
    __rt_lib_init                            0x080001f1   Thumb Code     0  libinit.o(.ARM.Collect$$libinit$$00000000)
    __rt_lib_init_fp_1                       0x080001f3   Thumb Code     0  libinit2.o(.ARM.Collect$$libinit$$00000002)
    __rt_lib_init_heap_1                     0x080001f3   Thumb Code     0  libinit2.o(.ARM.Collect$$libinit$$0000000A)
    __rt_lib_init_lc_common                  0x080001f3   Thumb Code     0  libinit2.o(.ARM.Collect$$libinit$$0000000F)
    __rt_lib_init_preinit_1                  0x080001f3   Thumb Code     0  libinit2.o(.ARM.Collect$$libinit$$00000004)
    __rt_lib_init_rand_1                     0x080001f3   Thumb Code     0  libinit2.o(.ARM.Collect$$libinit$$0000000E)
    __rt_lib_init_user_alloc_1               0x080001f3   Thumb Code     0  libinit2.o(.ARM.Collect$$libinit$$0000000C)
    __rt_lib_init_lc_collate_1               0x080001f9   Thumb Code     0  libinit2.o(.ARM.Collect$$libinit$$00000011)
    __rt_lib_init_lc_ctype_2                 0x080001f9   Thumb Code     0  libinit2.o(.ARM.Collect$$libinit$$00000012)
    __rt_lib_init_lc_ctype_1                 0x08000205   Thumb Code     0  libinit2.o(.ARM.Collect$$libinit$$00000013)
    __rt_lib_init_lc_monetary_1              0x08000205   Thumb Code     0  libinit2.o(.ARM.Collect$$libinit$$00000015)
    __rt_lib_init_lc_numeric_2               0x08000205   Thumb Code     0  libinit2.o(.ARM.Collect$$libinit$$00000016)
    __rt_lib_init_alloca_1                   0x0800020f   Thumb Code     0  libinit2.o(.ARM.Collect$$libinit$$0000002E)
    __rt_lib_init_argv_1                     0x0800020f   Thumb Code     0  libinit2.o(.ARM.Collect$$libinit$$0000002C)
    __rt_lib_init_atexit_1                   0x0800020f   Thumb Code     0  libinit2.o(.ARM.Collect$$libinit$$0000001B)
    __rt_lib_init_clock_1                    0x0800020f   Thumb Code     0  libinit2.o(.ARM.Collect$$libinit$$00000021)
    __rt_lib_init_cpp_1                      0x0800020f   Thumb Code     0  libinit2.o(.ARM.Collect$$libinit$$00000032)
    __rt_lib_init_exceptions_1               0x0800020f   Thumb Code     0  libinit2.o(.ARM.Collect$$libinit$$00000030)
    __rt_lib_init_fp_trap_1                  0x0800020f   Thumb Code     0  libinit2.o(.ARM.Collect$$libinit$$0000001F)
    __rt_lib_init_getenv_1                   0x0800020f   Thumb Code     0  libinit2.o(.ARM.Collect$$libinit$$00000023)
    __rt_lib_init_lc_numeric_1               0x0800020f   Thumb Code     0  libinit2.o(.ARM.Collect$$libinit$$00000017)
    __rt_lib_init_lc_time_1                  0x0800020f   Thumb Code     0  libinit2.o(.ARM.Collect$$libinit$$00000019)
    __rt_lib_init_return                     0x0800020f   Thumb Code     0  libinit2.o(.ARM.Collect$$libinit$$00000033)
    __rt_lib_init_signal_1                   0x0800020f   Thumb Code     0  libinit2.o(.ARM.Collect$$libinit$$0000001D)
    __rt_lib_init_stdio_1                    0x0800020f   Thumb Code     0  libinit2.o(.ARM.Collect$$libinit$$00000025)
    __rt_lib_shutdown                        0x08000211   Thumb Code     0  libshutdown.o(.ARM.Collect$$libshutdown$$00000000)
    __rt_lib_shutdown_cpp_1                  0x08000213   Thumb Code     0  libshutdown2.o(.ARM.Collect$$libshutdown$$00000002)
    __rt_lib_shutdown_fp_trap_1              0x08000213   Thumb Code     0  libshutdown2.o(.ARM.Collect$$libshutdown$$00000007)
    __rt_lib_shutdown_heap_1                 0x08000213   Thumb Code     0  libshutdown2.o(.ARM.Collect$$libshutdown$$0000000F)
    __rt_lib_shutdown_return                 0x08000213   Thumb Code     0  libshutdown2.o(.ARM.Collect$$libshutdown$$00000010)
    __rt_lib_shutdown_signal_1               0x08000213   Thumb Code     0  libshutdown2.o(.ARM.Collect$$libshutdown$$0000000A)
    __rt_lib_shutdown_stdio_1                0x08000213   Thumb Code     0  libshutdown2.o(.ARM.Collect$$libshutdown$$00000004)
    __rt_lib_shutdown_user_alloc_1           0x08000213   Thumb Code     0  libshutdown2.o(.ARM.Collect$$libshutdown$$0000000C)
    __rt_entry                               0x08000215   Thumb Code     0  __rtentry.o(.ARM.Collect$$rtentry$$00000000)
    __rt_entry_presh_1                       0x08000215   Thumb Code     0  __rtentry2.o(.ARM.Collect$$rtentry$$00000002)
    __rt_entry_sh                            0x08000215   Thumb Code     0  __rtentry4.o(.ARM.Collect$$rtentry$$00000004)
    __rt_entry_li                            0x0800021b   Thumb Code     0  __rtentry2.o(.ARM.Collect$$rtentry$$0000000A)
    __rt_entry_postsh_1                      0x0800021b   Thumb Code     0  __rtentry2.o(.ARM.Collect$$rtentry$$00000009)
    __rt_entry_main                          0x0800021f   Thumb Code     0  __rtentry2.o(.ARM.Collect$$rtentry$$0000000D)
    __rt_entry_postli_1                      0x0800021f   Thumb Code     0  __rtentry2.o(.ARM.Collect$$rtentry$$0000000C)
    __rt_exit                                0x08000227   Thumb Code     0  rtexit.o(.ARM.Collect$$rtexit$$00000000)
    __rt_exit_ls                             0x08000229   Thumb Code     0  rtexit2.o(.ARM.Collect$$rtexit$$00000003)
    __rt_exit_prels_1                        0x08000229   Thumb Code     0  rtexit2.o(.ARM.Collect$$rtexit$$00000002)
    __rt_exit_exit                           0x0800022d   Thumb Code     0  rtexit2.o(.ARM.Collect$$rtexit$$00000004)
    Reset_Handler                            0x08000235   Thumb Code     8  startup_stm32f10x_md.o(.text)
    ADC1_2_IRQHandler                        0x0800024f   Thumb Code     0  startup_stm32f10x_md.o(.text)
    CAN1_RX1_IRQHandler                      0x0800024f   Thumb Code     0  startup_stm32f10x_md.o(.text)
    CAN1_SCE_IRQHandler                      0x0800024f   Thumb Code     0  startup_stm32f10x_md.o(.text)
    DMA1_Channel1_IRQHandler                 0x0800024f   Thumb Code     0  startup_stm32f10x_md.o(.text)
    DMA1_Channel2_IRQHandler                 0x0800024f   Thumb Code     0  startup_stm32f10x_md.o(.text)
    DMA1_Channel3_IRQHandler                 0x0800024f   Thumb Code     0  startup_stm32f10x_md.o(.text)
    DMA1_Channel4_IRQHandler                 0x0800024f   Thumb Code     0  startup_stm32f10x_md.o(.text)
    DMA1_Channel5_IRQHandler                 0x0800024f   Thumb Code     0  startup_stm32f10x_md.o(.text)
    DMA1_Channel6_IRQHandler                 0x0800024f   Thumb Code     0  startup_stm32f10x_md.o(.text)
    DMA1_Channel7_IRQHandler                 0x0800024f   Thumb Code     0  startup_stm32f10x_md.o(.text)
    EXTI0_IRQHandler                         0x0800024f   Thumb Code     0  startup_stm32f10x_md.o(.text)
    EXTI15_10_IRQHandler                     0x0800024f   Thumb Code     0  startup_stm32f10x_md.o(.text)
    EXTI1_IRQHandler                         0x0800024f   Thumb Code     0  startup_stm32f10x_md.o(.text)
    EXTI2_IRQHandler                         0x0800024f   Thumb Code     0  startup_stm32f10x_md.o(.text)
    EXTI3_IRQHandler                         0x0800024f   Thumb Code     0  startup_stm32f10x_md.o(.text)
    EXTI4_IRQHandler                         0x0800024f   Thumb Code     0  startup_stm32f10x_md.o(.text)
    EXTI9_5_IRQHandler                       0x0800024f   Thumb Code     0  startup_stm32f10x_md.o(.text)
    FLASH_IRQHandler                         0x0800024f   Thumb Code     0  startup_stm32f10x_md.o(.text)
    I2C1_ER_IRQHandler                       0x0800024f   Thumb Code     0  startup_stm32f10x_md.o(.text)
    I2C1_EV_IRQHandler                       0x0800024f   Thumb Code     0  startup_stm32f10x_md.o(.text)
    I2C2_ER_IRQHandler                       0x0800024f   Thumb Code     0  startup_stm32f10x_md.o(.text)
    I2C2_EV_IRQHandler                       0x0800024f   Thumb Code     0  startup_stm32f10x_md.o(.text)
    PVD_IRQHandler                           0x0800024f   Thumb Code     0  startup_stm32f10x_md.o(.text)
    RCC_IRQHandler                           0x0800024f   Thumb Code     0  startup_stm32f10x_md.o(.text)
    RTCAlarm_IRQHandler                      0x0800024f   Thumb Code     0  startup_stm32f10x_md.o(.text)
    SPI1_IRQHandler                          0x0800024f   Thumb Code     0  startup_stm32f10x_md.o(.text)
    SPI2_IRQHandler                          0x0800024f   Thumb Code     0  startup_stm32f10x_md.o(.text)
    TAMPER_IRQHandler                        0x0800024f   Thumb Code     0  startup_stm32f10x_md.o(.text)
    TIM1_BRK_IRQHandler                      0x0800024f   Thumb Code     0  startup_stm32f10x_md.o(.text)
    TIM1_CC_IRQHandler                       0x0800024f   Thumb Code     0  startup_stm32f10x_md.o(.text)
    TIM1_TRG_COM_IRQHandler                  0x0800024f   Thumb Code     0  startup_stm32f10x_md.o(.text)
    TIM1_UP_IRQHandler                       0x0800024f   Thumb Code     0  startup_stm32f10x_md.o(.text)
    TIM2_IRQHandler                          0x0800024f   Thumb Code     0  startup_stm32f10x_md.o(.text)
    TIM3_IRQHandler                          0x0800024f   Thumb Code     0  startup_stm32f10x_md.o(.text)
    TIM4_IRQHandler                          0x0800024f   Thumb Code     0  startup_stm32f10x_md.o(.text)
    USART1_IRQHandler                        0x0800024f   Thumb Code     0  startup_stm32f10x_md.o(.text)
    USART2_IRQHandler                        0x0800024f   Thumb Code     0  startup_stm32f10x_md.o(.text)
    USART3_IRQHandler                        0x0800024f   Thumb Code     0  startup_stm32f10x_md.o(.text)
    USBWakeUp_IRQHandler                     0x0800024f   Thumb Code     0  startup_stm32f10x_md.o(.text)
    USB_HP_CAN1_TX_IRQHandler                0x0800024f   Thumb Code     0  startup_stm32f10x_md.o(.text)
    USB_LP_CAN1_RX0_IRQHandler               0x0800024f   Thumb Code     0  startup_stm32f10x_md.o(.text)
    WWDG_IRQHandler                          0x0800024f   Thumb Code     0  startup_stm32f10x_md.o(.text)
    __user_initial_stackheap                 0x08000251   Thumb Code     0  startup_stm32f10x_md.o(.text)
    vsprintf                                 0x08000275   Thumb Code    32  vsprintf.o(.text)
    __aeabi_memcpy4                          0x08000299   Thumb Code     0  rt_memcpy_w.o(.text)
    __aeabi_memcpy8                          0x08000299   Thumb Code     0  rt_memcpy_w.o(.text)
    __rt_memcpy_w                            0x08000299   Thumb Code   100  rt_memcpy_w.o(.text)
    _memcpy_lastbytes_aligned                0x080002e1   Thumb Code     0  rt_memcpy_w.o(.text)
    localtime                                0x080002fd   Thumb Code     6  localtime.o(.text)
    mktime                                   0x08000347   Thumb Code   356  mktime.o(.text)
    __use_two_region_memory                  0x080004b5   Thumb Code     2  heapauxi.o(.text)
    __rt_heap_escrow$2region                 0x080004b7   Thumb Code     2  heapauxi.o(.text)
    __rt_heap_expand$2region                 0x080004b9   Thumb Code     2  heapauxi.o(.text)
    __read_errno                             0x080004bb   Thumb Code    10  _rserrno.o(.text)
    __set_errno                              0x080004c5   Thumb Code    12  _rserrno.o(.text)
    _printf_pre_padding                      0x080004d1   Thumb Code    44  _printf_pad.o(.text)
    _printf_post_padding                     0x080004fd   Thumb Code    34  _printf_pad.o(.text)
    _printf_truncate_signed                  0x0800051f   Thumb Code    18  _printf_truncate.o(.text)
    _printf_truncate_unsigned                0x08000531   Thumb Code    18  _printf_truncate.o(.text)
    _printf_str                              0x08000543   Thumb Code    82  _printf_str.o(.text)
    _printf_int_dec                          0x08000595   Thumb Code   104  _printf_dec.o(.text)
    _printf_charcount                        0x0800060d   Thumb Code    40  _printf_charcount.o(.text)
    _printf_char_common                      0x0800063f   Thumb Code    32  _printf_char_common.o(.text)
    _sputc                                   0x08000665   Thumb Code    10  _sputc.o(.text)
    _printf_wctomb                           0x08000671   Thumb Code   182  _printf_wctomb.o(.text)
    _printf_longlong_dec                     0x0800072d   Thumb Code   108  _printf_longlong_dec.o(.text)
    _printf_longlong_oct                     0x080007a9   Thumb Code    66  _printf_oct_int_ll.o(.text)
    _printf_int_oct                          0x080007eb   Thumb Code    24  _printf_oct_int_ll.o(.text)
    _printf_ll_oct                           0x08000803   Thumb Code    12  _printf_oct_int_ll.o(.text)
    _printf_longlong_hex                     0x08000819   Thumb Code    86  _printf_hex_int_ll_ptr.o(.text)
    _printf_int_hex                          0x0800086f   Thumb Code    28  _printf_hex_int_ll_ptr.o(.text)
    _printf_ll_hex                           0x0800088b   Thumb Code    12  _printf_hex_int_ll_ptr.o(.text)
    _printf_hex_ptr                          0x08000897   Thumb Code    18  _printf_hex_int_ll_ptr.o(.text)
    __printf                                 0x080008ad   Thumb Code   388  __printf_flags_ss_wp.o(.text)
    _localtime_r                             0x08000a35   Thumb Code   178  localtime_internal.o(.text)
    _n$localtime_r                           0x08000a35   Thumb Code     0  localtime_internal.o(.text)
    __aeabi_errno_addr                       0x08000aed   Thumb Code     8  rt_errno_addr_intlibspace.o(.text)
    __errno$intlibspace                      0x08000aed   Thumb Code     0  rt_errno_addr_intlibspace.o(.text)
    __rt_errno_addr$intlibspace              0x08000aed   Thumb Code     0  rt_errno_addr_intlibspace.o(.text)
    _ll_udiv10                               0x08000af5   Thumb Code   138  lludiv10.o(.text)
    _printf_int_common                       0x08000b7f   Thumb Code   178  _printf_intcommon.o(.text)
    __lib_sel_fp_printf                      0x08000c31   Thumb Code     2  _printf_fp_dec.o(.text)
    _printf_fp_dec_real                      0x08000de3   Thumb Code   620  _printf_fp_dec.o(.text)
    _printf_fp_hex_real                      0x08001051   Thumb Code   756  _printf_fp_hex.o(.text)
    _printf_cs_common                        0x0800134d   Thumb Code    20  _printf_char.o(.text)
    _printf_char                             0x08001361   Thumb Code    16  _printf_char.o(.text)
    _printf_string                           0x08001371   Thumb Code     8  _printf_char.o(.text)
    _printf_lcs_common                       0x08001379   Thumb Code    20  _printf_wchar.o(.text)
    _printf_wchar                            0x0800138d   Thumb Code    16  _printf_wchar.o(.text)
    _printf_wstring                          0x0800139d   Thumb Code     8  _printf_wchar.o(.text)
    _wcrtomb                                 0x080013a5   Thumb Code    64  _wcrtomb.o(.text)
    __aeabi_memclr4                          0x080013e5   Thumb Code     0  rt_memclr_w.o(.text)
    __aeabi_memclr8                          0x080013e5   Thumb Code     0  rt_memclr_w.o(.text)
    __rt_memclr_w                            0x080013e5   Thumb Code    78  rt_memclr_w.o(.text)
    _memset_w                                0x080013e9   Thumb Code     0  rt_memclr_w.o(.text)
    __user_libspace                          0x08001435   Thumb Code     8  libspace.o(.text)
    __user_perproc_libspace                  0x08001435   Thumb Code     0  libspace.o(.text)
    __user_perthread_libspace                0x08001435   Thumb Code     0  libspace.o(.text)
    __user_setup_stackheap                   0x0800143d   Thumb Code    74  sys_stackheap_outer.o(.text)
    __rt_ctype_table                         0x08001489   Thumb Code    16  rt_ctype_table.o(.text)
    __rt_locale                              0x08001499   Thumb Code     8  rt_locale_intlibspace.o(.text)
    _printf_fp_infnan                        0x080014a1   Thumb Code   112  _printf_fp_infnan.o(.text)
    _btod_etento                             0x08001521   Thumb Code   224  bigflt0.o(.text)
    exit                                     0x08001605   Thumb Code    18  exit.o(.text)
    strcmp                                   0x08001619   Thumb Code   128  strcmpv7m.o(.text)
    _sys_exit                                0x08001699   Thumb Code     8  sys_exit.o(.text)
    __I$use$semihosting                      0x080016a5   Thumb Code     0  use_no_semi.o(.text)
    __use_no_semihosting_swi                 0x080016a5   Thumb Code     2  use_no_semi.o(.text)
    __semihosting_library_function           0x080016a7   Thumb Code     0  indicate_semi.o(.text)
    _btod_d2e                                0x080016a7   Thumb Code    62  btod.o(CL$$btod_d2e)
    _d2e_denorm_low                          0x080016e5   Thumb Code    70  btod.o(CL$$btod_d2e_denorm_low)
    _d2e_norm_op1                            0x0800172b   Thumb Code    96  btod.o(CL$$btod_d2e_norm_op1)
    __btod_div_common                        0x0800178b   Thumb Code   696  btod.o(CL$$btod_div_common)
    _e2e                                     0x08001ac3   Thumb Code   220  btod.o(CL$$btod_e2e)
    _btod_ediv                               0x08001b9f   Thumb Code    42  btod.o(CL$$btod_ediv)
    _btod_emul                               0x08001bc9   Thumb Code    42  btod.o(CL$$btod_emul)
    __btod_mult_common                       0x08001bf3   Thumb Code   580  btod.o(CL$$btod_mult_common)
    ADC_Cmd                                  0x08001e37   Thumb Code    22  stm32f10x_adc.o(i.ADC_Cmd)
    ADC_GetCalibrationStatus                 0x08001e4d   Thumb Code    20  stm32f10x_adc.o(i.ADC_GetCalibrationStatus)
    ADC_GetConversionValue                   0x08001e61   Thumb Code     8  stm32f10x_adc.o(i.ADC_GetConversionValue)
    ADC_GetFlagStatus                        0x08001e69   Thumb Code    18  stm32f10x_adc.o(i.ADC_GetFlagStatus)
    ADC_GetResetCalibrationStatus            0x08001e7b   Thumb Code    20  stm32f10x_adc.o(i.ADC_GetResetCalibrationStatus)
    ADC_GetValue                             0x08001e91   Thumb Code    48  adc.o(i.ADC_GetValue)
    ADC_Init                                 0x08001ec5   Thumb Code    70  stm32f10x_adc.o(i.ADC_Init)
    ADC_RegularChannelConfig                 0x08001f15   Thumb Code   184  stm32f10x_adc.o(i.ADC_RegularChannelConfig)
    ADC_ResetCalibration                     0x08001fcd   Thumb Code    10  stm32f10x_adc.o(i.ADC_ResetCalibration)
    ADC_SoftwareStartConvCmd                 0x08001fd7   Thumb Code    22  stm32f10x_adc.o(i.ADC_SoftwareStartConvCmd)
    ADC_StartCalibration                     0x08001fed   Thumb Code    10  stm32f10x_adc.o(i.ADC_StartCalibration)
    ADCx_Init                                0x08001ff9   Thumb Code   104  adc.o(i.ADCx_Init)
    BEEP_Init                                0x08002065   Thumb Code    46  beep.o(i.BEEP_Init)
    BEEP_Off                                 0x08002099   Thumb Code    12  beep.o(i.BEEP_Off)
    BEEP_On                                  0x080020a9   Thumb Code    12  beep.o(i.BEEP_On)
    BKP_ReadBackupRegister                   0x080020b9   Thumb Code    24  stm32f10x_bkp.o(i.BKP_ReadBackupRegister)
    BKP_WriteBackupRegister                  0x080020d5   Thumb Code    22  stm32f10x_bkp.o(i.BKP_WriteBackupRegister)
    Bluetooth_Control                        0x080020f1   Thumb Code   290  main.o(i.Bluetooth_Control)
    BusFault_Handler                         0x08002235   Thumb Code     4  stm32f10x_it.o(i.BusFault_Handler)
    DHT11_Check                              0x08002239   Thumb Code    88  dth11.o(i.DHT11_Check)
    DHT11_Init                               0x08002295   Thumb Code    58  dth11.o(i.DHT11_Init)
    DHT11_Mode                               0x080022d5   Thumb Code    52  dth11.o(i.DHT11_Mode)
    DHT11_Read_Bit                           0x0800230d   Thumb Code    88  dth11.o(i.DHT11_Read_Bit)
    DHT11_Read_Byte                          0x08002369   Thumb Code    30  dth11.o(i.DHT11_Read_Byte)
    DHT11_Read_Data                          0x08002387   Thumb Code    88  dth11.o(i.DHT11_Read_Data)
    DHT11_Rst                                0x080023e1   Thumb Code    42  dth11.o(i.DHT11_Rst)
    DebugMon_Handler                         0x08002411   Thumb Code     2  stm32f10x_it.o(i.DebugMon_Handler)
    Delay_ms                                 0x08002413   Thumb Code    24  delay.o(i.Delay_ms)
    Delay_us                                 0x0800242b   Thumb Code    46  delay.o(i.Delay_us)
    FAN_gpio                                 0x08002459   Thumb Code    40  fan.o(i.FAN_gpio)
    Fan_PWM_Init                             0x08002485   Thumb Code   144  fan.o(i.Fan_PWM_Init)
    Fan_SetSpeed                             0x08002519   Thumb Code    62  fan.o(i.Fan_SetSpeed)
    GPIO_Init                                0x0800255d   Thumb Code   278  stm32f10x_gpio.o(i.GPIO_Init)
    GPIO_ReadInputDataBit                    0x08002673   Thumb Code    18  stm32f10x_gpio.o(i.GPIO_ReadInputDataBit)
    GPIO_ResetBits                           0x08002685   Thumb Code     4  stm32f10x_gpio.o(i.GPIO_ResetBits)
    GPIO_SetBits                             0x08002689   Thumb Code     4  stm32f10x_gpio.o(i.GPIO_SetBits)
    GPIO_WriteBit                            0x0800268d   Thumb Code    10  stm32f10x_gpio.o(i.GPIO_WriteBit)
    Handle_Serial_Data                       0x08002699   Thumb Code   112  main.o(i.Handle_Serial_Data)
    HardFault_Handler                        0x0800271d   Thumb Code     4  stm32f10x_it.o(i.HardFault_Handler)
    Key_Control                              0x08002721   Thumb Code   264  main.o(i.Key_Control)
    Key_GetNum                               0x08002835   Thumb Code   212  key.o(i.Key_GetNum)
    Key_Init                                 0x08002911   Thumb Code    40  key.o(i.Key_Init)
    LED1_OFF                                 0x0800293d   Thumb Code    14  led.o(i.LED1_OFF)
    LED1_ON                                  0x08002951   Thumb Code    14  led.o(i.LED1_ON)
    LED_Init                                 0x08002965   Thumb Code    48  led.o(i.LED_Init)
    MQ2_ADC_Read                             0x08002999   Thumb Code    12  mq2.o(i.MQ2_ADC_Read)
    MQ2_GetData_PPM                          0x080029a5   Thumb Code   208  mq2.o(i.MQ2_GetData_PPM)
    MQ2_Init                                 0x08002a91   Thumb Code    36  mq2.o(i.MQ2_Init)
    MemManage_Handler                        0x08002ab9   Thumb Code     4  stm32f10x_it.o(i.MemManage_Handler)
    MyRTC_Init                               0x08002abd   Thumb Code   126  myrtc.o(i.MyRTC_Init)
    MyRTC_ReadTime                           0x08002b3d   Thumb Code    68  myrtc.o(i.MyRTC_ReadTime)
    MyRTC_SetTime                            0x08002b85   Thumb Code    70  myrtc.o(i.MyRTC_SetTime)
    NMI_Handler                              0x08002bd1   Thumb Code     2  stm32f10x_it.o(i.NMI_Handler)
    OLED_Clear                               0x08002bd3   Thumb Code    42  oled.o(i.OLED_Clear)
    OLED_I2C_Init                            0x08002bfd   Thumb Code    76  oled.o(i.OLED_I2C_Init)
    OLED_I2C_SendByte                        0x08002c4d   Thumb Code    88  oled.o(i.OLED_I2C_SendByte)
    OLED_I2C_Start                           0x08002ca9   Thumb Code    48  oled.o(i.OLED_I2C_Start)
    OLED_I2C_Stop                            0x08002cdd   Thumb Code    36  oled.o(i.OLED_I2C_Stop)
    OLED_Init                                0x08002d05   Thumb Code   174  oled.o(i.OLED_Init)
    OLED_Pow                                 0x08002db3   Thumb Code    20  oled.o(i.OLED_Pow)
    OLED_SetCursor                           0x08002dc7   Thumb Code    34  oled.o(i.OLED_SetCursor)
    OLED_ShowChar                            0x08002de9   Thumb Code   110  oled.o(i.OLED_ShowChar)
    OLED_ShowChinese                         0x08002e5d   Thumb Code   102  oled.o(i.OLED_ShowChinese)
    OLED_ShowFloat                           0x08002ec9   Thumb Code   150  oled.o(i.OLED_ShowFloat)
    OLED_ShowHexNum                          0x08002f5f   Thumb Code    84  oled.o(i.OLED_ShowHexNum)
    OLED_ShowNum                             0x08002fb3   Thumb Code    68  oled.o(i.OLED_ShowNum)
    OLED_ShowString                          0x08002ff7   Thumb Code    40  oled.o(i.OLED_ShowString)
    OLED_WriteCommand                        0x0800301f   Thumb Code    32  oled.o(i.OLED_WriteCommand)
    OLED_WriteData                           0x0800303f   Thumb Code    32  oled.o(i.OLED_WriteData)
    PWR_BackupAccessCmd                      0x08003061   Thumb Code     6  stm32f10x_pwr.o(i.PWR_BackupAccessCmd)
    PendSV_Handler                           0x0800306d   Thumb Code     2  stm32f10x_it.o(i.PendSV_Handler)
    Process_Bluetooth_Command                0x08003071   Thumb Code    44  main.o(i.Process_Bluetooth_Command)
    RCC_ADCCLKConfig                         0x080030a5   Thumb Code    18  stm32f10x_rcc.o(i.RCC_ADCCLKConfig)
    RCC_APB1PeriphClockCmd                   0x080030bd   Thumb Code    26  stm32f10x_rcc.o(i.RCC_APB1PeriphClockCmd)
    RCC_APB2PeriphClockCmd                   0x080030dd   Thumb Code    26  stm32f10x_rcc.o(i.RCC_APB2PeriphClockCmd)
    RCC_GetClocksFreq                        0x080030fd   Thumb Code   192  stm32f10x_rcc.o(i.RCC_GetClocksFreq)
    RCC_GetFlagStatus                        0x080031d1   Thumb Code    56  stm32f10x_rcc.o(i.RCC_GetFlagStatus)
    RCC_LSEConfig                            0x0800320d   Thumb Code    46  stm32f10x_rcc.o(i.RCC_LSEConfig)
    RCC_RTCCLKCmd                            0x08003241   Thumb Code     6  stm32f10x_rcc.o(i.RCC_RTCCLKCmd)
    RCC_RTCCLKConfig                         0x0800324d   Thumb Code    12  stm32f10x_rcc.o(i.RCC_RTCCLKConfig)
    RTC_ClearITPendingBit                    0x0800325d   Thumb Code    12  stm32f10x_rtc.o(i.RTC_ClearITPendingBit)
    RTC_EnterConfigMode                      0x0800326d   Thumb Code    14  stm32f10x_rtc.o(i.RTC_EnterConfigMode)
    RTC_ExitConfigMode                       0x08003281   Thumb Code    16  stm32f10x_rtc.o(i.RTC_ExitConfigMode)
    RTC_GetCounter                           0x08003295   Thumb Code    16  stm32f10x_rtc.o(i.RTC_GetCounter)
    RTC_GetITStatus                          0x080032a9   Thumb Code    32  stm32f10x_rtc.o(i.RTC_GetITStatus)
    RTC_IRQHandler                           0x080032cd   Thumb Code    22  stm32f10x_it.o(i.RTC_IRQHandler)
    RTC_ITConfig                             0x080032e5   Thumb Code    26  stm32f10x_rtc.o(i.RTC_ITConfig)
    RTC_SetCounter                           0x08003305   Thumb Code    24  stm32f10x_rtc.o(i.RTC_SetCounter)
    RTC_SetPrescaler                         0x08003321   Thumb Code    26  stm32f10x_rtc.o(i.RTC_SetPrescaler)
    RTC_WaitForLastTask                      0x08003341   Thumb Code    16  stm32f10x_rtc.o(i.RTC_WaitForLastTask)
    RTC_WaitForSynchro                       0x08003355   Thumb Code    30  stm32f10x_rtc.o(i.RTC_WaitForSynchro)
    SVC_Handler                              0x08003379   Thumb Code     2  stm32f10x_it.o(i.SVC_Handler)
    Send_Full_Status                         0x0800337d   Thumb Code   224  main.o(i.Send_Full_Status)
    Send_TempHumi_Data                       0x080034b1   Thumb Code   100  main.o(i.Send_TempHumi_Data)
    Serial_Init                              0x0800354d   Thumb Code   128  serial.o(i.Serial_Init)
    Serial_Printf                            0x080035d5   Thumb Code    36  serial.o(i.Serial_Printf)
    Serial_SendByte                          0x080035f9   Thumb Code    28  serial.o(i.Serial_SendByte)
    Serial_SendString                        0x08003619   Thumb Code    26  serial.o(i.Serial_SendString)
    SysTick_Handler                          0x0800371d   Thumb Code     2  stm32f10x_it.o(i.SysTick_Handler)
    SystemInit                               0x08003721   Thumb Code    78  system_stm32f10x.o(i.SystemInit)
    TIM_Cmd                                  0x08003781   Thumb Code    24  stm32f10x_tim.o(i.TIM_Cmd)
    TIM_InternalClockConfig                  0x08003799   Thumb Code    12  stm32f10x_tim.o(i.TIM_InternalClockConfig)
    TIM_OC3Init                              0x080037a5   Thumb Code   150  stm32f10x_tim.o(i.TIM_OC3Init)
    TIM_OCStructInit                         0x08003845   Thumb Code    20  stm32f10x_tim.o(i.TIM_OCStructInit)
    TIM_SetCompare3                          0x08003859   Thumb Code     4  stm32f10x_tim.o(i.TIM_SetCompare3)
    TIM_TimeBaseInit                         0x0800385d   Thumb Code   122  stm32f10x_tim.o(i.TIM_TimeBaseInit)
    Temperature_Humidity_Alert               0x08003901   Thumb Code   174  main.o(i.Temperature_Humidity_Alert)
    USART_ClearFlag                          0x080039c5   Thumb Code    18  stm32f10x_usart.o(i.USART_ClearFlag)
    USART_Cmd                                0x080039d7   Thumb Code    24  stm32f10x_usart.o(i.USART_Cmd)
    USART_GetFlagStatus                      0x080039ef   Thumb Code    26  stm32f10x_usart.o(i.USART_GetFlagStatus)
    USART_Init                               0x08003a09   Thumb Code   210  stm32f10x_usart.o(i.USART_Init)
    USART_ReceiveData                        0x08003ae1   Thumb Code    10  stm32f10x_usart.o(i.USART_ReceiveData)
    USART_SendData                           0x08003aeb   Thumb Code     8  stm32f10x_usart.o(i.USART_SendData)
    UsageFault_Handler                       0x08003af3   Thumb Code     4  stm32f10x_it.o(i.UsageFault_Handler)
    __ARM_fpclassify                         0x08003af7   Thumb Code    40  fpclassify.o(i.__ARM_fpclassify)
    __kernel_poly                            0x08003b1f   Thumb Code   170  poly.o(i.__kernel_poly)
    __mathlib_dbl_divzero                    0x08003bc9   Thumb Code    12  dunder.o(i.__mathlib_dbl_divzero)
    __mathlib_dbl_infnan2                    0x08003bd9   Thumb Code     4  dunder.o(i.__mathlib_dbl_infnan2)
    __mathlib_dbl_invalid                    0x08003bdd   Thumb Code    12  dunder.o(i.__mathlib_dbl_invalid)
    __mathlib_dbl_overflow                   0x08003be9   Thumb Code    14  dunder.o(i.__mathlib_dbl_overflow)
    __mathlib_dbl_underflow                  0x08003bf9   Thumb Code    10  dunder.o(i.__mathlib_dbl_underflow)
    _is_digit                                0x08003c09   Thumb Code    14  __printf_wp.o(i._is_digit)
    main                                     0x08003c19   Thumb Code   402  main.o(i.main)
    pow                                      0x08003dc9   Thumb Code  2512  pow.o(i.pow)
    sqrt                                     0x080047a1   Thumb Code    76  sqrt.o(i.sqrt)
    _get_lc_numeric                          0x080047ed   Thumb Code    44  lc_numeric_c.o(locale$$code)
    _get_lc_ctype                            0x08004819   Thumb Code    44  lc_ctype_c.o(locale$$code)
    __aeabi_d2f                              0x08004845   Thumb Code     0  d2f.o(x$fpl$d2f)
    _d2f                                     0x08004845   Thumb Code    98  d2f.o(x$fpl$d2f)
    __aeabi_dadd                             0x080048a9   Thumb Code     0  daddsub_clz.o(x$fpl$dadd)
    _dadd                                    0x080048a9   Thumb Code   332  daddsub_clz.o(x$fpl$dadd)
    __fpl_dcheck_NaN1                        0x080049f9   Thumb Code    10  dcheck1.o(x$fpl$dcheck1)
    __fpl_dcmp_Inf                           0x08004a09   Thumb Code    24  dcmpi.o(x$fpl$dcmpinf)
    __aeabi_ddiv                             0x08004a21   Thumb Code     0  ddiv.o(x$fpl$ddiv)
    _ddiv                                    0x08004a21   Thumb Code   552  ddiv.o(x$fpl$ddiv)
    __aeabi_i2d                              0x08004cd1   Thumb Code     0  dflt_clz.o(x$fpl$dflt)
    _dflt                                    0x08004cd1   Thumb Code    46  dflt_clz.o(x$fpl$dflt)
    __aeabi_cdcmple                          0x08004d01   Thumb Code     0  dleqf.o(x$fpl$dleqf)
    _dcmple                                  0x08004d01   Thumb Code   120  dleqf.o(x$fpl$dleqf)
    __fpl_dcmple_InfNaN                      0x08004d63   Thumb Code     0  dleqf.o(x$fpl$dleqf)
    __aeabi_dmul                             0x08004d79   Thumb Code     0  dmul.o(x$fpl$dmul)
    _dmul                                    0x08004d79   Thumb Code   332  dmul.o(x$fpl$dmul)
    __fpl_dnaninf                            0x08004ecd   Thumb Code   156  dnaninf.o(x$fpl$dnaninf)
    __fpl_dretinf                            0x08004f69   Thumb Code    12  dretinf.o(x$fpl$dretinf)
    __aeabi_cdrcmple                         0x08004f75   Thumb Code     0  drleqf.o(x$fpl$drleqf)
    _drcmple                                 0x08004f75   Thumb Code   108  drleqf.o(x$fpl$drleqf)
    __aeabi_drsub                            0x08004fe1   Thumb Code     0  daddsub_clz.o(x$fpl$drsb)
    _drsb                                    0x08004fe1   Thumb Code    22  daddsub_clz.o(x$fpl$drsb)
    _dsqrt                                   0x08004ff9   Thumb Code   456  dsqrt_noumaal.o(x$fpl$dsqrt)
    __aeabi_dsub                             0x080051c5   Thumb Code     0  daddsub_clz.o(x$fpl$dsub)
    _dsub                                    0x080051c5   Thumb Code   464  daddsub_clz.o(x$fpl$dsub)
    __aeabi_f2d                              0x08005399   Thumb Code     0  f2d.o(x$fpl$f2d)
    _f2d                                     0x08005399   Thumb Code    86  f2d.o(x$fpl$f2d)
    __aeabi_fadd                             0x080053f1   Thumb Code     0  faddsub_clz.o(x$fpl$fadd)
    _fadd                                    0x080053f1   Thumb Code   196  faddsub_clz.o(x$fpl$fadd)
    __fpl_fcmp_Inf                           0x080054b5   Thumb Code    24  fcmpi.o(x$fpl$fcmpinf)
    __aeabi_fdiv                             0x080054cd   Thumb Code     0  fdiv.o(x$fpl$fdiv)
    _fdiv                                    0x080054cd   Thumb Code   384  fdiv.o(x$fpl$fdiv)
    __aeabi_f2uiz                            0x08005651   Thumb Code     0  ffixu.o(x$fpl$ffixu)
    _ffixu                                   0x08005651   Thumb Code    62  ffixu.o(x$fpl$ffixu)
    __aeabi_ui2f                             0x08005691   Thumb Code     0  fflt_clz.o(x$fpl$ffltu)
    _ffltu                                   0x08005691   Thumb Code    38  fflt_clz.o(x$fpl$ffltu)
    __aeabi_cfcmple                          0x080056b9   Thumb Code     0  fleqf.o(x$fpl$fleqf)
    _fcmple                                  0x080056b9   Thumb Code   104  fleqf.o(x$fpl$fleqf)
    __fpl_fcmple_InfNaN                      0x0800570b   Thumb Code     0  fleqf.o(x$fpl$fleqf)
    __aeabi_fmul                             0x08005721   Thumb Code     0  fmul.o(x$fpl$fmul)
    _fmul                                    0x08005721   Thumb Code   258  fmul.o(x$fpl$fmul)
    __fpl_fnaninf                            0x08005823   Thumb Code   140  fnaninf.o(x$fpl$fnaninf)
    __fpl_fretinf                            0x080058af   Thumb Code    10  fretinf.o(x$fpl$fretinf)
    __aeabi_frsub                            0x080058b9   Thumb Code     0  faddsub_clz.o(x$fpl$frsb)
    _frsb                                    0x080058b9   Thumb Code    20  faddsub_clz.o(x$fpl$frsb)
    __aeabi_fsub                             0x080058cd   Thumb Code     0  faddsub_clz.o(x$fpl$fsub)
    _fsub                                    0x080058cd   Thumb Code   234  faddsub_clz.o(x$fpl$fsub)
    _printf_fp_dec                           0x080059b7   Thumb Code     4  printf1.o(x$fpl$printf1)
    _printf_fp_hex                           0x080059bb   Thumb Code     4  printf2.o(x$fpl$printf2)
    __fpl_return_NaN                         0x080059bf   Thumb Code   100  retnan.o(x$fpl$retnan)
    __ARM_scalbn                             0x08005a23   Thumb Code    92  scalbn.o(x$fpl$scalbn)
    __fpl_cmpreturn                          0x08005a7f   Thumb Code    48  trapv.o(x$fpl$trapveneer)
    OLED_F8x16                               0x08005aae   Data        1520  oled.o(.constdata)
    __I$use$fp                               0x08005aae   Number         0  usenofp.o(x$fpl$usenofp)
    Hzk1                                     0x0800609e   Data        1152  oled.o(.constdata)
    Hzk11                                    0x0800651e   Data         224  oled.o(.constdata)
    Hzk2                                     0x080065fe   Data          72  oled.o(.constdata)
    Hzk3                                     0x08006646   Data         128  oled.o(.constdata)
    Hzk4                                     0x080066c6   Data         512  oled.o(.constdata)
    _monlen                                  0x08006991   Data          12  _monlen.o(.constdata)
    __mathlib_zero                           0x080069a0   Data           8  qnan.o(.constdata)
    Region$$Table$$Base                      0x08006a64   Number         0  anon$$obj.o(Region$$Table)
    Region$$Table$$Limit                     0x08006a84   Number         0  anon$$obj.o(Region$$Table)
    __ctype                                  0x08006aad   Data           0  lc_ctype_c.o(locale$$data)
    value                                    0x20000014   Data           2  main.o(.data)
    temp                                     0x20000016   Data           1  main.o(.data)
    humi                                     0x20000017   Data           1  main.o(.data)
    MyRTC_Time                               0x20000018   Data          12  main.o(.data)
    KeyNum                                   0x20000024   Data           1  main.o(.data)
    Hour                                     0x20000025   Data           1  main.o(.data)
    Min                                      0x20000026   Data           1  main.o(.data)
    Sec                                      0x20000027   Data           1  main.o(.data)
    Flag_Count                               0x20000028   Data           1  main.o(.data)
    Flag_Change                              0x20000029   Data           1  main.o(.data)
    RxData                                   0x2000002a   Data           1  main.o(.data)
    BluetoothControl                         0x2000002b   Data           1  main.o(.data)
    SendDataTimer                            0x2000002c   Data           2  main.o(.data)
    SendDataFlag                             0x2000002e   Data           1  main.o(.data)
    ppm                                      0x20000030   Data           4  main.o(.data)
    LastRxData                               0x20000034   Data           1  main.o(.data)
    NeedSendFullStatus                       0x20000035   Data           1  main.o(.data)
    SendDelayCounter                         0x20000036   Data           1  main.o(.data)
    BluetoothCommDelay                       0x20000037   Data           1  main.o(.data)
    StopAllSending                           0x20000038   Data           1  main.o(.data)
    __libspace_start                         0x20000068   Data          96  libspace.o(.bss)
    __temporary_stack_top$libspace           0x200000c8   Data           0  libspace.o(.bss)



==============================================================================

Memory Map of the image

  Image Entry point : 0x080000ed

  Load Region LR_IROM1 (Base: 0x08000000, Size: 0x00006bec, Max: 0x00010000, ABSOLUTE)

    Execution Region ER_IROM1 (Exec base: 0x08000000, Load base: 0x08000000, Size: 0x00006bb0, Max: 0x00010000, ABSOLUTE)

    Exec Addr    Load Addr    Size         Type   Attr      Idx    E Section Name        Object

    0x08000000   0x08000000   0x000000ec   Data   RO            3    RESET               startup_stm32f10x_md.o
    0x080000ec   0x080000ec   0x00000008   Code   RO         3942  * !!!main             c_w.l(__main.o)
    0x080000f4   0x080000f4   0x00000034   Code   RO         4382    !!!scatter          c_w.l(__scatter.o)
    0x08000128   0x08000128   0x0000001a   Code   RO         4384    !!handler_copy      c_w.l(__scatter_copy.o)
    0x08000142   0x08000142   0x00000002   PAD
    0x08000144   0x08000144   0x0000001c   Code   RO         4386    !!handler_zi        c_w.l(__scatter_zi.o)
    0x08000160   0x08000160   0x00000000   Code   RO         4072    .ARM.Collect$$_printf_percent$$00000000  c_w.l(_printf_percent.o)
    0x08000160   0x08000160   0x00000006   Code   RO         4061    .ARM.Collect$$_printf_percent$$00000001  c_w.l(_printf_n.o)
    0x08000166   0x08000166   0x00000006   Code   RO         4063    .ARM.Collect$$_printf_percent$$00000002  c_w.l(_printf_p.o)
    0x0800016c   0x0800016c   0x00000006   Code   RO         4068    .ARM.Collect$$_printf_percent$$00000003  c_w.l(_printf_f.o)
    0x08000172   0x08000172   0x00000006   Code   RO         4069    .ARM.Collect$$_printf_percent$$00000004  c_w.l(_printf_e.o)
    0x08000178   0x08000178   0x00000006   Code   RO         4070    .ARM.Collect$$_printf_percent$$00000005  c_w.l(_printf_g.o)
    0x0800017e   0x0800017e   0x00000006   Code   RO         4071    .ARM.Collect$$_printf_percent$$00000006  c_w.l(_printf_a.o)
    0x08000184   0x08000184   0x0000000a   Code   RO         4076    .ARM.Collect$$_printf_percent$$00000007  c_w.l(_printf_ll.o)
    0x0800018e   0x0800018e   0x00000006   Code   RO         4065    .ARM.Collect$$_printf_percent$$00000008  c_w.l(_printf_i.o)
    0x08000194   0x08000194   0x00000006   Code   RO         4066    .ARM.Collect$$_printf_percent$$00000009  c_w.l(_printf_d.o)
    0x0800019a   0x0800019a   0x00000006   Code   RO         4067    .ARM.Collect$$_printf_percent$$0000000A  c_w.l(_printf_u.o)
    0x080001a0   0x080001a0   0x00000006   Code   RO         4064    .ARM.Collect$$_printf_percent$$0000000B  c_w.l(_printf_o.o)
    0x080001a6   0x080001a6   0x00000006   Code   RO         4062    .ARM.Collect$$_printf_percent$$0000000C  c_w.l(_printf_x.o)
    0x080001ac   0x080001ac   0x00000006   Code   RO         4073    .ARM.Collect$$_printf_percent$$0000000D  c_w.l(_printf_lli.o)
    0x080001b2   0x080001b2   0x00000006   Code   RO         4074    .ARM.Collect$$_printf_percent$$0000000E  c_w.l(_printf_lld.o)
    0x080001b8   0x080001b8   0x00000006   Code   RO         4075    .ARM.Collect$$_printf_percent$$0000000F  c_w.l(_printf_llu.o)
    0x080001be   0x080001be   0x00000006   Code   RO         4080    .ARM.Collect$$_printf_percent$$00000010  c_w.l(_printf_llo.o)
    0x080001c4   0x080001c4   0x00000006   Code   RO         4081    .ARM.Collect$$_printf_percent$$00000011  c_w.l(_printf_llx.o)
    0x080001ca   0x080001ca   0x0000000a   Code   RO         4077    .ARM.Collect$$_printf_percent$$00000012  c_w.l(_printf_l.o)
    0x080001d4   0x080001d4   0x00000006   Code   RO         4059    .ARM.Collect$$_printf_percent$$00000013  c_w.l(_printf_c.o)
    0x080001da   0x080001da   0x00000006   Code   RO         4060    .ARM.Collect$$_printf_percent$$00000014  c_w.l(_printf_s.o)
    0x080001e0   0x080001e0   0x00000006   Code   RO         4078    .ARM.Collect$$_printf_percent$$00000015  c_w.l(_printf_lc.o)
    0x080001e6   0x080001e6   0x00000006   Code   RO         4079    .ARM.Collect$$_printf_percent$$00000016  c_w.l(_printf_ls.o)
    0x080001ec   0x080001ec   0x00000004   Code   RO         4182    .ARM.Collect$$_printf_percent$$00000017  c_w.l(_printf_percent_end.o)
    0x080001f0   0x080001f0   0x00000002   Code   RO         4242    .ARM.Collect$$libinit$$00000000  c_w.l(libinit.o)
    0x080001f2   0x080001f2   0x00000000   Code   RO         4257    .ARM.Collect$$libinit$$00000002  c_w.l(libinit2.o)
    0x080001f2   0x080001f2   0x00000000   Code   RO         4259    .ARM.Collect$$libinit$$00000004  c_w.l(libinit2.o)
    0x080001f2   0x080001f2   0x00000000   Code   RO         4262    .ARM.Collect$$libinit$$0000000A  c_w.l(libinit2.o)
    0x080001f2   0x080001f2   0x00000000   Code   RO         4264    .ARM.Collect$$libinit$$0000000C  c_w.l(libinit2.o)
    0x080001f2   0x080001f2   0x00000000   Code   RO         4266    .ARM.Collect$$libinit$$0000000E  c_w.l(libinit2.o)
    0x080001f2   0x080001f2   0x00000006   Code   RO         4267    .ARM.Collect$$libinit$$0000000F  c_w.l(libinit2.o)
    0x080001f8   0x080001f8   0x00000000   Code   RO         4269    .ARM.Collect$$libinit$$00000011  c_w.l(libinit2.o)
    0x080001f8   0x080001f8   0x0000000c   Code   RO         4270    .ARM.Collect$$libinit$$00000012  c_w.l(libinit2.o)
    0x08000204   0x08000204   0x00000000   Code   RO         4271    .ARM.Collect$$libinit$$00000013  c_w.l(libinit2.o)
    0x08000204   0x08000204   0x00000000   Code   RO         4273    .ARM.Collect$$libinit$$00000015  c_w.l(libinit2.o)
    0x08000204   0x08000204   0x0000000a   Code   RO         4274    .ARM.Collect$$libinit$$00000016  c_w.l(libinit2.o)
    0x0800020e   0x0800020e   0x00000000   Code   RO         4275    .ARM.Collect$$libinit$$00000017  c_w.l(libinit2.o)
    0x0800020e   0x0800020e   0x00000000   Code   RO         4277    .ARM.Collect$$libinit$$00000019  c_w.l(libinit2.o)
    0x0800020e   0x0800020e   0x00000000   Code   RO         4279    .ARM.Collect$$libinit$$0000001B  c_w.l(libinit2.o)
    0x0800020e   0x0800020e   0x00000000   Code   RO         4281    .ARM.Collect$$libinit$$0000001D  c_w.l(libinit2.o)
    0x0800020e   0x0800020e   0x00000000   Code   RO         4283    .ARM.Collect$$libinit$$0000001F  c_w.l(libinit2.o)
    0x0800020e   0x0800020e   0x00000000   Code   RO         4285    .ARM.Collect$$libinit$$00000021  c_w.l(libinit2.o)
    0x0800020e   0x0800020e   0x00000000   Code   RO         4287    .ARM.Collect$$libinit$$00000023  c_w.l(libinit2.o)
    0x0800020e   0x0800020e   0x00000000   Code   RO         4289    .ARM.Collect$$libinit$$00000025  c_w.l(libinit2.o)
    0x0800020e   0x0800020e   0x00000000   Code   RO         4293    .ARM.Collect$$libinit$$0000002C  c_w.l(libinit2.o)
    0x0800020e   0x0800020e   0x00000000   Code   RO         4295    .ARM.Collect$$libinit$$0000002E  c_w.l(libinit2.o)
    0x0800020e   0x0800020e   0x00000000   Code   RO         4297    .ARM.Collect$$libinit$$00000030  c_w.l(libinit2.o)
    0x0800020e   0x0800020e   0x00000000   Code   RO         4299    .ARM.Collect$$libinit$$00000032  c_w.l(libinit2.o)
    0x0800020e   0x0800020e   0x00000002   Code   RO         4300    .ARM.Collect$$libinit$$00000033  c_w.l(libinit2.o)
    0x08000210   0x08000210   0x00000002   Code   RO         4322    .ARM.Collect$$libshutdown$$00000000  c_w.l(libshutdown.o)
    0x08000212   0x08000212   0x00000000   Code   RO         4335    .ARM.Collect$$libshutdown$$00000002  c_w.l(libshutdown2.o)
    0x08000212   0x08000212   0x00000000   Code   RO         4337    .ARM.Collect$$libshutdown$$00000004  c_w.l(libshutdown2.o)
    0x08000212   0x08000212   0x00000000   Code   RO         4340    .ARM.Collect$$libshutdown$$00000007  c_w.l(libshutdown2.o)
    0x08000212   0x08000212   0x00000000   Code   RO         4343    .ARM.Collect$$libshutdown$$0000000A  c_w.l(libshutdown2.o)
    0x08000212   0x08000212   0x00000000   Code   RO         4345    .ARM.Collect$$libshutdown$$0000000C  c_w.l(libshutdown2.o)
    0x08000212   0x08000212   0x00000000   Code   RO         4348    .ARM.Collect$$libshutdown$$0000000F  c_w.l(libshutdown2.o)
    0x08000212   0x08000212   0x00000002   Code   RO         4349    .ARM.Collect$$libshutdown$$00000010  c_w.l(libshutdown2.o)
    0x08000214   0x08000214   0x00000000   Code   RO         3988    .ARM.Collect$$rtentry$$00000000  c_w.l(__rtentry.o)
    0x08000214   0x08000214   0x00000000   Code   RO         4148    .ARM.Collect$$rtentry$$00000002  c_w.l(__rtentry2.o)
    0x08000214   0x08000214   0x00000006   Code   RO         4160    .ARM.Collect$$rtentry$$00000004  c_w.l(__rtentry4.o)
    0x0800021a   0x0800021a   0x00000000   Code   RO         4150    .ARM.Collect$$rtentry$$00000009  c_w.l(__rtentry2.o)
    0x0800021a   0x0800021a   0x00000004   Code   RO         4151    .ARM.Collect$$rtentry$$0000000A  c_w.l(__rtentry2.o)
    0x0800021e   0x0800021e   0x00000000   Code   RO         4153    .ARM.Collect$$rtentry$$0000000C  c_w.l(__rtentry2.o)
    0x0800021e   0x0800021e   0x00000008   Code   RO         4154    .ARM.Collect$$rtentry$$0000000D  c_w.l(__rtentry2.o)
    0x08000226   0x08000226   0x00000002   Code   RO         4249    .ARM.Collect$$rtexit$$00000000  c_w.l(rtexit.o)
    0x08000228   0x08000228   0x00000000   Code   RO         4304    .ARM.Collect$$rtexit$$00000002  c_w.l(rtexit2.o)
    0x08000228   0x08000228   0x00000004   Code   RO         4305    .ARM.Collect$$rtexit$$00000003  c_w.l(rtexit2.o)
    0x0800022c   0x0800022c   0x00000006   Code   RO         4306    .ARM.Collect$$rtexit$$00000004  c_w.l(rtexit2.o)
    0x08000232   0x08000232   0x00000002   PAD
    0x08000234   0x08000234   0x00000040   Code   RO            4    .text               startup_stm32f10x_md.o
    0x08000274   0x08000274   0x00000024   Code   RO         3931    .text               c_w.l(vsprintf.o)
    0x08000298   0x08000298   0x00000064   Code   RO         3933    .text               c_w.l(rt_memcpy_w.o)
    0x080002fc   0x080002fc   0x0000000c   Code   RO         3935    .text               c_w.l(localtime.o)
    0x08000308   0x08000308   0x000001ac   Code   RO         3938    .text               c_w.l(mktime.o)
    0x080004b4   0x080004b4   0x00000006   Code   RO         3940    .text               c_w.l(heapauxi.o)
    0x080004ba   0x080004ba   0x00000016   Code   RO         3989    .text               c_w.l(_rserrno.o)
    0x080004d0   0x080004d0   0x0000004e   Code   RO         3993    .text               c_w.l(_printf_pad.o)
    0x0800051e   0x0800051e   0x00000024   Code   RO         3995    .text               c_w.l(_printf_truncate.o)
    0x08000542   0x08000542   0x00000052   Code   RO         3997    .text               c_w.l(_printf_str.o)
    0x08000594   0x08000594   0x00000078   Code   RO         3999    .text               c_w.l(_printf_dec.o)
    0x0800060c   0x0800060c   0x00000028   Code   RO         4001    .text               c_w.l(_printf_charcount.o)
    0x08000634   0x08000634   0x00000030   Code   RO         4003    .text               c_w.l(_printf_char_common.o)
    0x08000664   0x08000664   0x0000000a   Code   RO         4005    .text               c_w.l(_sputc.o)
    0x0800066e   0x0800066e   0x00000002   PAD
    0x08000670   0x08000670   0x000000bc   Code   RO         4007    .text               c_w.l(_printf_wctomb.o)
    0x0800072c   0x0800072c   0x0000007c   Code   RO         4010    .text               c_w.l(_printf_longlong_dec.o)
    0x080007a8   0x080007a8   0x00000070   Code   RO         4016    .text               c_w.l(_printf_oct_int_ll.o)
    0x08000818   0x08000818   0x00000094   Code   RO         4036    .text               c_w.l(_printf_hex_int_ll_ptr.o)
    0x080008ac   0x080008ac   0x00000188   Code   RO         4056    .text               c_w.l(__printf_flags_ss_wp.o)
    0x08000a34   0x08000a34   0x000000b8   Code   RO         4083    .text               c_w.l(localtime_internal.o)
    0x08000aec   0x08000aec   0x00000008   Code   RO         4165    .text               c_w.l(rt_errno_addr_intlibspace.o)
    0x08000af4   0x08000af4   0x0000008a   Code   RO         4167    .text               c_w.l(lludiv10.o)
    0x08000b7e   0x08000b7e   0x000000b2   Code   RO         4169    .text               c_w.l(_printf_intcommon.o)
    0x08000c30   0x08000c30   0x0000041e   Code   RO         4171    .text               c_w.l(_printf_fp_dec.o)
    0x0800104e   0x0800104e   0x00000002   PAD
    0x08001050   0x08001050   0x000002fc   Code   RO         4173    .text               c_w.l(_printf_fp_hex.o)
    0x0800134c   0x0800134c   0x0000002c   Code   RO         4178    .text               c_w.l(_printf_char.o)
    0x08001378   0x08001378   0x0000002c   Code   RO         4180    .text               c_w.l(_printf_wchar.o)
    0x080013a4   0x080013a4   0x00000040   Code   RO         4183    .text               c_w.l(_wcrtomb.o)
    0x080013e4   0x080013e4   0x0000004e   Code   RO         4185    .text               c_w.l(rt_memclr_w.o)
    0x08001432   0x08001432   0x00000002   PAD
    0x08001434   0x08001434   0x00000008   Code   RO         4193    .text               c_w.l(libspace.o)
    0x0800143c   0x0800143c   0x0000004a   Code   RO         4196    .text               c_w.l(sys_stackheap_outer.o)
    0x08001486   0x08001486   0x00000002   PAD
    0x08001488   0x08001488   0x00000010   Code   RO         4198    .text               c_w.l(rt_ctype_table.o)
    0x08001498   0x08001498   0x00000008   Code   RO         4203    .text               c_w.l(rt_locale_intlibspace.o)
    0x080014a0   0x080014a0   0x00000080   Code   RO         4205    .text               c_w.l(_printf_fp_infnan.o)
    0x08001520   0x08001520   0x000000e4   Code   RO         4207    .text               c_w.l(bigflt0.o)
    0x08001604   0x08001604   0x00000012   Code   RO         4235    .text               c_w.l(exit.o)
    0x08001616   0x08001616   0x00000002   PAD
    0x08001618   0x08001618   0x00000080   Code   RO         4254    .text               c_w.l(strcmpv7m.o)
    0x08001698   0x08001698   0x0000000c   Code   RO         4314    .text               c_w.l(sys_exit.o)
    0x080016a4   0x080016a4   0x00000002   Code   RO         4325    .text               c_w.l(use_no_semi.o)
    0x080016a6   0x080016a6   0x00000000   Code   RO         4327    .text               c_w.l(indicate_semi.o)
    0x080016a6   0x080016a6   0x0000003e   Code   RO         4210    CL$$btod_d2e        c_w.l(btod.o)
    0x080016e4   0x080016e4   0x00000046   Code   RO         4212    CL$$btod_d2e_denorm_low  c_w.l(btod.o)
    0x0800172a   0x0800172a   0x00000060   Code   RO         4211    CL$$btod_d2e_norm_op1  c_w.l(btod.o)
    0x0800178a   0x0800178a   0x00000338   Code   RO         4220    CL$$btod_div_common  c_w.l(btod.o)
    0x08001ac2   0x08001ac2   0x000000dc   Code   RO         4217    CL$$btod_e2e        c_w.l(btod.o)
    0x08001b9e   0x08001b9e   0x0000002a   Code   RO         4214    CL$$btod_ediv       c_w.l(btod.o)
    0x08001bc8   0x08001bc8   0x0000002a   Code   RO         4213    CL$$btod_emul       c_w.l(btod.o)
    0x08001bf2   0x08001bf2   0x00000244   Code   RO         4219    CL$$btod_mult_common  c_w.l(btod.o)
    0x08001e36   0x08001e36   0x00000016   Code   RO          202    i.ADC_Cmd           stm32f10x_adc.o
    0x08001e4c   0x08001e4c   0x00000014   Code   RO          210    i.ADC_GetCalibrationStatus  stm32f10x_adc.o
    0x08001e60   0x08001e60   0x00000008   Code   RO          211    i.ADC_GetConversionValue  stm32f10x_adc.o
    0x08001e68   0x08001e68   0x00000012   Code   RO          213    i.ADC_GetFlagStatus  stm32f10x_adc.o
    0x08001e7a   0x08001e7a   0x00000014   Code   RO          216    i.ADC_GetResetCalibrationStatus  stm32f10x_adc.o
    0x08001e8e   0x08001e8e   0x00000002   PAD
    0x08001e90   0x08001e90   0x00000034   Code   RO         3337    i.ADC_GetValue      adc.o
    0x08001ec4   0x08001ec4   0x00000050   Code   RO          220    i.ADC_Init          stm32f10x_adc.o
    0x08001f14   0x08001f14   0x000000b8   Code   RO          224    i.ADC_RegularChannelConfig  stm32f10x_adc.o
    0x08001fcc   0x08001fcc   0x0000000a   Code   RO          225    i.ADC_ResetCalibration  stm32f10x_adc.o
    0x08001fd6   0x08001fd6   0x00000016   Code   RO          227    i.ADC_SoftwareStartConvCmd  stm32f10x_adc.o
    0x08001fec   0x08001fec   0x0000000a   Code   RO          229    i.ADC_StartCalibration  stm32f10x_adc.o
    0x08001ff6   0x08001ff6   0x00000002   PAD
    0x08001ff8   0x08001ff8   0x0000006c   Code   RO         3338    i.ADCx_Init         adc.o
    0x08002064   0x08002064   0x00000034   Code   RO         3633    i.BEEP_Init         beep.o
    0x08002098   0x08002098   0x00000010   Code   RO         3634    i.BEEP_Off          beep.o
    0x080020a8   0x080020a8   0x00000010   Code   RO         3635    i.BEEP_On           beep.o
    0x080020b8   0x080020b8   0x0000001c   Code   RO          431    i.BKP_ReadBackupRegister  stm32f10x_bkp.o
    0x080020d4   0x080020d4   0x0000001c   Code   RO          435    i.BKP_WriteBackupRegister  stm32f10x_bkp.o
    0x080020f0   0x080020f0   0x00000144   Code   RO         3772    i.Bluetooth_Control  main.o
    0x08002234   0x08002234   0x00000004   Code   RO         3860    i.BusFault_Handler  stm32f10x_it.o
    0x08002238   0x08002238   0x0000005c   Code   RO         3358    i.DHT11_Check       dth11.o
    0x08002294   0x08002294   0x00000040   Code   RO         3359    i.DHT11_Init        dth11.o
    0x080022d4   0x080022d4   0x00000038   Code   RO         3360    i.DHT11_Mode        dth11.o
    0x0800230c   0x0800230c   0x0000005c   Code   RO         3361    i.DHT11_Read_Bit    dth11.o
    0x08002368   0x08002368   0x0000001e   Code   RO         3362    i.DHT11_Read_Byte   dth11.o
    0x08002386   0x08002386   0x00000058   Code   RO         3363    i.DHT11_Read_Data   dth11.o
    0x080023de   0x080023de   0x00000002   PAD
    0x080023e0   0x080023e0   0x00000030   Code   RO         3364    i.DHT11_Rst         dth11.o
    0x08002410   0x08002410   0x00000002   Code   RO         3861    i.DebugMon_Handler  stm32f10x_it.o
    0x08002412   0x08002412   0x00000018   Code   RO         3196    i.Delay_ms          delay.o
    0x0800242a   0x0800242a   0x0000002e   Code   RO         3198    i.Delay_us          delay.o
    0x08002458   0x08002458   0x0000002c   Code   RO         3660    i.FAN_gpio          fan.o
    0x08002484   0x08002484   0x00000094   Code   RO         3661    i.Fan_PWM_Init      fan.o
    0x08002518   0x08002518   0x00000044   Code   RO         3663    i.Fan_SetSpeed      fan.o
    0x0800255c   0x0800255c   0x00000116   Code   RO         1347    i.GPIO_Init         stm32f10x_gpio.o
    0x08002672   0x08002672   0x00000012   Code   RO         1351    i.GPIO_ReadInputDataBit  stm32f10x_gpio.o
    0x08002684   0x08002684   0x00000004   Code   RO         1354    i.GPIO_ResetBits    stm32f10x_gpio.o
    0x08002688   0x08002688   0x00000004   Code   RO         1355    i.GPIO_SetBits      stm32f10x_gpio.o
    0x0800268c   0x0800268c   0x0000000a   Code   RO         1358    i.GPIO_WriteBit     stm32f10x_gpio.o
    0x08002696   0x08002696   0x00000002   PAD
    0x08002698   0x08002698   0x00000084   Code   RO         3773    i.Handle_Serial_Data  main.o
    0x0800271c   0x0800271c   0x00000004   Code   RO         3862    i.HardFault_Handler  stm32f10x_it.o
    0x08002720   0x08002720   0x00000114   Code   RO         3774    i.Key_Control       main.o
    0x08002834   0x08002834   0x000000dc   Code   RO         3412    i.Key_GetNum        key.o
    0x08002910   0x08002910   0x0000002c   Code   RO         3413    i.Key_Init          key.o
    0x0800293c   0x0800293c   0x00000014   Code   RO         3603    i.LED1_OFF          led.o
    0x08002950   0x08002950   0x00000014   Code   RO         3604    i.LED1_ON           led.o
    0x08002964   0x08002964   0x00000034   Code   RO         3605    i.LED_Init          led.o
    0x08002998   0x08002998   0x0000000c   Code   RO         3563    i.MQ2_ADC_Read      mq2.o
    0x080029a4   0x080029a4   0x000000ec   Code   RO         3565    i.MQ2_GetData_PPM   mq2.o
    0x08002a90   0x08002a90   0x00000028   Code   RO         3566    i.MQ2_Init          mq2.o
    0x08002ab8   0x08002ab8   0x00000004   Code   RO         3863    i.MemManage_Handler  stm32f10x_it.o
    0x08002abc   0x08002abc   0x0000007e   Code   RO         3220    i.MyRTC_Init        myrtc.o
    0x08002b3a   0x08002b3a   0x00000002   PAD
    0x08002b3c   0x08002b3c   0x00000048   Code   RO         3221    i.MyRTC_ReadTime    myrtc.o
    0x08002b84   0x08002b84   0x0000004c   Code   RO         3222    i.MyRTC_SetTime     myrtc.o
    0x08002bd0   0x08002bd0   0x00000002   Code   RO         3864    i.NMI_Handler       stm32f10x_it.o
    0x08002bd2   0x08002bd2   0x0000002a   Code   RO         3430    i.OLED_Clear        oled.o
    0x08002bfc   0x08002bfc   0x00000050   Code   RO         3432    i.OLED_I2C_Init     oled.o
    0x08002c4c   0x08002c4c   0x0000005c   Code   RO         3433    i.OLED_I2C_SendByte  oled.o
    0x08002ca8   0x08002ca8   0x00000034   Code   RO         3434    i.OLED_I2C_Start    oled.o
    0x08002cdc   0x08002cdc   0x00000028   Code   RO         3435    i.OLED_I2C_Stop     oled.o
    0x08002d04   0x08002d04   0x000000ae   Code   RO         3436    i.OLED_Init         oled.o
    0x08002db2   0x08002db2   0x00000014   Code   RO         3437    i.OLED_Pow          oled.o
    0x08002dc6   0x08002dc6   0x00000022   Code   RO         3438    i.OLED_SetCursor    oled.o
    0x08002de8   0x08002de8   0x00000074   Code   RO         3440    i.OLED_ShowChar     oled.o
    0x08002e5c   0x08002e5c   0x0000006c   Code   RO         3441    i.OLED_ShowChinese  oled.o
    0x08002ec8   0x08002ec8   0x00000096   Code   RO         3443    i.OLED_ShowFloat    oled.o
    0x08002f5e   0x08002f5e   0x00000054   Code   RO         3444    i.OLED_ShowHexNum   oled.o
    0x08002fb2   0x08002fb2   0x00000044   Code   RO         3445    i.OLED_ShowNum      oled.o
    0x08002ff6   0x08002ff6   0x00000028   Code   RO         3447    i.OLED_ShowString   oled.o
    0x0800301e   0x0800301e   0x00000020   Code   RO         3448    i.OLED_WriteCommand  oled.o
    0x0800303e   0x0800303e   0x00000020   Code   RO         3449    i.OLED_WriteData    oled.o
    0x0800305e   0x0800305e   0x00000002   PAD
    0x08003060   0x08003060   0x0000000c   Code   RO         1710    i.PWR_BackupAccessCmd  stm32f10x_pwr.o
    0x0800306c   0x0800306c   0x00000002   Code   RO         3865    i.PendSV_Handler    stm32f10x_it.o
    0x0800306e   0x0800306e   0x00000002   PAD
    0x08003070   0x08003070   0x00000034   Code   RO         3775    i.Process_Bluetooth_Command  main.o
    0x080030a4   0x080030a4   0x00000018   Code   RO         1773    i.RCC_ADCCLKConfig  stm32f10x_rcc.o
    0x080030bc   0x080030bc   0x00000020   Code   RO         1775    i.RCC_APB1PeriphClockCmd  stm32f10x_rcc.o
    0x080030dc   0x080030dc   0x00000020   Code   RO         1777    i.RCC_APB2PeriphClockCmd  stm32f10x_rcc.o
    0x080030fc   0x080030fc   0x000000d4   Code   RO         1785    i.RCC_GetClocksFreq  stm32f10x_rcc.o
    0x080031d0   0x080031d0   0x0000003c   Code   RO         1786    i.RCC_GetFlagStatus  stm32f10x_rcc.o
    0x0800320c   0x0800320c   0x00000034   Code   RO         1793    i.RCC_LSEConfig     stm32f10x_rcc.o
    0x08003240   0x08003240   0x0000000c   Code   RO         1800    i.RCC_RTCCLKCmd     stm32f10x_rcc.o
    0x0800324c   0x0800324c   0x00000010   Code   RO         1801    i.RCC_RTCCLKConfig  stm32f10x_rcc.o
    0x0800325c   0x0800325c   0x00000010   Code   RO         1977    i.RTC_ClearITPendingBit  stm32f10x_rtc.o
    0x0800326c   0x0800326c   0x00000014   Code   RO         1978    i.RTC_EnterConfigMode  stm32f10x_rtc.o
    0x08003280   0x08003280   0x00000014   Code   RO         1979    i.RTC_ExitConfigMode  stm32f10x_rtc.o
    0x08003294   0x08003294   0x00000014   Code   RO         1980    i.RTC_GetCounter    stm32f10x_rtc.o
    0x080032a8   0x080032a8   0x00000024   Code   RO         1983    i.RTC_GetITStatus   stm32f10x_rtc.o
    0x080032cc   0x080032cc   0x00000016   Code   RO         3866    i.RTC_IRQHandler    stm32f10x_it.o
    0x080032e2   0x080032e2   0x00000002   PAD
    0x080032e4   0x080032e4   0x00000020   Code   RO         1984    i.RTC_ITConfig      stm32f10x_rtc.o
    0x08003304   0x08003304   0x0000001c   Code   RO         1986    i.RTC_SetCounter    stm32f10x_rtc.o
    0x08003320   0x08003320   0x00000020   Code   RO         1987    i.RTC_SetPrescaler  stm32f10x_rtc.o
    0x08003340   0x08003340   0x00000014   Code   RO         1988    i.RTC_WaitForLastTask  stm32f10x_rtc.o
    0x08003354   0x08003354   0x00000024   Code   RO         1989    i.RTC_WaitForSynchro  stm32f10x_rtc.o
    0x08003378   0x08003378   0x00000002   Code   RO         3867    i.SVC_Handler       stm32f10x_it.o
    0x0800337a   0x0800337a   0x00000002   PAD
    0x0800337c   0x0800337c   0x00000134   Code   RO         3776    i.Send_Full_Status  main.o
    0x080034b0   0x080034b0   0x0000009c   Code   RO         3777    i.Send_TempHumi_Data  main.o
    0x0800354c   0x0800354c   0x00000088   Code   RO         3698    i.Serial_Init       serial.o
    0x080035d4   0x080035d4   0x00000024   Code   RO         3700    i.Serial_Printf     serial.o
    0x080035f8   0x080035f8   0x00000020   Code   RO         3702    i.Serial_SendByte   serial.o
    0x08003618   0x08003618   0x0000001a   Code   RO         3704    i.Serial_SendString  serial.o
    0x08003632   0x08003632   0x00000008   Code   RO           24    i.SetSysClock       system_stm32f10x.o
    0x0800363a   0x0800363a   0x00000002   PAD
    0x0800363c   0x0800363c   0x000000e0   Code   RO           25    i.SetSysClockTo72   system_stm32f10x.o
    0x0800371c   0x0800371c   0x00000002   Code   RO         3868    i.SysTick_Handler   stm32f10x_it.o
    0x0800371e   0x0800371e   0x00000002   PAD
    0x08003720   0x08003720   0x00000060   Code   RO           27    i.SystemInit        system_stm32f10x.o
    0x08003780   0x08003780   0x00000018   Code   RO         2421    i.TIM_Cmd           stm32f10x_tim.o
    0x08003798   0x08003798   0x0000000c   Code   RO         2448    i.TIM_InternalClockConfig  stm32f10x_tim.o
    0x080037a4   0x080037a4   0x000000a0   Code   RO         2460    i.TIM_OC3Init       stm32f10x_tim.o
    0x08003844   0x08003844   0x00000014   Code   RO         2468    i.TIM_OCStructInit  stm32f10x_tim.o
    0x08003858   0x08003858   0x00000004   Code   RO         2484    i.TIM_SetCompare3   stm32f10x_tim.o
    0x0800385c   0x0800385c   0x000000a4   Code   RO         2492    i.TIM_TimeBaseInit  stm32f10x_tim.o
    0x08003900   0x08003900   0x000000c4   Code   RO         3778    i.Temperature_Humidity_Alert  main.o
    0x080039c4   0x080039c4   0x00000012   Code   RO         2956    i.USART_ClearFlag   stm32f10x_usart.o
    0x080039d6   0x080039d6   0x00000018   Code   RO         2960    i.USART_Cmd         stm32f10x_usart.o
    0x080039ee   0x080039ee   0x0000001a   Code   RO         2963    i.USART_GetFlagStatus  stm32f10x_usart.o
    0x08003a08   0x08003a08   0x000000d8   Code   RO         2967    i.USART_Init        stm32f10x_usart.o
    0x08003ae0   0x08003ae0   0x0000000a   Code   RO         2974    i.USART_ReceiveData  stm32f10x_usart.o
    0x08003aea   0x08003aea   0x00000008   Code   RO         2977    i.USART_SendData    stm32f10x_usart.o
    0x08003af2   0x08003af2   0x00000004   Code   RO         3869    i.UsageFault_Handler  stm32f10x_it.o
    0x08003af6   0x08003af6   0x00000028   Code   RO         4134    i.__ARM_fpclassify  m_ws.l(fpclassify.o)
    0x08003b1e   0x08003b1e   0x000000aa   Code   RO         4136    i.__kernel_poly     m_ws.l(poly.o)
    0x08003bc8   0x08003bc8   0x00000010   Code   RO         4120    i.__mathlib_dbl_divzero  m_ws.l(dunder.o)
    0x08003bd8   0x08003bd8   0x00000004   Code   RO         4122    i.__mathlib_dbl_infnan2  m_ws.l(dunder.o)
    0x08003bdc   0x08003bdc   0x0000000c   Code   RO         4123    i.__mathlib_dbl_invalid  m_ws.l(dunder.o)
    0x08003be8   0x08003be8   0x0000000e   Code   RO         4124    i.__mathlib_dbl_overflow  m_ws.l(dunder.o)
    0x08003bf6   0x08003bf6   0x00000002   PAD
    0x08003bf8   0x08003bf8   0x00000010   Code   RO         4126    i.__mathlib_dbl_underflow  m_ws.l(dunder.o)
    0x08003c08   0x08003c08   0x0000000e   Code   RO         4049    i._is_digit         c_w.l(__printf_wp.o)
    0x08003c16   0x08003c16   0x00000002   PAD
    0x08003c18   0x08003c18   0x000001b0   Code   RO         3779    i.main              main.o
    0x08003dc8   0x08003dc8   0x000009d8   Code   RO         3979    i.pow               m_ws.l(pow.o)
    0x080047a0   0x080047a0   0x0000004c   Code   RO         4140    i.sqrt              m_ws.l(sqrt.o)
    0x080047ec   0x080047ec   0x0000002c   Code   RO         4233    locale$$code        c_w.l(lc_numeric_c.o)
    0x08004818   0x08004818   0x0000002c   Code   RO         4252    locale$$code        c_w.l(lc_ctype_c.o)
    0x08004844   0x08004844   0x00000062   Code   RO         3944    x$fpl$d2f           fz_ws.l(d2f.o)
    0x080048a6   0x080048a6   0x00000002   PAD
    0x080048a8   0x080048a8   0x00000150   Code   RO         4085    x$fpl$dadd          fz_ws.l(daddsub_clz.o)
    0x080049f8   0x080049f8   0x00000010   Code   RO         4187    x$fpl$dcheck1       fz_ws.l(dcheck1.o)
    0x08004a08   0x08004a08   0x00000018   Code   RO         4243    x$fpl$dcmpinf       fz_ws.l(dcmpi.o)
    0x08004a20   0x08004a20   0x000002b0   Code   RO         3947    x$fpl$ddiv          fz_ws.l(ddiv.o)
    0x08004cd0   0x08004cd0   0x0000002e   Code   RO         4092    x$fpl$dflt          fz_ws.l(dflt_clz.o)
    0x08004cfe   0x08004cfe   0x00000002   PAD
    0x08004d00   0x08004d00   0x00000078   Code   RO         4189    x$fpl$dleqf         fz_ws.l(dleqf.o)
    0x08004d78   0x08004d78   0x00000154   Code   RO         3950    x$fpl$dmul          fz_ws.l(dmul.o)
    0x08004ecc   0x08004ecc   0x0000009c   Code   RO         4097    x$fpl$dnaninf       fz_ws.l(dnaninf.o)
    0x08004f68   0x08004f68   0x0000000c   Code   RO         4099    x$fpl$dretinf       fz_ws.l(dretinf.o)
    0x08004f74   0x08004f74   0x0000006c   Code   RO         4101    x$fpl$drleqf        fz_ws.l(drleqf.o)
    0x08004fe0   0x08004fe0   0x00000016   Code   RO         4086    x$fpl$drsb          fz_ws.l(daddsub_clz.o)
    0x08004ff6   0x08004ff6   0x00000002   PAD
    0x08004ff8   0x08004ff8   0x000001cc   Code   RO         4191    x$fpl$dsqrt         fz_ws.l(dsqrt_noumaal.o)
    0x080051c4   0x080051c4   0x000001d4   Code   RO         4087    x$fpl$dsub          fz_ws.l(daddsub_clz.o)
    0x08005398   0x08005398   0x00000056   Code   RO         3952    x$fpl$f2d           fz_ws.l(f2d.o)
    0x080053ee   0x080053ee   0x00000002   PAD
    0x080053f0   0x080053f0   0x000000c4   Code   RO         3954    x$fpl$fadd          fz_ws.l(faddsub_clz.o)
    0x080054b4   0x080054b4   0x00000018   Code   RO         4103    x$fpl$fcmpinf       fz_ws.l(fcmpi.o)
    0x080054cc   0x080054cc   0x00000184   Code   RO         3961    x$fpl$fdiv          fz_ws.l(fdiv.o)
    0x08005650   0x08005650   0x0000003e   Code   RO         3964    x$fpl$ffixu         fz_ws.l(ffixu.o)
    0x0800568e   0x0800568e   0x00000002   PAD
    0x08005690   0x08005690   0x00000026   Code   RO         3968    x$fpl$ffltu         fz_ws.l(fflt_clz.o)
    0x080056b6   0x080056b6   0x00000002   PAD
    0x080056b8   0x080056b8   0x00000068   Code   RO         3974    x$fpl$fleqf         fz_ws.l(fleqf.o)
    0x08005720   0x08005720   0x00000102   Code   RO         3976    x$fpl$fmul          fz_ws.l(fmul.o)
    0x08005822   0x08005822   0x0000008c   Code   RO         4105    x$fpl$fnaninf       fz_ws.l(fnaninf.o)
    0x080058ae   0x080058ae   0x0000000a   Code   RO         4107    x$fpl$fretinf       fz_ws.l(fretinf.o)
    0x080058b8   0x080058b8   0x00000014   Code   RO         3955    x$fpl$frsb          fz_ws.l(faddsub_clz.o)
    0x080058cc   0x080058cc   0x000000ea   Code   RO         3956    x$fpl$fsub          fz_ws.l(faddsub_clz.o)
    0x080059b6   0x080059b6   0x00000004   Code   RO         4109    x$fpl$printf1       fz_ws.l(printf1.o)
    0x080059ba   0x080059ba   0x00000004   Code   RO         4111    x$fpl$printf2       fz_ws.l(printf2.o)
    0x080059be   0x080059be   0x00000064   Code   RO         4247    x$fpl$retnan        fz_ws.l(retnan.o)
    0x08005a22   0x08005a22   0x0000005c   Code   RO         4117    x$fpl$scalbn        fz_ws.l(scalbn.o)
    0x08005a7e   0x08005a7e   0x00000030   Code   RO         4301    x$fpl$trapveneer    fz_ws.l(trapv.o)
    0x08005aae   0x08005aae   0x00000000   Code   RO         4119    x$fpl$usenofp       fz_ws.l(usenofp.o)
    0x08005aae   0x08005aae   0x00000e18   Data   RO         3451    .constdata          oled.o
    0x080068c6   0x080068c6   0x00000002   PAD
    0x080068c8   0x080068c8   0x00000088   Data   RO         3980    .constdata          m_ws.l(pow.o)
    0x08006950   0x08006950   0x00000008   Data   RO         4008    .constdata          c_w.l(_printf_wctomb.o)
    0x08006958   0x08006958   0x00000028   Data   RO         4037    .constdata          c_w.l(_printf_hex_int_ll_ptr.o)
    0x08006980   0x08006980   0x00000011   Data   RO         4057    .constdata          c_w.l(__printf_flags_ss_wp.o)
    0x08006991   0x08006991   0x0000000c   Data   RO         4082    .constdata          c_w.l(_monlen.o)
    0x0800699d   0x0800699d   0x00000003   PAD
    0x080069a0   0x080069a0   0x00000008   Data   RO         4138    .constdata          m_ws.l(qnan.o)
    0x080069a8   0x080069a8   0x00000026   Data   RO         4174    .constdata          c_w.l(_printf_fp_hex.o)
    0x080069ce   0x080069ce   0x00000002   PAD
    0x080069d0   0x080069d0   0x00000094   Data   RO         4208    .constdata          c_w.l(bigflt0.o)
    0x08006a64   0x08006a64   0x00000020   Data   RO         4380    Region$$Table       anon$$obj.o
    0x08006a84   0x08006a84   0x0000001c   Data   RO         4232    locale$$data        c_w.l(lc_numeric_c.o)
    0x08006aa0   0x08006aa0   0x00000110   Data   RO         4251    locale$$data        c_w.l(lc_ctype_c.o)


    Execution Region RW_IRAM1 (Exec base: 0x20000000, Load base: 0x08006bb0, Size: 0x000006c8, Max: 0x00005000, ABSOLUTE)

    Exec Addr    Load Addr    Size         Type   Attr      Idx    E Section Name        Object

    0x20000000   0x08006bb0   0x00000014   Data   RW         1805    .data               stm32f10x_rcc.o
    0x20000014   0x08006bc4   0x00000027   Data   RW         3780    .data               main.o
    0x2000003b   0x08006beb   0x00000001   PAD
    0x2000003c        -       0x0000002c   Zero   RW         3936    .bss                c_w.l(localtime.o)
    0x20000068        -       0x00000060   Zero   RW         4194    .bss                c_w.l(libspace.o)
    0x200000c8        -       0x00000200   Zero   RW            2    HEAP                startup_stm32f10x_md.o
    0x200002c8        -       0x00000400   Zero   RW            1    STACK               startup_stm32f10x_md.o


==============================================================================

Image component sizes


      Code (inc. data)   RO Data    RW Data    ZI Data      Debug   Object Name

       160          8          0          0          0       1063   adc.o
        84         14          0          0          0       1225   beep.o
         0          0          0          0          0       4492   core_cm3.o
        70          0          0          0          0        874   delay.o
       470         24          0          0          0       4005   dth11.o
       260         14          0          0          0       1497   fan.o
       264         12          0          0          0       1108   key.o
        92         16          0          0          0       1216   led.o
      1876        266          0         39          0       5819   main.o
         0          0          0          0          0     210640   misc.o
       288         32          0          0          0       1520   mq2.o
       274         10          0          0          0     232626   myrtc.o
      1164         28       3608          0          0       9859   oled.o
       230         12          0          0          0       2624   serial.o
        64         26        236          0       1536        792   startup_stm32f10x_md.o
       394         10          0          0          0      16309   stm32f10x_adc.o
        56         10          0          0          0       2007   stm32f10x_bkp.o
       314          0          0          0          0      12144   stm32f10x_gpio.o
        48          0          0          0          0       3919   stm32f10x_it.o
        12          6          0          0          0        450   stm32f10x_pwr.o
       440         58          0         20          0      15252   stm32f10x_rcc.o
       260         48          0          0          0       4532   stm32f10x_rtc.o
       384         52          0          0          0      23870   stm32f10x_tim.o
       302          6          0          0          0      10654   stm32f10x_usart.o
       328         28          0          0          0      24705   system_stm32f10x.o

    ----------------------------------------------------------------------
      7856        680       3878         60       1536     593202   Object Totals
         0          0         32          0          0          0   (incl. Generated)
        22          0          2          1          0          0   (incl. Padding)

    ----------------------------------------------------------------------

      Code (inc. data)   RO Data    RW Data    ZI Data      Debug   Library Member Name

         8          0          0          0          0         68   __main.o
       392          4         17          0          0         92   __printf_flags_ss_wp.o
        14          0          0          0          0         68   __printf_wp.o
         0          0          0          0          0          0   __rtentry.o
        12          0          0          0          0          0   __rtentry2.o
         6          0          0          0          0          0   __rtentry4.o
        52          8          0          0          0          0   __scatter.o
        26          0          0          0          0          0   __scatter_copy.o
        28          0          0          0          0          0   __scatter_zi.o
         0          0         12          0          0          0   _monlen.o
         6          0          0          0          0          0   _printf_a.o
         6          0          0          0          0          0   _printf_c.o
        44          0          0          0          0        108   _printf_char.o
        48          6          0          0          0         96   _printf_char_common.o
        40          0          0          0          0         68   _printf_charcount.o
         6          0          0          0          0          0   _printf_d.o
       120         16          0          0          0         92   _printf_dec.o
         6          0          0          0          0          0   _printf_e.o
         6          0          0          0          0          0   _printf_f.o
      1054          0          0          0          0        216   _printf_fp_dec.o
       764          8         38          0          0        100   _printf_fp_hex.o
       128         16          0          0          0         84   _printf_fp_infnan.o
         6          0          0          0          0          0   _printf_g.o
       148          4         40          0          0        160   _printf_hex_int_ll_ptr.o
         6          0          0          0          0          0   _printf_i.o
       178          0          0          0          0         88   _printf_intcommon.o
        10          0          0          0          0          0   _printf_l.o
         6          0          0          0          0          0   _printf_lc.o
        10          0          0          0          0          0   _printf_ll.o
         6          0          0          0          0          0   _printf_lld.o
         6          0          0          0          0          0   _printf_lli.o
         6          0          0          0          0          0   _printf_llo.o
         6          0          0          0          0          0   _printf_llu.o
         6          0          0          0          0          0   _printf_llx.o
       124         16          0          0          0         92   _printf_longlong_dec.o
         6          0          0          0          0          0   _printf_ls.o
         6          0          0          0          0          0   _printf_n.o
         6          0          0          0          0          0   _printf_o.o
       112         10          0          0          0        124   _printf_oct_int_ll.o
         6          0          0          0          0          0   _printf_p.o
        78          0          0          0          0        108   _printf_pad.o
         0          0          0          0          0          0   _printf_percent.o
         4          0          0          0          0          0   _printf_percent_end.o
         6          0          0          0          0          0   _printf_s.o
        82          0          0          0          0         80   _printf_str.o
        36          0          0          0          0         84   _printf_truncate.o
         6          0          0          0          0          0   _printf_u.o
        44          0          0          0          0        108   _printf_wchar.o
       188          6          8          0          0         92   _printf_wctomb.o
         6          0          0          0          0          0   _printf_x.o
        22          0          0          0          0        100   _rserrno.o
        10          0          0          0          0         68   _sputc.o
        64          0          0          0          0         92   _wcrtomb.o
       228          4        148          0          0         96   bigflt0.o
      1936        128          0          0          0        672   btod.o
        18          0          0          0          0         80   exit.o
         6          0          0          0          0        152   heapauxi.o
         0          0          0          0          0          0   indicate_semi.o
        44         10        272          0          0         76   lc_ctype_c.o
        44         10         28          0          0         76   lc_numeric_c.o
         2          0          0          0          0          0   libinit.o
        30          0          0          0          0          0   libinit2.o
         2          0          0          0          0          0   libshutdown.o
         2          0          0          0          0          0   libshutdown2.o
         8          4          0          0         96         68   libspace.o
       138          0          0          0          0         80   lludiv10.o
        12          6          0          0         44         68   localtime.o
       184          6          0          0          0         80   localtime_internal.o
       428         10          0          0          0        116   mktime.o
        16          4          0          0          0         76   rt_ctype_table.o
         8          4          0          0          0         68   rt_errno_addr_intlibspace.o
         8          4          0          0          0         68   rt_locale_intlibspace.o
        78          0          0          0          0         80   rt_memclr_w.o
       100          0          0          0          0         80   rt_memcpy_w.o
         2          0          0          0          0          0   rtexit.o
        10          0          0          0          0          0   rtexit2.o
       128          0          0          0          0         68   strcmpv7m.o
        12          4          0          0          0         68   sys_exit.o
        74          0          0          0          0         80   sys_stackheap_outer.o
         2          0          0          0          0         68   use_no_semi.o
        36          4          0          0          0         76   vsprintf.o
        98          4          0          0          0         92   d2f.o
       826         16          0          0          0        348   daddsub_clz.o
        16          4          0          0          0         68   dcheck1.o
        24          0          0          0          0         68   dcmpi.o
       688        140          0          0          0        208   ddiv.o
        46          0          0          0          0         68   dflt_clz.o
       120          4          0          0          0         92   dleqf.o
       340         12          0          0          0        104   dmul.o
       156          4          0          0          0         92   dnaninf.o
        12          0          0          0          0         68   dretinf.o
       108          0          0          0          0         80   drleqf.o
       460         56          0          0          0        120   dsqrt_noumaal.o
        86          4          0          0          0         84   f2d.o
       450          8          0          0          0        236   faddsub_clz.o
        24          0          0          0          0         68   fcmpi.o
       388         76          0          0          0         96   fdiv.o
        62          4          0          0          0         84   ffixu.o
        38          0          0          0          0         68   fflt_clz.o
       104          4          0          0          0         84   fleqf.o
       258          4          0          0          0         84   fmul.o
       140          4          0          0          0         84   fnaninf.o
        10          0          0          0          0         68   fretinf.o
         4          0          0          0          0         68   printf1.o
         4          0          0          0          0         68   printf2.o
       100          0          0          0          0         68   retnan.o
        92          0          0          0          0         68   scalbn.o
        48          0          0          0          0         68   trapv.o
         0          0          0          0          0          0   usenofp.o
        62         10          0          0          0        340   dunder.o
        40          0          0          0          0         68   fpclassify.o
       170          0          0          0          0         96   poly.o
      2520        190        136          0          0        324   pow.o
         0          0          8          0          0          0   qnan.o
        76          0          0          0          0         84   sqrt.o

    ----------------------------------------------------------------------
     15122        836        712          0        140       8100   Library Totals
        30          0          5          0          0          0   (incl. Padding)

    ----------------------------------------------------------------------

      Code (inc. data)   RO Data    RW Data    ZI Data      Debug   Library Name

      7522        292        563          0        140       4484   c_w.l
      4702        344          0          0          0       2704   fz_ws.l
      2868        200        144          0          0        912   m_ws.l

    ----------------------------------------------------------------------
     15122        836        712          0        140       8100   Library Totals

    ----------------------------------------------------------------------

==============================================================================


      Code (inc. data)   RO Data    RW Data    ZI Data      Debug   

     22978       1516       4590         60       1676     591002   Grand Totals
     22978       1516       4590         60       1676     591002   ELF Image Totals
     22978       1516       4590         60          0          0   ROM Totals

==============================================================================

    Total RO  Size (Code + RO Data)                27568 (  26.92kB)
    Total RW  Size (RW Data + ZI Data)              1736 (   1.70kB)
    Total ROM Size (Code + RO Data + RW Data)      27628 (  26.98kB)

==============================================================================

