Component: ARM Compiler 5.06 update 5 (build 528) Tool: armlink [4d35e2]

==============================================================================

Section Cross References

    startup_stm32f10x_md.o(STACK) refers (Special) to heapauxi.o(.text) for __use_two_region_memory
    startup_stm32f10x_md.o(HEAP) refers (Special) to heapauxi.o(.text) for __use_two_region_memory
    startup_stm32f10x_md.o(RESET) refers (Special) to heapauxi.o(.text) for __use_two_region_memory
    startup_stm32f10x_md.o(RESET) refers to startup_stm32f10x_md.o(STACK) for __initial_sp
    startup_stm32f10x_md.o(RESET) refers to startup_stm32f10x_md.o(.text) for Reset_Handler
    startup_stm32f10x_md.o(RESET) refers to stm32f10x_it.o(i.NMI_Handler) for NMI_Handler
    startup_stm32f10x_md.o(RESET) refers to stm32f10x_it.o(i.HardFault_Handler) for HardFault_Handler
    startup_stm32f10x_md.o(RESET) refers to stm32f10x_it.o(i.MemManage_Handler) for MemManage_Handler
    startup_stm32f10x_md.o(RESET) refers to stm32f10x_it.o(i.BusFault_Handler) for BusFault_Handler
    startup_stm32f10x_md.o(RESET) refers to stm32f10x_it.o(i.UsageFault_Handler) for UsageFault_Handler
    startup_stm32f10x_md.o(RESET) refers to stm32f10x_it.o(i.SVC_Handler) for SVC_Handler
    startup_stm32f10x_md.o(RESET) refers to stm32f10x_it.o(i.DebugMon_Handler) for DebugMon_Handler
    startup_stm32f10x_md.o(RESET) refers to stm32f10x_it.o(i.PendSV_Handler) for PendSV_Handler
    startup_stm32f10x_md.o(RESET) refers to stm32f10x_it.o(i.SysTick_Handler) for SysTick_Handler
    startup_stm32f10x_md.o(RESET) refers to stm32f10x_it.o(i.RTC_IRQHandler) for RTC_IRQHandler
    startup_stm32f10x_md.o(.text) refers (Special) to heapauxi.o(.text) for __use_two_region_memory
    startup_stm32f10x_md.o(.text) refers to system_stm32f10x.o(i.SystemInit) for SystemInit
    startup_stm32f10x_md.o(.text) refers to __main.o(!!!main) for __main
    startup_stm32f10x_md.o(.text) refers to startup_stm32f10x_md.o(HEAP) for Heap_Mem
    startup_stm32f10x_md.o(.text) refers to startup_stm32f10x_md.o(STACK) for Stack_Mem
    system_stm32f10x.o(i.SetSysClock) refers to system_stm32f10x.o(i.SetSysClockTo72) for SetSysClockTo72
    system_stm32f10x.o(i.SystemCoreClockUpdate) refers to system_stm32f10x.o(.data) for SystemCoreClock
    system_stm32f10x.o(i.SystemInit) refers to system_stm32f10x.o(i.SetSysClock) for SetSysClock
    stm32f10x_adc.o(i.ADC_DeInit) refers to stm32f10x_rcc.o(i.RCC_APB2PeriphResetCmd) for RCC_APB2PeriphResetCmd
    stm32f10x_bkp.o(i.BKP_DeInit) refers to stm32f10x_rcc.o(i.RCC_BackupResetCmd) for RCC_BackupResetCmd
    stm32f10x_can.o(i.CAN_DeInit) refers to stm32f10x_rcc.o(i.RCC_APB1PeriphResetCmd) for RCC_APB1PeriphResetCmd
    stm32f10x_can.o(i.CAN_GetITStatus) refers to stm32f10x_can.o(i.CheckITStatus) for CheckITStatus
    stm32f10x_cec.o(i.CEC_DeInit) refers to stm32f10x_rcc.o(i.RCC_APB1PeriphResetCmd) for RCC_APB1PeriphResetCmd
    stm32f10x_dac.o(i.DAC_DeInit) refers to stm32f10x_rcc.o(i.RCC_APB1PeriphResetCmd) for RCC_APB1PeriphResetCmd
    stm32f10x_flash.o(i.FLASH_EnableWriteProtection) refers to stm32f10x_flash.o(i.FLASH_WaitForLastOperation) for FLASH_WaitForLastOperation
    stm32f10x_flash.o(i.FLASH_EraseAllBank1Pages) refers to stm32f10x_flash.o(i.FLASH_WaitForLastBank1Operation) for FLASH_WaitForLastBank1Operation
    stm32f10x_flash.o(i.FLASH_EraseAllPages) refers to stm32f10x_flash.o(i.FLASH_WaitForLastOperation) for FLASH_WaitForLastOperation
    stm32f10x_flash.o(i.FLASH_EraseOptionBytes) refers to stm32f10x_flash.o(i.FLASH_GetReadOutProtectionStatus) for FLASH_GetReadOutProtectionStatus
    stm32f10x_flash.o(i.FLASH_EraseOptionBytes) refers to stm32f10x_flash.o(i.FLASH_WaitForLastOperation) for FLASH_WaitForLastOperation
    stm32f10x_flash.o(i.FLASH_ErasePage) refers to stm32f10x_flash.o(i.FLASH_WaitForLastOperation) for FLASH_WaitForLastOperation
    stm32f10x_flash.o(i.FLASH_ProgramHalfWord) refers to stm32f10x_flash.o(i.FLASH_WaitForLastOperation) for FLASH_WaitForLastOperation
    stm32f10x_flash.o(i.FLASH_ProgramOptionByteData) refers to stm32f10x_flash.o(i.FLASH_WaitForLastOperation) for FLASH_WaitForLastOperation
    stm32f10x_flash.o(i.FLASH_ProgramWord) refers to stm32f10x_flash.o(i.FLASH_WaitForLastOperation) for FLASH_WaitForLastOperation
    stm32f10x_flash.o(i.FLASH_ReadOutProtection) refers to stm32f10x_flash.o(i.FLASH_WaitForLastOperation) for FLASH_WaitForLastOperation
    stm32f10x_flash.o(i.FLASH_UserOptionByteConfig) refers to stm32f10x_flash.o(i.FLASH_WaitForLastOperation) for FLASH_WaitForLastOperation
    stm32f10x_flash.o(i.FLASH_WaitForLastBank1Operation) refers to stm32f10x_flash.o(i.FLASH_GetBank1Status) for FLASH_GetBank1Status
    stm32f10x_flash.o(i.FLASH_WaitForLastOperation) refers to stm32f10x_flash.o(i.FLASH_GetBank1Status) for FLASH_GetBank1Status
    stm32f10x_gpio.o(i.GPIO_AFIODeInit) refers to stm32f10x_rcc.o(i.RCC_APB2PeriphResetCmd) for RCC_APB2PeriphResetCmd
[...]
    .text                                    0x08000298   Section      100  rt_memcpy_w.o(.text)
    .text                                    0x080002fc   Section        0  localtime.o(.text)
    .text                                    0x08000308   Section        0  mktime.o(.text)
    _tm_carry                                0x08000309   Thumb Code    62  mktime.o(.text)
    .text                                    0x080004b4   Section        0  heapauxi.o(.text)
    .text                                    0x080004ba   Section        0  _printf_pad.o(.text)
    .text                                    0x08000508   Section        0  _printf_truncate.o(.text)
    .text                                    0x0800052c   Section        0  _printf_str.o(.text)
    .text                                    0x08000580   Section        0  _printf_dec.o(.text)
    .text                                    0x080005f8   Section        0  _printf_charcount.o(.text)
    .text                                    0x08000620   Section        0  _printf_char_common.o(.text)
    _printf_input_char                       0x08000621   Thumb Code    10  _printf_char_common.o(.text)
    .text                                    0x08000650   Section        0  _sputc.o(.text)
    .text                                    0x0800065c   Section        0  _printf_wctomb.o(.text)
    .text                                    0x08000718   Section        0  _printf_longlong_dec.o(.text)
    .text                                    0x08000794   Section        0  _printf_oct_int_ll.o(.text)
    _printf_longlong_oct_internal            0x08000795   Thumb Code     0  _printf_oct_int_ll.o(.text)
    .text                                    0x08000804   Section        0  _printf_hex_int_ll_ptr.o(.text)
    _printf_hex_common                       0x08000805   Thumb Code     0  _printf_hex_int_ll_ptr.o(.text)
    .text                                    0x08000898   Section        0  __printf_flags_ss_wp.o(.text)
    .text                                    0x08000a20   Section        0  localtime_internal.o(.text)
    .text                                    0x08000ad8   Section      138  lludiv10.o(.text)
    .text                                    0x08000b62   Section        0  _printf_intcommon.o(.text)
    .text                                    0x08000c14   Section        0  _printf_fp_dec.o(.text)
    _fp_digits                               0x08000c17   Thumb Code   432  _printf_fp_dec.o(.text)
    .text                                    0x08001034   Section        0  _printf_fp_hex.o(.text)
    .text                                    0x08001330   Section        0  _printf_char.o(.text)
    .text                                    0x0800135c   Section        0  _printf_wchar.o(.text)
    .text                                    0x08001388   Section        0  _wcrtomb.o(.text)
    .text                                    0x080013c8   Section       78  rt_memclr_w.o(.text)
    .text                                    0x08001418   Section        8  libspace.o(.text)
    .text                                    0x08001420   Section       74  sys_stackheap_outer.o(.text)
    .text                                    0x0800146c   Section       16  rt_ctype_table.o(.text)
    .text                                    0x0800147c   Section        8  rt_locale_intlibspace.o(.text)
    .text                                    0x08001484   Section        0  _printf_fp_infnan.o(.text)
    .text                                    0x08001504   Section        0  bigflt0.o(.text)
    .text                                    0x080015e8   Section        0  exit.o(.text)
    .text                                    0x080015fc   Section      128  strcmpv7m.o(.text)
    .text                                    0x0800167c   Section        0  sys_exit.o(.text)
    .text                                    0x08001688   Section        2  use_no_semi.o(.text)
    .text                                    0x0800168a   Section        0  indicate_semi.o(.text)
    CL$$btod_d2e                             0x0800168a   Section       62  btod.o(CL$$btod_d2e)
    CL$$btod_d2e_denorm_low                  0x080016c8   Section       70  btod.o(CL$$btod_d2e_denorm_low)
    CL$$btod_d2e_norm_op1                    0x0800170e   Section       96  btod.o(CL$$btod_d2e_norm_op1)
    CL$$btod_div_common                      0x0800176e   Section      824  btod.o(CL$$btod_div_common)
    CL$$btod_e2e                             0x08001aa6   Section      220  btod.o(CL$$btod_e2e)
    CL$$btod_ediv                            0x08001b82   Section       42  btod.o(CL$$btod_ediv)
    CL$$btod_emul                            0x08001bac   Section       42  btod.o(CL$$btod_emul)
    CL$$btod_mult_common                     0x08001bd6   Section      580  btod.o(CL$$btod_mult_common)
    i.BEEP_Init                              0x08001e1c   Section        0  beep.o(i.BEEP_Init)
    i.BEEP_Off                               0x08001e50   Section        0  beep.o(i.BEEP_Off)
    i.BEEP_On                                0x08001e60   Section        0  beep.o(i.BEEP_On)
    i.BKP_ReadBackupRegister                 0x08001e70   Section        0  stm32f10x_bkp.o(i.BKP_ReadBackupRegister)
    i.BKP_WriteBackupRegister                0x08001e8c   Section        0  stm32f10x_bkp.o(i.BKP_WriteBackupRegister)
    i.Bluetooth_Control                      0x08001ea8   Section        0  main.o(i.Bluetooth_Control)
    i.BusFault_Handler                       0x08001fc8   Section        0  stm32f10x_it.o(i.BusFault_Handler)
    i.DHT11_Check                            0x08001fcc   Section        0  dth11.o(i.DHT11_Check)
    i.DHT11_Init                             0x08002028   Section        0  dth11.o(i.DHT11_Init)
    i.DHT11_Mode                             0x08002068   Section        0  dth11.o(i.DHT11_Mode)
    i.DHT11_Read_Bit                         0x080020a0   Section        0  dth11.o(i.DHT11_Read_Bit)
    i.DHT11_Read_Byte                        0x080020fc   Section        0  dth11.o(i.DHT11_Read_Byte)
    i.DHT11_Read_Data                        0x0800211a   Section        0  dth11.o(i.DHT11_Read_Data)
    i.DHT11_Rst                              0x08002174   Section        0  dth11.o(i.DHT11_Rst)
    i.DebugMon_Handler                       0x080021a4   Section        0  stm32f10x_it.o(i.DebugMon_Handler)
    i.Delay_ms                               0x080021a6   Section        0  delay.o(i.Delay_ms)
    i.Delay_us                               0x080021be   Section        0  delay.o(i.Delay_us)
    i.Fan_PWM_Init                           0x080021ec   Section        0  fan.o(i.Fan_PWM_Init)
    i.Fan_SetPWM                             0x08002274   Section        0  fan.o(i.Fan_SetPWM)
    i.GPIO_Init                              0x08002284   Section        0  stm32f10x_gpio.o(i.GPIO_Init)
    i.GPIO_ReadInputDataBit                  0x0800239a   Section        0  stm32f10x_gpio.o(i.GPIO_ReadInputDataBit)
    i.GPIO_ResetBits                         0x080023ac   Section        0  stm32f10x_gpio.o(i.GPIO_ResetBits)
    i.GPIO_SetBits                           0x080023b0   Section        0  stm32f10x_gpio.o(i.GPIO_SetBits)
    i.GPIO_WriteBit                          0x080023b4   Section        0  stm32f10x_gpio.o(i.GPIO_WriteBit)
    i.HardFault_Handler                      0x080023be   Section        0  stm32f10x_it.o(i.HardFault_Handler)
    i.Key_Control                            0x080023c4   Section        0  main.o(i.Key_Control)
    i.Key_GetNum                             0x080024cc   Section        0  key.o(i.Key_GetNum)
    i.Key_Init                               0x080025a8   Section        0  key.o(i.Key_Init)
    i.LED1_OFF                               0x080025d4   Section        0  led.o(i.LED1_OFF)
    i.LED1_ON                                0x080025e8   Section        0  led.o(i.LED1_ON)
    i.LED_Init                               0x080025fc   Section        0  led.o(i.LED_Init)
    i.MemManage_Handler                      0x08002630   Section        0  stm32f10x_it.o(i.MemManage_Handler)
    i.MyRTC_Init                             0x08002634   Section        0  myrtc.o(i.MyRTC_Init)
    i.MyRTC_ReadTime                         0x080026b4   Section        0  myrtc.o(i.MyRTC_ReadTime)
    i.MyRTC_SetTime                          0x080026fc   Section        0  myrtc.o(i.MyRTC_SetTime)
    i.NMI_Handler                            0x08002748   Section        0  stm32f10x_it.o(i.NMI_Handler)
    i.OLED_Clear                             0x0800274a   Section        0  oled.o(i.OLED_Clear)
    i.OLED_I2C_Init                          0x08002774   Section        0  oled.o(i.OLED_I2C_Init)
    i.OLED_I2C_SendByte                      0x080027c4   Section        0  oled.o(i.OLED_I2C_SendByte)
    i.OLED_I2C_Start                         0x08002820   Section        0  oled.o(i.OLED_I2C_Start)
    i.OLED_I2C_Stop                          0x08002854   Section        0  oled.o(i.OLED_I2C_Stop)
    i.OLED_Init                              0x0800287c   Section        0  oled.o(i.OLED_Init)
    i.OLED_Pow                               0x0800292a   Section        0  oled.o(i.OLED_Pow)
    i.OLED_SetCursor                         0x0800293e   Section        0  oled.o(i.OLED_SetCursor)
    i.OLED_ShowChar                          0x08002960   Section        0  oled.o(i.OLED_ShowChar)
    i.OLED_ShowChinese                       0x080029d4   Section        0  oled.o(i.OLED_ShowChinese)
    i.OLED_ShowHexNum                        0x08002a40   Section        0  oled.o(i.OLED_ShowHexNum)
    i.OLED_ShowNum                           0x08002a94   Section        0  oled.o(i.OLED_ShowNum)
    i.OLED_ShowString                        0x08002ad8   Section        0  oled.o(i.OLED_ShowString)
    i.OLED_WriteCommand                      0x08002b00   Section        0  oled.o(i.OLED_WriteCommand)
    i.OLED_WriteData                         0x08002b20   Section        0  oled.o(i.OLED_WriteData)
    i.PWR_BackupAccessCmd                    0x08002b40   Section        0  stm32f10x_pwr.o(i.PWR_BackupAccessCmd)
    i.PendSV_Handler                         0x08002b4c   Section        0  stm32f10x_it.o(i.PendSV_Handler)
    i.RCC_APB1PeriphClockCmd                 0x08002b50   Section        0  stm32f10x_rcc.o(i.RCC_APB1PeriphClockCmd)
    i.RCC_APB2PeriphClockCmd                 0x08002b70   Section        0  stm32f10x_rcc.o(i.RCC_APB2PeriphClockCmd)
    i.RCC_GetClocksFreq                      0x08002b90   Section        0  stm32f10x_rcc.o(i.RCC_GetClocksFreq)
    i.RCC_GetFlagStatus                      0x08002c64   Section        0  stm32f10x_rcc.o(i.RCC_GetFlagStatus)
    i.RCC_LSEConfig                          0x08002ca0   Section        0  stm32f10x_rcc.o(i.RCC_LSEConfig)
    i.RCC_RTCCLKCmd                          0x08002cd4   Section        0  stm32f10x_rcc.o(i.RCC_RTCCLKCmd)
    i.RCC_RTCCLKConfig                       0x08002ce0   Section        0  stm32f10x_rcc.o(i.RCC_RTCCLKConfig)
    i.RTC_ClearITPendingBit                  0x08002cf0   Section        0  stm32f10x_rtc.o(i.RTC_ClearITPendingBit)
    i.RTC_EnterConfigMode                    0x08002d00   Section        0  stm32f10x_rtc.o(i.RTC_EnterConfigMode)
    i.RTC_ExitConfigMode                     0x08002d14   Section        0  stm32f10x_rtc.o(i.RTC_ExitConfigMode)
    i.RTC_GetCounter                         0x08002d28   Section        0  stm32f10x_rtc.o(i.RTC_GetCounter)
    i.RTC_GetITStatus                        0x08002d3c   Section        0  stm32f10x_rtc.o(i.RTC_GetITStatus)
    i.RTC_IRQHandler                         0x08002d60   Section        0  stm32f10x_it.o(i.RTC_IRQHandler)
    i.RTC_ITConfig                           0x08002d78   Section        0  stm32f10x_rtc.o(i.RTC_ITConfig)
    i.RTC_SetCounter                         0x08002d98   Section        0  stm32f10x_rtc.o(i.RTC_SetCounter)
    i.RTC_SetPrescaler                       0x08002db4   Section        0  stm32f10x_rtc.o(i.RTC_SetPrescaler)
    i.RTC_WaitForLastTask                    0x08002dd4   Section        0  stm32f10x_rtc.o(i.RTC_WaitForLastTask)
    i.RTC_WaitForSynchro                     0x08002de8   Section        0  stm32f10x_rtc.o(i.RTC_WaitForSynchro)
    i.SVC_Handler                            0x08002e0c   Section        0  stm32f10x_it.o(i.SVC_Handler)
    i.Send_Full_Status                       0x08002e10   Section        0  main.o(i.Send_Full_Status)
    i.Send_TempHumi_Data                     0x08002f28   Section        0  main.o(i.Send_TempHumi_Data)
    i.Serial_Init                            0x08002fbc   Section        0  serial.o(i.Serial_Init)
    i.Serial_Printf                          0x08003044   Section        0  serial.o(i.Serial_Printf)
    i.Serial_SendByte                        0x08003068   Section        0  serial.o(i.Serial_SendByte)
    i.Serial_SendString                      0x08003088   Section        0  serial.o(i.Serial_SendString)
    i.SetSysClock                            0x080030a2   Section        0  system_stm32f10x.o(i.SetSysClock)
    SetSysClock                              0x080030a3   Thumb Code     8  system_stm32f10x.o(i.SetSysClock)
    i.SetSysClockTo72                        0x080030ac   Section        0  system_stm32f10x.o(i.SetSysClockTo72)
    SetSysClockTo72                          0x080030ad   Thumb Code   214  system_stm32f10x.o(i.SetSysClockTo72)
    i.SysTick_Handler                        0x0800318c   Section        0  stm32f10x_it.o(i.SysTick_Handler)
    i.SystemInit                             0x08003190   Section        0  system_stm32f10x.o(i.SystemInit)
    i.TIM_Cmd                                0x080031f0   Section        0  stm32f10x_tim.o(i.TIM_Cmd)
    i.TIM_OC1Init                            0x08003208   Section        0  stm32f10x_tim.o(i.TIM_OC1Init)
    i.TIM_OC1PreloadConfig                   0x080032a0   Section        0  stm32f10x_tim.o(i.TIM_OC1PreloadConfig)
    i.TIM_SetCompare1                        0x080032b2   Section        0  stm32f10x_tim.o(i.TIM_SetCompare1)
    i.TIM_TimeBaseInit                       0x080032b8   Section        0  stm32f10x_tim.o(i.TIM_TimeBaseInit)
    i.Temperature_Humidity_Alert             0x0800335c   Section        0  main.o(i.Temperature_Humidity_Alert)
    i.USART_Cmd                              0x08003490   Section        0  stm32f10x_usart.o(i.USART_Cmd)
    i.USART_GetFlagStatus                    0x080034a8   Section        0  stm32f10x_usart.o(i.USART_GetFlagStatus)
    i.USART_Init                             0x080034c4   Section        0  stm32f10x_usart.o(i.USART_Init)
    i.USART_ReceiveData                      0x0800359c   Section        0  stm32f10x_usart.o(i.USART_ReceiveData)
    i.USART_SendData                         0x080035a6   Section        0  stm32f10x_usart.o(i.USART_SendData)
    i.UsageFault_Handler                     0x080035ae   Section        0  stm32f10x_it.o(i.UsageFault_Handler)
    i.__ARM_fpclassify                       0x080035b2   Section        0  fpclassify.o(i.__ARM_fpclassify)
    i._is_digit                              0x080035da   Section        0  __printf_wp.o(i._is_digit)
    i.main                                   0x080035e8   Section        0  main.o(i.main)
    locale$$code                             0x08003754   Section       44  lc_numeric_c.o(locale$$code)
    locale$$code                             0x08003780   Section       44  lc_ctype_c.o(locale$$code)
    x$fpl$printf1                            0x080037ac   Section        4  printf1.o(x$fpl$printf1)
    x$fpl$printf2                            0x080037b0   Section        4  printf2.o(x$fpl$printf2)
    .constdata                               0x080037b4   Section     2608  oled.o(.constdata)
    x$fpl$usenofp                            0x080037b4   Section        0  usenofp.o(x$fpl$usenofp)
    .constdata                               0x080041e4   Section        8  _printf_wctomb.o(.constdata)
    initial_mbstate                          0x080041e4   Data           8  _printf_wctomb.o(.constdata)
    .constdata                               0x080041ec   Section       40  _printf_hex_int_ll_ptr.o(.constdata)
    uc_hextab                                0x080041ec   Data          20  _printf_hex_int_ll_ptr.o(.constdata)
    lc_hextab                                0x08004200   Data          20  _printf_hex_int_ll_ptr.o(.constdata)
    .constdata                               0x08004214   Section       17  __printf_flags_ss_wp.o(.constdata)
    maptable                                 0x08004214   Data          17  __printf_flags_ss_wp.o(.constdata)
    .constdata                               0x08004225   Section       12  _monlen.o(.constdata)
    .constdata                               0x08004231   Section       38  _printf_fp_hex.o(.constdata)
    lc_hextab                                0x08004231   Data          19  _printf_fp_hex.o(.constdata)
    uc_hextab                                0x08004244   Data          19  _printf_fp_hex.o(.constdata)
    .constdata                               0x08004258   Section      148  bigflt0.o(.constdata)
    tenpwrs_x                                0x08004258   Data          60  bigflt0.o(.constdata)
    tenpwrs_i                                0x08004294   Data          64  bigflt0.o(.constdata)
    locale$$data                             0x0800430c   Section       28  lc_numeric_c.o(locale$$data)
    __lcnum_c_name                           0x08004310   Data           2  lc_numeric_c.o(locale$$data)
    __lcnum_c_start                          0x08004318   Data           0  lc_numeric_c.o(locale$$data)
    __lcnum_c_point                          0x08004324   Data           0  lc_numeric_c.o(locale$$data)
    __lcnum_c_thousands                      0x08004326   Data           0  lc_numeric_c.o(locale$$data)
    __lcnum_c_grouping                       0x08004327   Data           0  lc_numeric_c.o(locale$$data)
    locale$$data                             0x08004328   Section      272  lc_ctype_c.o(locale$$data)
    __lcnum_c_end                            0x08004328   Data           0  lc_numeric_c.o(locale$$data)
    __lcctype_c_name                         0x0800432c   Data           2  lc_ctype_c.o(locale$$data)
    __lcctype_c_start                        0x08004334   Data           0  lc_ctype_c.o(locale$$data)
    __lcctype_c_end                          0x08004438   Data           0  lc_ctype_c.o(locale$$data)
    .data                                    0x20000000   Section       20  stm32f10x_rcc.o(.data)
    APBAHBPrescTable                         0x20000000   Data          16  stm32f10x_rcc.o(.data)
    ADCPrescTable                            0x20000010   Data           4  stm32f10x_rcc.o(.data)
    .data                                    0x20000014   Section       25  main.o(.data)
    .bss                                     0x20000030   Section       44  localtime.o(.bss)
    _tms                                     0x20000030   Data          44  localtime.o(.bss)
    .bss                                     0x2000005c   Section       96  libspace.o(.bss)
    HEAP                                     0x200000c0   Section      512  startup_stm32f10x_md.o(HEAP)
    Heap_Mem                                 0x200000c0   Data         512  startup_stm32f10x_md.o(HEAP)
    STACK                                    0x200002c0   Section     1024  startup_stm32f10x_md.o(STACK)
    Stack_Mem                                0x200002c0   Data        1024  startup_stm32f10x_md.o(STACK)
    __initial_sp                             0x200006c0   Data           0  startup_stm32f10x_md.o(STACK)

    Global Symbols

    Symbol Name                              Value     Ov Type        Size  Object(Section)

    BuildAttributes$$THM_ISAv4$P$D$K$B$S$PE$A:L22UL41UL21$X:L11$S22US41US21$IEEE1$IW$USESV6$~STKCKD$USESV7$~SHL$OTIME$ROPI$IEEEX$EBA8$UX$STANDARDLIB$REQ8$PRES8$EABIv2 0x00000000   Number         0  anon$$obj.o ABSOLUTE
    __ARM_use_no_argv                        0x00000000   Number         0  main.o ABSOLUTE
    _printf_flags                            0x00000000   Number         0  printf_stubs.o ABSOLUTE
    _printf_return_value                     0x00000000   Number         0  printf_stubs.o ABSOLUTE
    _printf_sizespec                         0x00000000   Number         0  printf_stubs.o ABSOLUTE
    _printf_widthprec                        0x00000000   Number         0  printf_stubs.o ABSOLUTE
    __ARM_exceptions_init                     - Undefined Weak Reference
    __alloca_initialize                       - Undefined Weak Reference
    __arm_preinit_                            - Undefined Weak Reference
    __cpp_initialize__aeabi_                  - Undefined Weak Reference
    __cxa_finalize                            - Undefined Weak Reference
    __sigvec_lookup                           - Undefined Weak Reference
    _atexit_init                              - Undefined Weak Reference
    _call_atexit_fns                          - Undefined Weak Reference
    _clock_init                               - Undefined Weak Reference
    _fp_trap_init                             - Undefined Weak Reference
    _fp_trap_shutdown                         - Undefined Weak Reference
    _get_lc_collate                           - Undefined Weak Reference
    _get_lc_monetary                          - Undefined Weak Reference
    _get_lc_time                              - Undefined Weak Reference
    _getenv_init                              - Undefined Weak Reference
    _handle_redirection                       - Undefined Weak Reference
    _init_alloc                               - Undefined Weak Reference
    _init_user_alloc                          - Undefined Weak Reference
    _initio                                   - Undefined Weak Reference
    _printf_mbtowc                            - Undefined Weak Reference
    _printf_wc                                - Undefined Weak Reference
    _rand_init                                - Undefined Weak Reference
    _signal_finish                            - Undefined Weak Reference
    _signal_init                              - Undefined Weak Reference
    _terminate_alloc                          - Undefined Weak Reference
    _terminate_user_alloc                     - Undefined Weak Reference
    _terminateio                              - Undefined Weak Reference
    __Vectors_Size                           0x000000ec   Number         0  startup_stm32f10x_md.o ABSOLUTE
    __Vectors                                0x08000000   Data           4  startup_stm32f10x_md.o(RESET)
    __Vectors_End                            0x080000ec   Data           0  startup_stm32f10x_md.o(RESET)
    __main                                   0x080000ed   Thumb Code     8  __main.o(!!!main)
    __scatterload                            0x080000f5   Thumb Code     0  __scatter.o(!!!scatter)
    __scatterload_rt2                        0x080000f5   Thumb Code    44  __scatter.o(!!!scatter)
    __scatterload_rt2_thumb_only             0x080000f5   Thumb Code     0  __scatter.o(!!!scatter)
    __scatterload_null                       0x08000103   Thumb Code     0  __scatter.o(!!!scatter)
    __scatterload_copy                       0x08000129   Thumb Code    26  __scatter_copy.o(!!handler_copy)
    __scatterload_zeroinit                   0x08000145   Thumb Code    28  __scatter_zi.o(!!handler_zi)
    _printf_n                                0x08000161   Thumb Code     0  _printf_n.o(.ARM.Collect$$_printf_percent$$00000001)
    _printf_percent                          0x08000161   Thumb Code     0  _printf_percent.o(.ARM.Collect$$_printf_percent$$00000000)
    _printf_p                                0x08000167   Thumb Code     0  _printf_p.o(.ARM.Collect$$_printf_percent$$00000002)
    _printf_f                                0x0800016d   Thumb Code     0  _printf_f.o(.ARM.Collect$$_printf_percent$$00000003)
    _printf_e                                0x08000173   Thumb Code     0  _printf_e.o(.ARM.Collect$$_printf_percent$$00000004)
    _printf_g                                0x08000179   Thumb Code     0  _printf_g.o(.ARM.Collect$$_printf_percent$$00000005)
    _printf_a                                0x0800017f   Thumb Code     0  _printf_a.o(.ARM.Collect$$_printf_percent$$00000006)
    _printf_ll                               0x08000185   Thumb Code     0  _printf_ll.o(.ARM.Collect$$_printf_percent$$00000007)
    _printf_i                                0x0800018f   Thumb Code     0  _printf_i.o(.ARM.Collect$$_printf_percent$$00000008)
    _printf_d                                0x08000195   Thumb Code     0  _printf_d.o(.ARM.Collect$$_printf_percent$$00000009)
    _printf_u                                0x0800019b   Thumb Code     0  _printf_u.o(.ARM.Collect$$_printf_percent$$0000000A)
    _printf_o                                0x080001a1   Thumb Code     0  _printf_o.o(.ARM.Collect$$_printf_percent$$0000000B)
    _printf_x                                0x080001a7   Thumb Code     0  _printf_x.o(.ARM.Collect$$_printf_percent$$0000000C)
    _printf_lli                              0x080001ad   Thumb Code     0  _printf_lli.o(.ARM.Collect$$_printf_percent$$0000000D)
    _printf_lld                              0x080001b3   Thumb Code     0  _printf_lld.o(.ARM.Collect$$_printf_percent$$0000000E)
    _printf_llu                              0x080001b9   Thumb Code     0  _printf_llu.o(.ARM.Collect$$_printf_percent$$0000000F)
    _printf_llo                              0x080001bf   Thumb Code     0  _printf_llo.o(.ARM.Collect$$_printf_percent$$00000010)
    _printf_llx                              0x080001c5   Thumb Code     0  _printf_llx.o(.ARM.Collect$$_printf_percent$$00000011)
    _printf_l                                0x080001cb   Thumb Code     0  _printf_l.o(.ARM.Collect$$_printf_percent$$00000012)
    _printf_c                                0x080001d5   Thumb Code     0  _printf_c.o(.ARM.Collect$$_printf_percent$$00000013)
    _printf_s                                0x080001db   Thumb Code     0  _printf_s.o(.ARM.Collect$$_printf_percent$$00000014)
    _printf_lc                               0x080001e1   Thumb Code     0  _printf_lc.o(.ARM.Collect$$_printf_percent$$00000015)
    _printf_ls                               0x080001e7   Thumb Code     0  _printf_ls.o(.ARM.Collect$$_printf_percent$$00000016)
    _printf_percent_end                      0x080001ed   Thumb Code     0  _printf_percent_end.o(.ARM.Collect$$_printf_percent$$00000017)
    __rt_lib_init                            0x080001f1   Thumb Code     0  libinit.o(.ARM.Collect$$libinit$$00000000)
    __rt_lib_init_fp_1                       0x080001f3   Thumb Code     0  libinit2.o(.ARM.Collect$$libinit$$00000002)
    __rt_lib_init_heap_1                     0x080001f3   Thumb Code     0  libinit2.o(.ARM.Collect$$libinit$$0000000A)
    __rt_lib_init_lc_common                  0x080001f3   Thumb Code     0  libinit2.o(.ARM.Collect$$libinit$$0000000F)
    __rt_lib_init_preinit_1                  0x080001f3   Thumb Code     0  libinit2.o(.ARM.Collect$$libinit$$00000004)
    __rt_lib_init_rand_1                     0x080001f3   Thumb Code     0  libinit2.o(.ARM.Collect$$libinit$$0000000E)
    __rt_lib_init_user_alloc_1               0x080001f3   Thumb Code     0  libinit2.o(.ARM.Collect$$libinit$$0000000C)
    __rt_lib_init_lc_collate_1               0x080001f9   Thumb Code     0  libinit2.o(.ARM.Collect$$libinit$$00000011)
    __rt_lib_init_lc_ctype_2                 0x080001f9   Thumb Code     0  libinit2.o(.ARM.Collect$$libinit$$00000012)
    __rt_lib_init_lc_ctype_1                 0x08000205   Thumb Code     0  libinit2.o(.ARM.Collect$$libinit$$00000013)
    __rt_lib_init_lc_monetary_1              0x08000205   Thumb Code     0  libinit2.o(.ARM.Collect$$libinit$$00000015)
    __rt_lib_init_lc_numeric_2               0x08000205   Thumb Code     0  libinit2.o(.ARM.Collect$$libinit$$00000016)
    __rt_lib_init_alloca_1                   0x0800020f   Thumb Code     0  libinit2.o(.ARM.Collect$$libinit$$0000002E)
    __rt_lib_init_argv_1                     0x0800020f   Thumb Code     0  libinit2.o(.ARM.Collect$$libinit$$0000002C)
    __rt_lib_init_atexit_1                   0x0800020f   Thumb Code     0  libinit2.o(.ARM.Collect$$libinit$$0000001B)
    __rt_lib_init_clock_1                    0x0800020f   Thumb Code     0  libinit2.o(.ARM.Collect$$libinit$$00000021)
    __rt_lib_init_cpp_1                      0x0800020f   Thumb Code     0  libinit2.o(.ARM.Collect$$libinit$$00000032)
    __rt_lib_init_exceptions_1               0x0800020f   Thumb Code     0  libinit2.o(.ARM.Collect$$libinit$$00000030)
    __rt_lib_init_fp_trap_1                  0x0800020f   Thumb Code     0  libinit2.o(.ARM.Collect$$libinit$$0000001F)
    __rt_lib_init_getenv_1                   0x0800020f   Thumb Code     0  libinit2.o(.ARM.Collect$$libinit$$00000023)
    __rt_lib_init_lc_numeric_1               0x0800020f   Thumb Code     0  libinit2.o(.ARM.Collect$$libinit$$00000017)
    __rt_lib_init_lc_time_1                  0x0800020f   Thumb Code     0  libinit2.o(.ARM.Collect$$libinit$$00000019)
    __rt_lib_init_return                     0x0800020f   Thumb Code     0  libinit2.o(.ARM.Collect$$libinit$$00000033)
    __rt_lib_init_signal_1                   0x0800020f   Thumb Code     0  libinit2.o(.ARM.Collect$$libinit$$0000001D)
    __rt_lib_init_stdio_1                    0x0800020f   Thumb Code     0  libinit2.o(.ARM.Collect$$libinit$$00000025)
    __rt_lib_shutdown                        0x08000211   Thumb Code     0  libshutdown.o(.ARM.Collect$$libshutdown$$00000000)
    __rt_lib_shutdown_cpp_1                  0x08000213   Thumb Code     0  libshutdown2.o(.ARM.Collect$$libshutdown$$00000002)
    __rt_lib_shutdown_fp_trap_1              0x08000213   Thumb Code     0  libshutdown2.o(.ARM.Collect$$libshutdown$$00000007)
    __rt_lib_shutdown_heap_1                 0x08000213   Thumb Code     0  libshutdown2.o(.ARM.Collect$$libshutdown$$0000000F)
    __rt_lib_shutdown_return                 0x08000213   Thumb Code     0  libshutdown2.o(.ARM.Collect$$libshutdown$$00000010)
    __rt_lib_shutdown_signal_1               0x08000213   Thumb Code     0  libshutdown2.o(.ARM.Collect$$libshutdown$$0000000A)
    __rt_lib_shutdown_stdio_1                0x08000213   Thumb Code     0  libshutdown2.o(.ARM.Collect$$libshutdown$$00000004)
    __rt_lib_shutdown_user_alloc_1           0x08000213   Thumb Code     0  libshutdown2.o(.ARM.Collect$$libshutdown$$0000000C)
    __rt_entry                               0x08000215   Thumb Code     0  __rtentry.o(.ARM.Collect$$rtentry$$00000000)
    __rt_entry_presh_1                       0x08000215   Thumb Code     0  __rtentry2.o(.ARM.Collect$$rtentry$$00000002)
    __rt_entry_sh                            0x08000215   Thumb Code     0  __rtentry4.o(.ARM.Collect$$rtentry$$00000004)
    __rt_entry_li                            0x0800021b   Thumb Code     0  __rtentry2.o(.ARM.Collect$$rtentry$$0000000A)
    __rt_entry_postsh_1                      0x0800021b   Thumb Code     0  __rtentry2.o(.ARM.Collect$$rtentry$$00000009)
    __rt_entry_main                          0x0800021f   Thumb Code     0  __rtentry2.o(.ARM.Collect$$rtentry$$0000000D)
    __rt_entry_postli_1                      0x0800021f   Thumb Code     0  __rtentry2.o(.ARM.Collect$$rtentry$$0000000C)
    __rt_exit                                0x08000227   Thumb Code     0  rtexit.o(.ARM.Collect$$rtexit$$00000000)
    __rt_exit_ls                             0x08000229   Thumb Code     0  rtexit2.o(.ARM.Collect$$rtexit$$00000003)
    __rt_exit_prels_1                        0x08000229   Thumb Code     0  rtexit2.o(.ARM.Collect$$rtexit$$00000002)
    __rt_exit_exit                           0x0800022d   Thumb Code     0  rtexit2.o(.ARM.Collect$$rtexit$$00000004)
    Reset_Handler                            0x08000235   Thumb Code     8  startup_stm32f10x_md.o(.text)
    ADC1_2_IRQHandler                        0x0800024f   Thumb Code     0  startup_stm32f10x_md.o(.text)
    CAN1_RX1_IRQHandler                      0x0800024f   Thumb Code     0  startup_stm32f10x_md.o(.text)
    CAN1_SCE_IRQHandler                      0x0800024f   Thumb Code     0  startup_stm32f10x_md.o(.text)
    DMA1_Channel1_IRQHandler                 0x0800024f   Thumb Code     0  startup_stm32f10x_md.o(.text)
    DMA1_Channel2_IRQHandler                 0x0800024f   Thumb Code     0  startup_stm32f10x_md.o(.text)
    DMA1_Channel3_IRQHandler                 0x0800024f   Thumb Code     0  startup_stm32f10x_md.o(.text)
    DMA1_Channel4_IRQHandler                 0x0800024f   Thumb Code     0  startup_stm32f10x_md.o(.text)
    DMA1_Channel5_IRQHandler                 0x0800024f   Thumb Code     0  startup_stm32f10x_md.o(.text)
    DMA1_Channel6_IRQHandler                 0x0800024f   Thumb Code     0  startup_stm32f10x_md.o(.text)
    DMA1_Channel7_IRQHandler                 0x0800024f   Thumb Code     0  startup_stm32f10x_md.o(.text)
    EXTI0_IRQHandler                         0x0800024f   Thumb Code     0  startup_stm32f10x_md.o(.text)
    EXTI15_10_IRQHandler                     0x0800024f   Thumb Code     0  startup_stm32f10x_md.o(.text)
    EXTI1_IRQHandler                         0x0800024f   Thumb Code     0  startup_stm32f10x_md.o(.text)
    EXTI2_IRQHandler                         0x0800024f   Thumb Code     0  startup_stm32f10x_md.o(.text)
    EXTI3_IRQHandler                         0x0800024f   Thumb Code     0  startup_stm32f10x_md.o(.text)
    EXTI4_IRQHandler                         0x0800024f   Thumb Code     0  startup_stm32f10x_md.o(.text)
    EXTI9_5_IRQHandler                       0x0800024f   Thumb Code     0  startup_stm32f10x_md.o(.text)
    FLASH_IRQHandler                         0x0800024f   Thumb Code     0  startup_stm32f10x_md.o(.text)
    I2C1_ER_IRQHandler                       0x0800024f   Thumb Code     0  startup_stm32f10x_md.o(.text)
    I2C1_EV_IRQHandler                       0x0800024f   Thumb Code     0  startup_stm32f10x_md.o(.text)
    I2C2_ER_IRQHandler                       0x0800024f   Thumb Code     0  startup_stm32f10x_md.o(.text)
    I2C2_EV_IRQHandler                       0x0800024f   Thumb Code     0  startup_stm32f10x_md.o(.text)
    PVD_IRQHandler                           0x0800024f   Thumb Code     0  startup_stm32f10x_md.o(.text)
    RCC_IRQHandler                           0x0800024f   Thumb Code     0  startup_stm32f10x_md.o(.text)
    RTCAlarm_IRQHandler                      0x0800024f   Thumb Code     0  startup_stm32f10x_md.o(.text)
    SPI1_IRQHandler                          0x0800024f   Thumb Code     0  startup_stm32f10x_md.o(.text)
    SPI2_IRQHandler                          0x0800024f   Thumb Code     0  startup_stm32f10x_md.o(.text)
    TAMPER_IRQHandler                        0x0800024f   Thumb Code     0  startup_stm32f10x_md.o(.text)
    TIM1_BRK_IRQHandler                      0x0800024f   Thumb Code     0  startup_stm32f10x_md.o(.text)
    TIM1_CC_IRQHandler                       0x0800024f   Thumb Code     0  startup_stm32f10x_md.o(.text)
    TIM1_TRG_COM_IRQHandler                  0x0800024f   Thumb Code     0  startup_stm32f10x_md.o(.text)
    TIM1_UP_IRQHandler                       0x0800024f   Thumb Code     0  startup_stm32f10x_md.o(.text)
    TIM2_IRQHandler                          0x0800024f   Thumb Code     0  startup_stm32f10x_md.o(.text)
    TIM3_IRQHandler                          0x0800024f   Thumb Code     0  startup_stm32f10x_md.o(.text)
    TIM4_IRQHandler                          0x0800024f   Thumb Code     0  startup_stm32f10x_md.o(.text)
    USART1_IRQHandler                        0x0800024f   Thumb Code     0  startup_stm32f10x_md.o(.text)
    USART2_IRQHandler                        0x0800024f   Thumb Code     0  startup_stm32f10x_md.o(.text)
    USART3_IRQHandler                        0x0800024f   Thumb Code     0  startup_stm32f10x_md.o(.text)
    USBWakeUp_IRQHandler                     0x0800024f   Thumb Code     0  startup_stm32f10x_md.o(.text)
    USB_HP_CAN1_TX_IRQHandler                0x0800024f   Thumb Code     0  startup_stm32f10x_md.o(.text)
    USB_LP_CAN1_RX0_IRQHandler               0x0800024f   Thumb Code     0  startup_stm32f10x_md.o(.text)
    WWDG_IRQHandler                          0x0800024f   Thumb Code     0  startup_stm32f10x_md.o(.text)
    __user_initial_stackheap                 0x08000251   Thumb Code     0  startup_stm32f10x_md.o(.text)
    vsprintf                                 0x08000275   Thumb Code    32  vsprintf.o(.text)
    __aeabi_memcpy4                          0x08000299   Thumb Code     0  rt_memcpy_w.o(.text)
    __aeabi_memcpy8                          0x08000299   Thumb Code     0  rt_memcpy_w.o(.text)
    __rt_memcpy_w                            0x08000299   Thumb Code   100  rt_memcpy_w.o(.text)
    _memcpy_lastbytes_aligned                0x080002e1   Thumb Code     0  rt_memcpy_w.o(.text)
    localtime                                0x080002fd   Thumb Code     6  localtime.o(.text)
    mktime                                   0x08000347   Thumb Code   356  mktime.o(.text)
    __use_two_region_memory                  0x080004b5   Thumb Code     2  heapauxi.o(.text)
    __rt_heap_escrow$2region                 0x080004b7   Thumb Code     2  heapauxi.o(.text)
    __rt_heap_expand$2region                 0x080004b9   Thumb Code     2  heapauxi.o(.text)
    _printf_pre_padding                      0x080004bb   Thumb Code    44  _printf_pad.o(.text)
    _printf_post_padding                     0x080004e7   Thumb Code    34  _printf_pad.o(.text)
    _printf_truncate_signed                  0x08000509   Thumb Code    18  _printf_truncate.o(.text)
    _printf_truncate_unsigned                0x0800051b   Thumb Code    18  _printf_truncate.o(.text)
    _printf_str                              0x0800052d   Thumb Code    82  _printf_str.o(.text)
    _printf_int_dec                          0x08000581   Thumb Code   104  _printf_dec.o(.text)
    _printf_charcount                        0x080005f9   Thumb Code    40  _printf_charcount.o(.text)
    _printf_char_common                      0x0800062b   Thumb Code    32  _printf_char_common.o(.text)
    _sputc                                   0x08000651   Thumb Code    10  _sputc.o(.text)
    _printf_wctomb                           0x0800065d   Thumb Code   182  _printf_wctomb.o(.text)
    _printf_longlong_dec                     0x08000719   Thumb Code   108  _printf_longlong_dec.o(.text)
    _printf_longlong_oct                     0x08000795   Thumb Code    66  _printf_oct_int_ll.o(.text)
    _printf_int_oct                          0x080007d7   Thumb Code    24  _printf_oct_int_ll.o(.text)
    _printf_ll_oct                           0x080007ef   Thumb Code    12  _printf_oct_int_ll.o(.text)
    _printf_longlong_hex                     0x08000805   Thumb Code    86  _printf_hex_int_ll_ptr.o(.text)
    _printf_int_hex                          0x0800085b   Thumb Code    28  _printf_hex_int_ll_ptr.o(.text)
    _printf_ll_hex                           0x08000877   Thumb Code    12  _printf_hex_int_ll_ptr.o(.text)
    _printf_hex_ptr                          0x08000883   Thumb Code    18  _printf_hex_int_ll_ptr.o(.text)
    __printf                                 0x08000899   Thumb Code   388  __printf_flags_ss_wp.o(.text)
    _localtime_r                             0x08000a21   Thumb Code   178  localtime_internal.o(.text)
    _n$localtime_r                           0x08000a21   Thumb Code     0  localtime_internal.o(.text)
    _ll_udiv10                               0x08000ad9   Thumb Code   138  lludiv10.o(.text)
    _printf_int_common                       0x08000b63   Thumb Code   178  _printf_intcommon.o(.text)
    __lib_sel_fp_printf                      0x08000c15   Thumb Code     2  _printf_fp_dec.o(.text)
    _printf_fp_dec_real                      0x08000dc7   Thumb Code   620  _printf_fp_dec.o(.text)
    _printf_fp_hex_real                      0x08001035   Thumb Code   756  _printf_fp_hex.o(.text)
    _printf_cs_common                        0x08001331   Thumb Code    20  _printf_char.o(.text)
    _printf_char                             0x08001345   Thumb Code    16  _printf_char.o(.text)
    _printf_string                           0x08001355   Thumb Code     8  _printf_char.o(.text)
    _printf_lcs_common                       0x0800135d   Thumb Code    20  _printf_wchar.o(.text)
    _printf_wchar                            0x08001371   Thumb Code    16  _printf_wchar.o(.text)
    _printf_wstring                          0x08001381   Thumb Code     8  _printf_wchar.o(.text)
    _wcrtomb                                 0x08001389   Thumb Code    64  _wcrtomb.o(.text)
    __aeabi_memclr4                          0x080013c9   Thumb Code     0  rt_memclr_w.o(.text)
    __aeabi_memclr8                          0x080013c9   Thumb Code     0  rt_memclr_w.o(.text)
    __rt_memclr_w                            0x080013c9   Thumb Code    78  rt_memclr_w.o(.text)
    _memset_w                                0x080013cd   Thumb Code     0  rt_memclr_w.o(.text)
    __user_libspace                          0x08001419   Thumb Code     8  libspace.o(.text)
    __user_perproc_libspace                  0x08001419   Thumb Code     0  libspace.o(.text)
    __user_perthread_libspace                0x08001419   Thumb Code     0  libspace.o(.text)
    __user_setup_stackheap                   0x08001421   Thumb Code    74  sys_stackheap_outer.o(.text)
    __rt_ctype_table                         0x0800146d   Thumb Code    16  rt_ctype_table.o(.text)
    __rt_locale                              0x0800147d   Thumb Code     8  rt_locale_intlibspace.o(.text)
    _printf_fp_infnan                        0x08001485   Thumb Code   112  _printf_fp_infnan.o(.text)
    _btod_etento                             0x08001505   Thumb Code   224  bigflt0.o(.text)
    exit                                     0x080015e9   Thumb Code    18  exit.o(.text)
    strcmp                                   0x080015fd   Thumb Code   128  strcmpv7m.o(.text)
    _sys_exit                                0x0800167d   Thumb Code     8  sys_exit.o(.text)
    __I$use$semihosting                      0x08001689   Thumb Code     0  use_no_semi.o(.text)
    __use_no_semihosting_swi                 0x08001689   Thumb Code     2  use_no_semi.o(.text)
    __semihosting_library_function           0x0800168b   Thumb Code     0  indicate_semi.o(.text)
    _btod_d2e                                0x0800168b   Thumb Code    62  btod.o(CL$$btod_d2e)
    _d2e_denorm_low                          0x080016c9   Thumb Code    70  btod.o(CL$$btod_d2e_denorm_low)
    _d2e_norm_op1                            0x0800170f   Thumb Code    96  btod.o(CL$$btod_d2e_norm_op1)
    __btod_div_common                        0x0800176f   Thumb Code   696  btod.o(CL$$btod_div_common)
    _e2e                                     0x08001aa7   Thumb Code   220  btod.o(CL$$btod_e2e)
    _btod_ediv                               0x08001b83   Thumb Code    42  btod.o(CL$$btod_ediv)
    _btod_emul                               0x08001bad   Thumb Code    42  btod.o(CL$$btod_emul)
    __btod_mult_common                       0x08001bd7   Thumb Code   580  btod.o(CL$$btod_mult_common)
    BEEP_Init                                0x08001e1d   Thumb Code    46  beep.o(i.BEEP_Init)
    BEEP_Off                                 0x08001e51   Thumb Code    12  beep.o(i.BEEP_Off)
    BEEP_On                                  0x08001e61   Thumb Code    12  beep.o(i.BEEP_On)
    BKP_ReadBackupRegister                   0x08001e71   Thumb Code    24  stm32f10x_bkp.o(i.BKP_ReadBackupRegister)
    BKP_WriteBackupRegister                  0x08001e8d   Thumb Code    22  stm32f10x_bkp.o(i.BKP_WriteBackupRegister)
    Bluetooth_Control                        0x08001ea9   Thumb Code   208  main.o(i.Bluetooth_Control)
    BusFault_Handler                         0x08001fc9   Thumb Code     4  stm32f10x_it.o(i.BusFault_Handler)
    DHT11_Check                              0x08001fcd   Thumb Code    88  dth11.o(i.DHT11_Check)
    DHT11_Init                               0x08002029   Thumb Code    58  dth11.o(i.DHT11_Init)
    DHT11_Mode                               0x08002069   Thumb Code    52  dth11.o(i.DHT11_Mode)
    DHT11_Read_Bit                           0x080020a1   Thumb Code    88  dth11.o(i.DHT11_Read_Bit)
    DHT11_Read_Byte                          0x080020fd   Thumb Code    30  dth11.o(i.DHT11_Read_Byte)
    DHT11_Read_Data                          0x0800211b   Thumb Code    88  dth11.o(i.DHT11_Read_Data)
    DHT11_Rst                                0x08002175   Thumb Code    42  dth11.o(i.DHT11_Rst)
    DebugMon_Handler                         0x080021a5   Thumb Code     2  stm32f10x_it.o(i.DebugMon_Handler)
    Delay_ms                                 0x080021a7   Thumb Code    24  delay.o(i.Delay_ms)
    Delay_us                                 0x080021bf   Thumb Code    46  delay.o(i.Delay_us)
    Fan_PWM_Init                             0x080021ed   Thumb Code   132  fan.o(i.Fan_PWM_Init)
    Fan_SetPWM                               0x08002275   Thumb Code    16  fan.o(i.Fan_SetPWM)
    GPIO_Init                                0x08002285   Thumb Code   278  stm32f10x_gpio.o(i.GPIO_Init)
    GPIO_ReadInputDataBit                    0x0800239b   Thumb Code    18  stm32f10x_gpio.o(i.GPIO_ReadInputDataBit)
    GPIO_ResetBits                           0x080023ad   Thumb Code     4  stm32f10x_gpio.o(i.GPIO_ResetBits)
    GPIO_SetBits                             0x080023b1   Thumb Code     4  stm32f10x_gpio.o(i.GPIO_SetBits)
    GPIO_WriteBit                            0x080023b5   Thumb Code    10  stm32f10x_gpio.o(i.GPIO_WriteBit)
    HardFault_Handler                        0x080023bf   Thumb Code     4  stm32f10x_it.o(i.HardFault_Handler)
    Key_Control                              0x080023c5   Thumb Code   250  main.o(i.Key_Control)
    Key_GetNum                               0x080024cd   Thumb Code   212  key.o(i.Key_GetNum)
    Key_Init                                 0x080025a9   Thumb Code    40  key.o(i.Key_Init)
    LED1_OFF                                 0x080025d5   Thumb Code    14  led.o(i.LED1_OFF)
    LED1_ON                                  0x080025e9   Thumb Code    14  led.o(i.LED1_ON)
    LED_Init                                 0x080025fd   Thumb Code    48  led.o(i.LED_Init)
    MemManage_Handler                        0x08002631   Thumb Code     4  stm32f10x_it.o(i.MemManage_Handler)
    MyRTC_Init                               0x08002635   Thumb Code   126  myrtc.o(i.MyRTC_Init)
    MyRTC_ReadTime                           0x080026b5   Thumb Code    68  myrtc.o(i.MyRTC_ReadTime)
    MyRTC_SetTime                            0x080026fd   Thumb Code    70  myrtc.o(i.MyRTC_SetTime)
    NMI_Handler                              0x08002749   Thumb Code     2  stm32f10x_it.o(i.NMI_Handler)
    OLED_Clear                               0x0800274b   Thumb Code    42  oled.o(i.OLED_Clear)
    OLED_I2C_Init                            0x08002775   Thumb Code    76  oled.o(i.OLED_I2C_Init)
    OLED_I2C_SendByte                        0x080027c5   Thumb Code    88  oled.o(i.OLED_I2C_SendByte)
    OLED_I2C_Start                           0x08002821   Thumb Code    48  oled.o(i.OLED_I2C_Start)
    OLED_I2C_Stop                            0x08002855   Thumb Code    36  oled.o(i.OLED_I2C_Stop)
    OLED_Init                                0x0800287d   Thumb Code   174  oled.o(i.OLED_Init)
    OLED_Pow                                 0x0800292b   Thumb Code    20  oled.o(i.OLED_Pow)
    OLED_SetCursor                           0x0800293f   Thumb Code    34  oled.o(i.OLED_SetCursor)
    OLED_ShowChar                            0x08002961   Thumb Code   110  oled.o(i.OLED_ShowChar)
    OLED_ShowChinese                         0x080029d5   Thumb Code   102  oled.o(i.OLED_ShowChinese)
    OLED_ShowHexNum                          0x08002a41   Thumb Code    84  oled.o(i.OLED_ShowHexNum)
    OLED_ShowNum                             0x08002a95   Thumb Code    68  oled.o(i.OLED_ShowNum)
    OLED_ShowString                          0x08002ad9   Thumb Code    40  oled.o(i.OLED_ShowString)
    OLED_WriteCommand                        0x08002b01   Thumb Code    32  oled.o(i.OLED_WriteCommand)
    OLED_WriteData                           0x08002b21   Thumb Code    32  oled.o(i.OLED_WriteData)
    PWR_BackupAccessCmd                      0x08002b41   Thumb Code     6  stm32f10x_pwr.o(i.PWR_BackupAccessCmd)
    PendSV_Handler                           0x08002b4d   Thumb Code     2  stm32f10x_it.o(i.PendSV_Handler)
    RCC_APB1PeriphClockCmd                   0x08002b51   Thumb Code    26  stm32f10x_rcc.o(i.RCC_APB1PeriphClockCmd)
    RCC_APB2PeriphClockCmd                   0x08002b71   Thumb Code    26  stm32f10x_rcc.o(i.RCC_APB2PeriphClockCmd)
    RCC_GetClocksFreq                        0x08002b91   Thumb Code   192  stm32f10x_rcc.o(i.RCC_GetClocksFreq)
    RCC_GetFlagStatus                        0x08002c65   Thumb Code    56  stm32f10x_rcc.o(i.RCC_GetFlagStatus)
    RCC_LSEConfig                            0x08002ca1   Thumb Code    46  stm32f10x_rcc.o(i.RCC_LSEConfig)
    RCC_RTCCLKCmd                            0x08002cd5   Thumb Code     6  stm32f10x_rcc.o(i.RCC_RTCCLKCmd)
    RCC_RTCCLKConfig                         0x08002ce1   Thumb Code    12  stm32f10x_rcc.o(i.RCC_RTCCLKConfig)
    RTC_ClearITPendingBit                    0x08002cf1   Thumb Code    12  stm32f10x_rtc.o(i.RTC_ClearITPendingBit)
    RTC_EnterConfigMode                      0x08002d01   Thumb Code    14  stm32f10x_rtc.o(i.RTC_EnterConfigMode)
    RTC_ExitConfigMode                       0x08002d15   Thumb Code    16  stm32f10x_rtc.o(i.RTC_ExitConfigMode)
    RTC_GetCounter                           0x08002d29   Thumb Code    16  stm32f10x_rtc.o(i.RTC_GetCounter)
    RTC_GetITStatus                          0x08002d3d   Thumb Code    32  stm32f10x_rtc.o(i.RTC_GetITStatus)
    RTC_IRQHandler                           0x08002d61   Thumb Code    22  stm32f10x_it.o(i.RTC_IRQHandler)
    RTC_ITConfig                             0x08002d79   Thumb Code    26  stm32f10x_rtc.o(i.RTC_ITConfig)
    RTC_SetCounter                           0x08002d99   Thumb Code    24  stm32f10x_rtc.o(i.RTC_SetCounter)
    RTC_SetPrescaler                         0x08002db5   Thumb Code    26  stm32f10x_rtc.o(i.RTC_SetPrescaler)
    RTC_WaitForLastTask                      0x08002dd5   Thumb Code    16  stm32f10x_rtc.o(i.RTC_WaitForLastTask)
    RTC_WaitForSynchro                       0x08002de9   Thumb Code    30  stm32f10x_rtc.o(i.RTC_WaitForSynchro)
    SVC_Handler                              0x08002e0d   Thumb Code     2  stm32f10x_it.o(i.SVC_Handler)
    Send_Full_Status                         0x08002e11   Thumb Code   204  main.o(i.Send_Full_Status)
    Send_TempHumi_Data                       0x08002f29   Thumb Code    88  main.o(i.Send_TempHumi_Data)
    Serial_Init                              0x08002fbd   Thumb Code   128  serial.o(i.Serial_Init)
    Serial_Printf                            0x08003045   Thumb Code    36  serial.o(i.Serial_Printf)
    Serial_SendByte                          0x08003069   Thumb Code    28  serial.o(i.Serial_SendByte)
    Serial_SendString                        0x08003089   Thumb Code    26  serial.o(i.Serial_SendString)
    SysTick_Handler                          0x0800318d   Thumb Code     2  stm32f10x_it.o(i.SysTick_Handler)
    SystemInit                               0x08003191   Thumb Code    78  system_stm32f10x.o(i.SystemInit)
    TIM_Cmd                                  0x080031f1   Thumb Code    24  stm32f10x_tim.o(i.TIM_Cmd)
    TIM_OC1Init                              0x08003209   Thumb Code   132  stm32f10x_tim.o(i.TIM_OC1Init)
    TIM_OC1PreloadConfig                     0x080032a1   Thumb Code    18  stm32f10x_tim.o(i.TIM_OC1PreloadConfig)
    TIM_SetCompare1                          0x080032b3   Thumb Code     4  stm32f10x_tim.o(i.TIM_SetCompare1)
    TIM_TimeBaseInit                         0x080032b9   Thumb Code   122  stm32f10x_tim.o(i.TIM_TimeBaseInit)
    Temperature_Humidity_Alert               0x0800335d   Thumb Code   192  main.o(i.Temperature_Humidity_Alert)
    USART_Cmd                                0x08003491   Thumb Code    24  stm32f10x_usart.o(i.USART_Cmd)
    USART_GetFlagStatus                      0x080034a9   Thumb Code    26  stm32f10x_usart.o(i.USART_GetFlagStatus)
    USART_Init                               0x080034c5   Thumb Code   210  stm32f10x_usart.o(i.USART_Init)
    USART_ReceiveData                        0x0800359d   Thumb Code    10  stm32f10x_usart.o(i.USART_ReceiveData)
    USART_SendData                           0x080035a7   Thumb Code     8  stm32f10x_usart.o(i.USART_SendData)
    UsageFault_Handler                       0x080035af   Thumb Code     4  stm32f10x_it.o(i.UsageFault_Handler)
    __ARM_fpclassify                         0x080035b3   Thumb Code    40  fpclassify.o(i.__ARM_fpclassify)
    _is_digit                                0x080035db   Thumb Code    14  __printf_wp.o(i._is_digit)
    main                                     0x080035e9   Thumb Code   330  main.o(i.main)
    _get_lc_numeric                          0x08003755   Thumb Code    44  lc_numeric_c.o(locale$$code)
    _get_lc_ctype                            0x08003781   Thumb Code    44  lc_ctype_c.o(locale$$code)
    _printf_fp_dec                           0x080037ad   Thumb Code     4  printf1.o(x$fpl$printf1)
    _printf_fp_hex                           0x080037b1   Thumb Code     4  printf2.o(x$fpl$printf2)
    OLED_F8x16                               0x080037b4   Data        1520  oled.o(.constdata)
    __I$use$fp                               0x080037b4   Number         0  usenofp.o(x$fpl$usenofp)
    Hzk1                                     0x08003da4   Data        1088  oled.o(.constdata)
    _monlen                                  0x08004225   Data          12  _monlen.o(.constdata)
    Region$$Table$$Base                      0x080042ec   Number         0  anon$$obj.o(Region$$Table)
    Region$$Table$$Limit                     0x0800430c   Number         0  anon$$obj.o(Region$$Table)
    __ctype                                  0x08004335   Data           0  lc_ctype_c.o(locale$$data)
    temp                                     0x20000014   Data           1  main.o(.data)
    humi                                     0x20000015   Data           1  main.o(.data)
    MyRTC_Time                               0x20000016   Data          12  main.o(.data)
    KeyNum                                   0x20000022   Data           1  main.o(.data)
    Hour                                     0x20000023   Data           1  main.o(.data)
    Min                                      0x20000024   Data           1  main.o(.data)
    Sec                                      0x20000025   Data           1  main.o(.data)
    Flag_Count                               0x20000026   Data           1  main.o(.data)
    Flag_Change                              0x20000027   Data           1  main.o(.data)
    RxData                                   0x20000028   Data           1  main.o(.data)
    BluetoothControl                         0x20000029   Data           1  main.o(.data)
    SendDataTimer                            0x2000002a   Data           2  main.o(.data)
    SendDataFlag                             0x2000002c   Data           1  main.o(.data)
    __libspace_start                         0x2000005c   Data          96  libspace.o(.bss)
    __temporary_stack_top$libspace           0x200000bc   Data           0  libspace.o(.bss)



==============================================================================

Memory Map of the image

  Image Entry point : 0x080000ed

  Load Region LR_IROM1 (Base: 0x08000000, Size: 0x00004468, Max: 0x00010000, ABSOLUTE)

    Execution Region ER_IROM1 (Exec base: 0x08000000, Load base: 0x08000000, Size: 0x00004438, Max: 0x00010000, ABSOLUTE)

    Exec Addr    Load Addr    Size         Type   Attr      Idx    E Section Name        Object

    0x08000000   0x08000000   0x000000ec   Data   RO            3    RESET               startup_stm32f10x_md.o
    0x080000ec   0x080000ec   0x00000008   Code   RO         4068  * !!!main             c_w.l(__main.o)
    0x080000f4   0x080000f4   0x00000034   Code   RO         4500    !!!scatter          c_w.l(__scatter.o)
    0x08000128   0x08000128   0x0000001a   Code   RO         4502    !!handler_copy      c_w.l(__scatter_copy.o)
    0x08000142   0x08000142   0x00000002   PAD
    0x08000144   0x08000144   0x0000001c   Code   RO         4504    !!handler_zi        c_w.l(__scatter_zi.o)
    0x08000160   0x08000160   0x00000000   Code   RO         4192    .ARM.Collect$$_printf_percent$$00000000  c_w.l(_printf_percent.o)
    0x08000160   0x08000160   0x00000006   Code   RO         4181    .ARM.Collect$$_printf_percent$$00000001  c_w.l(_printf_n.o)
    0x08000166   0x08000166   0x00000006   Code   RO         4183    .ARM.Collect$$_printf_percent$$00000002  c_w.l(_printf_p.o)
    0x0800016c   0x0800016c   0x00000006   Code   RO         4188    .ARM.Collect$$_printf_percent$$00000003  c_w.l(_printf_f.o)
    0x08000172   0x08000172   0x00000006   Code   RO         4189    .ARM.Collect$$_printf_percent$$00000004  c_w.l(_printf_e.o)
    0x08000178   0x08000178   0x00000006   Code   RO         4190    .ARM.Collect$$_printf_percent$$00000005  c_w.l(_printf_g.o)
    0x0800017e   0x0800017e   0x00000006   Code   RO         4191    .ARM.Collect$$_printf_percent$$00000006  c_w.l(_printf_a.o)
    0x08000184   0x08000184   0x0000000a   Code   RO         4196    .ARM.Collect$$_printf_percent$$00000007  c_w.l(_printf_ll.o)
    0x0800018e   0x0800018e   0x00000006   Code   RO         4185    .ARM.Collect$$_printf_percent$$00000008  c_w.l(_printf_i.o)
    0x08000194   0x08000194   0x00000006   Code   RO         4186    .ARM.Collect$$_printf_percent$$00000009  c_w.l(_printf_d.o)
    0x0800019a   0x0800019a   0x00000006   Code   RO         4187    .ARM.Collect$$_printf_percent$$0000000A  c_w.l(_printf_u.o)
    0x080001a0   0x080001a0   0x00000006   Code   RO         4184    .ARM.Collect$$_printf_percent$$0000000B  c_w.l(_printf_o.o)
    0x080001a6   0x080001a6   0x00000006   Code   RO         4182    .ARM.Collect$$_printf_percent$$0000000C  c_w.l(_printf_x.o)
    0x080001ac   0x080001ac   0x00000006   Code   RO         4193    .ARM.Collect$$_printf_percent$$0000000D  c_w.l(_printf_lli.o)
    0x080001b2   0x080001b2   0x00000006   Code   RO         4194    .ARM.Collect$$_printf_percent$$0000000E  c_w.l(_printf_lld.o)
    0x080001b8   0x080001b8   0x00000006   Code   RO         4195    .ARM.Collect$$_printf_percent$$0000000F  c_w.l(_printf_llu.o)
    0x080001be   0x080001be   0x00000006   Code   RO         4200    .ARM.Collect$$_printf_percent$$00000010  c_w.l(_printf_llo.o)
    0x080001c4   0x080001c4   0x00000006   Code   RO         4201    .ARM.Collect$$_printf_percent$$00000011  c_w.l(_printf_llx.o)
    0x080001ca   0x080001ca   0x0000000a   Code   RO         4197    .ARM.Collect$$_printf_percent$$00000012  c_w.l(_printf_l.o)
    0x080001d4   0x080001d4   0x00000006   Code   RO         4179    .ARM.Collect$$_printf_percent$$00000013  c_w.l(_printf_c.o)
    0x080001da   0x080001da   0x00000006   Code   RO         4180    .ARM.Collect$$_printf_percent$$00000014  c_w.l(_printf_s.o)
    0x080001e0   0x080001e0   0x00000006   Code   RO         4198    .ARM.Collect$$_printf_percent$$00000015  c_w.l(_printf_lc.o)
    0x080001e6   0x080001e6   0x00000006   Code   RO         4199    .ARM.Collect$$_printf_percent$$00000016  c_w.l(_printf_ls.o)
    0x080001ec   0x080001ec   0x00000004   Code   RO         4300    .ARM.Collect$$_printf_percent$$00000017  c_w.l(_printf_percent_end.o)
    0x080001f0   0x080001f0   0x00000002   Code   RO         4360    .ARM.Collect$$libinit$$00000000  c_w.l(libinit.o)
    0x080001f2   0x080001f2   0x00000000   Code   RO         4375    .ARM.Collect$$libinit$$00000002  c_w.l(libinit2.o)
    0x080001f2   0x080001f2   0x00000000   Code   RO         4377    .ARM.Collect$$libinit$$00000004  c_w.l(libinit2.o)
    0x080001f2   0x080001f2   0x00000000   Code   RO         4380    .ARM.Collect$$libinit$$0000000A  c_w.l(libinit2.o)
    0x080001f2   0x080001f2   0x00000000   Code   RO         4382    .ARM.Collect$$libinit$$0000000C  c_w.l(libinit2.o)
    0x080001f2   0x080001f2   0x00000000   Code   RO         4384    .ARM.Collect$$libinit$$0000000E  c_w.l(libinit2.o)
    0x080001f2   0x080001f2   0x00000006   Code   RO         4385    .ARM.Collect$$libinit$$0000000F  c_w.l(libinit2.o)
    0x080001f8   0x080001f8   0x00000000   Code   RO         4387    .ARM.Collect$$libinit$$00000011  c_w.l(libinit2.o)
    0x080001f8   0x080001f8   0x0000000c   Code   RO         4388    .ARM.Collect$$libinit$$00000012  c_w.l(libinit2.o)
    0x08000204   0x08000204   0x00000000   Code   RO         4389    .ARM.Collect$$libinit$$00000013  c_w.l(libinit2.o)
    0x08000204   0x08000204   0x00000000   Code   RO         4391    .ARM.Collect$$libinit$$00000015  c_w.l(libinit2.o)
    0x08000204   0x08000204   0x0000000a   Code   RO         4392    .ARM.Collect$$libinit$$00000016  c_w.l(libinit2.o)
    0x0800020e   0x0800020e   0x00000000   Code   RO         4393    .ARM.Collect$$libinit$$00000017  c_w.l(libinit2.o)
    0x0800020e   0x0800020e   0x00000000   Code   RO         4395    .ARM.Collect$$libinit$$00000019  c_w.l(libinit2.o)
    0x0800020e   0x0800020e   0x00000000   Code   RO         4397    .ARM.Collect$$libinit$$0000001B  c_w.l(libinit2.o)
    0x0800020e   0x0800020e   0x00000000   Code   RO         4399    .ARM.Collect$$libinit$$0000001D  c_w.l(libinit2.o)
    0x0800020e   0x0800020e   0x00000000   Code   RO         4401    .ARM.Collect$$libinit$$0000001F  c_w.l(libinit2.o)
    0x0800020e   0x0800020e   0x00000000   Code   RO         4403    .ARM.Collect$$libinit$$00000021  c_w.l(libinit2.o)
    0x0800020e   0x0800020e   0x00000000   Code   RO         4405    .ARM.Collect$$libinit$$00000023  c_w.l(libinit2.o)
    0x0800020e   0x0800020e   0x00000000   Code   RO         4407    .ARM.Collect$$libinit$$00000025  c_w.l(libinit2.o)
    0x0800020e   0x0800020e   0x00000000   Code   RO         4411    .ARM.Collect$$libinit$$0000002C  c_w.l(libinit2.o)
    0x0800020e   0x0800020e   0x00000000   Code   RO         4413    .ARM.Collect$$libinit$$0000002E  c_w.l(libinit2.o)
    0x0800020e   0x0800020e   0x00000000   Code   RO         4415    .ARM.Collect$$libinit$$00000030  c_w.l(libinit2.o)
    0x0800020e   0x0800020e   0x00000000   Code   RO         4417    .ARM.Collect$$libinit$$00000032  c_w.l(libinit2.o)
    0x0800020e   0x0800020e   0x00000002   Code   RO         4418    .ARM.Collect$$libinit$$00000033  c_w.l(libinit2.o)
    0x08000210   0x08000210   0x00000002   Code   RO         4440    .ARM.Collect$$libshutdown$$00000000  c_w.l(libshutdown.o)
    0x08000212   0x08000212   0x00000000   Code   RO         4453    .ARM.Collect$$libshutdown$$00000002  c_w.l(libshutdown2.o)
    0x08000212   0x08000212   0x00000000   Code   RO         4455    .ARM.Collect$$libshutdown$$00000004  c_w.l(libshutdown2.o)
    0x08000212   0x08000212   0x00000000   Code   RO         4458    .ARM.Collect$$libshutdown$$00000007  c_w.l(libshutdown2.o)
    0x08000212   0x08000212   0x00000000   Code   RO         4461    .ARM.Collect$$libshutdown$$0000000A  c_w.l(libshutdown2.o)
    0x08000212   0x08000212   0x00000000   Code   RO         4463    .ARM.Collect$$libshutdown$$0000000C  c_w.l(libshutdown2.o)
    0x08000212   0x08000212   0x00000000   Code   RO         4466    .ARM.Collect$$libshutdown$$0000000F  c_w.l(libshutdown2.o)
    0x08000212   0x08000212   0x00000002   Code   RO         4467    .ARM.Collect$$libshutdown$$00000010  c_w.l(libshutdown2.o)
    0x08000214   0x08000214   0x00000000   Code   RO         4108    .ARM.Collect$$rtentry$$00000000  c_w.l(__rtentry.o)
    0x08000214   0x08000214   0x00000000   Code   RO         4266    .ARM.Collect$$rtentry$$00000002  c_w.l(__rtentry2.o)
    0x08000214   0x08000214   0x00000006   Code   RO         4278    .ARM.Collect$$rtentry$$00000004  c_w.l(__rtentry4.o)
    0x0800021a   0x0800021a   0x00000000   Code   RO         4268    .ARM.Collect$$rtentry$$00000009  c_w.l(__rtentry2.o)
    0x0800021a   0x0800021a   0x00000004   Code   RO         4269    .ARM.Collect$$rtentry$$0000000A  c_w.l(__rtentry2.o)
    0x0800021e   0x0800021e   0x00000000   Code   RO         4271    .ARM.Collect$$rtentry$$0000000C  c_w.l(__rtentry2.o)
    0x0800021e   0x0800021e   0x00000008   Code   RO         4272    .ARM.Collect$$rtentry$$0000000D  c_w.l(__rtentry2.o)
    0x08000226   0x08000226   0x00000002   Code   RO         4367    .ARM.Collect$$rtexit$$00000000  c_w.l(rtexit.o)
    0x08000228   0x08000228   0x00000000   Code   RO         4422    .ARM.Collect$$rtexit$$00000002  c_w.l(rtexit2.o)
    0x08000228   0x08000228   0x00000004   Code   RO         4423    .ARM.Collect$$rtexit$$00000003  c_w.l(rtexit2.o)
    0x0800022c   0x0800022c   0x00000006   Code   RO         4424    .ARM.Collect$$rtexit$$00000004  c_w.l(rtexit2.o)
    0x08000232   0x08000232   0x00000002   PAD
    0x08000234   0x08000234   0x00000040   Code   RO            4    .text               startup_stm32f10x_md.o
    0x08000274   0x08000274   0x00000024   Code   RO         4057    .text               c_w.l(vsprintf.o)
    0x08000298   0x08000298   0x00000064   Code   RO         4059    .text               c_w.l(rt_memcpy_w.o)
    0x080002fc   0x080002fc   0x0000000c   Code   RO         4061    .text               c_w.l(localtime.o)
    0x08000308   0x08000308   0x000001ac   Code   RO         4064    .text               c_w.l(mktime.o)
    0x080004b4   0x080004b4   0x00000006   Code   RO         4066    .text               c_w.l(heapauxi.o)
    0x080004ba   0x080004ba   0x0000004e   Code   RO         4113    .text               c_w.l(_printf_pad.o)
    0x08000508   0x08000508   0x00000024   Code   RO         4115    .text               c_w.l(_printf_truncate.o)
    0x0800052c   0x0800052c   0x00000052   Code   RO         4117    .text               c_w.l(_printf_str.o)
    0x0800057e   0x0800057e   0x00000002   PAD
    0x08000580   0x08000580   0x00000078   Code   RO         4119    .text               c_w.l(_printf_dec.o)
    0x080005f8   0x080005f8   0x00000028   Code   RO         4121    .text               c_w.l(_printf_charcount.o)
    0x08000620   0x08000620   0x00000030   Code   RO         4123    .text               c_w.l(_printf_char_common.o)
    0x08000650   0x08000650   0x0000000a   Code   RO         4125    .text               c_w.l(_sputc.o)
    0x0800065a   0x0800065a   0x00000002   PAD
    0x0800065c   0x0800065c   0x000000bc   Code   RO         4127    .text               c_w.l(_printf_wctomb.o)
    0x08000718   0x08000718   0x0000007c   Code   RO         4130    .text               c_w.l(_printf_longlong_dec.o)
    0x08000794   0x08000794   0x00000070   Code   RO         4136    .text               c_w.l(_printf_oct_int_ll.o)
    0x08000804   0x08000804   0x00000094   Code   RO         4156    .text               c_w.l(_printf_hex_int_ll_ptr.o)
    0x08000898   0x08000898   0x00000188   Code   RO         4176    .text               c_w.l(__printf_flags_ss_wp.o)
    0x08000a20   0x08000a20   0x000000b8   Code   RO         4203    .text               c_w.l(localtime_internal.o)
    0x08000ad8   0x08000ad8   0x0000008a   Code   RO         4285    .text               c_w.l(lludiv10.o)
    0x08000b62   0x08000b62   0x000000b2   Code   RO         4287    .text               c_w.l(_printf_intcommon.o)
    0x08000c14   0x08000c14   0x0000041e   Code   RO         4289    .text               c_w.l(_printf_fp_dec.o)
    0x08001032   0x08001032   0x00000002   PAD
    0x08001034   0x08001034   0x000002fc   Code   RO         4291    .text               c_w.l(_printf_fp_hex.o)
    0x08001330   0x08001330   0x0000002c   Code   RO         4296    .text               c_w.l(_printf_char.o)
    0x0800135c   0x0800135c   0x0000002c   Code   RO         4298    .text               c_w.l(_printf_wchar.o)
    0x08001388   0x08001388   0x00000040   Code   RO         4301    .text               c_w.l(_wcrtomb.o)
    0x080013c8   0x080013c8   0x0000004e   Code   RO         4303    .text               c_w.l(rt_memclr_w.o)
    0x08001416   0x08001416   0x00000002   PAD
    0x08001418   0x08001418   0x00000008   Code   RO         4311    .text               c_w.l(libspace.o)
    0x08001420   0x08001420   0x0000004a   Code   RO         4314    .text               c_w.l(sys_stackheap_outer.o)
    0x0800146a   0x0800146a   0x00000002   PAD
    0x0800146c   0x0800146c   0x00000010   Code   RO         4316    .text               c_w.l(rt_ctype_table.o)
    0x0800147c   0x0800147c   0x00000008   Code   RO         4321    .text               c_w.l(rt_locale_intlibspace.o)
    0x08001484   0x08001484   0x00000080   Code   RO         4323    .text               c_w.l(_printf_fp_infnan.o)
    0x08001504   0x08001504   0x000000e4   Code   RO         4325    .text               c_w.l(bigflt0.o)
    0x080015e8   0x080015e8   0x00000012   Code   RO         4353    .text               c_w.l(exit.o)
    0x080015fa   0x080015fa   0x00000002   PAD
    0x080015fc   0x080015fc   0x00000080   Code   RO         4372    .text               c_w.l(strcmpv7m.o)
    0x0800167c   0x0800167c   0x0000000c   Code   RO         4432    .text               c_w.l(sys_exit.o)
    0x08001688   0x08001688   0x00000002   Code   RO         4443    .text               c_w.l(use_no_semi.o)
    0x0800168a   0x0800168a   0x00000000   Code   RO         4445    .text               c_w.l(indicate_semi.o)
    0x0800168a   0x0800168a   0x0000003e   Code   RO         4328    CL$$btod_d2e        c_w.l(btod.o)
    0x080016c8   0x080016c8   0x00000046   Code   RO         4330    CL$$btod_d2e_denorm_low  c_w.l(btod.o)
    0x0800170e   0x0800170e   0x00000060   Code   RO         4329    CL$$btod_d2e_norm_op1  c_w.l(btod.o)
    0x0800176e   0x0800176e   0x00000338   Code   RO         4338    CL$$btod_div_common  c_w.l(btod.o)
    0x08001aa6   0x08001aa6   0x000000dc   Code   RO         4335    CL$$btod_e2e        c_w.l(btod.o)
    0x08001b82   0x08001b82   0x0000002a   Code   RO         4332    CL$$btod_ediv       c_w.l(btod.o)
    0x08001bac   0x08001bac   0x0000002a   Code   RO         4331    CL$$btod_emul       c_w.l(btod.o)
    0x08001bd6   0x08001bd6   0x00000244   Code   RO         4337    CL$$btod_mult_common  c_w.l(btod.o)
    0x08001e1a   0x08001e1a   0x00000002   PAD
    0x08001e1c   0x08001e1c   0x00000034   Code   RO         3786    i.BEEP_Init         beep.o
    0x08001e50   0x08001e50   0x00000010   Code   RO         3787    i.BEEP_Off          beep.o
    0x08001e60   0x08001e60   0x00000010   Code   RO         3788    i.BEEP_On           beep.o
    0x08001e70   0x08001e70   0x0000001c   Code   RO          491    i.BKP_ReadBackupRegister  stm32f10x_bkp.o
    0x08001e8c   0x08001e8c   0x0000001c   Code   RO          495    i.BKP_WriteBackupRegister  stm32f10x_bkp.o
    0x08001ea8   0x08001ea8   0x00000120   Code   RO         3913    i.Bluetooth_Control  main.o
    0x08001fc8   0x08001fc8   0x00000004   Code   RO         3986    i.BusFault_Handler  stm32f10x_it.o
    0x08001fcc   0x08001fcc   0x0000005c   Code   RO         3524    i.DHT11_Check       dth11.o
    0x08002028   0x08002028   0x00000040   Code   RO         3525    i.DHT11_Init        dth11.o
    0x08002068   0x08002068   0x00000038   Code   RO         3526    i.DHT11_Mode        dth11.o
    0x080020a0   0x080020a0   0x0000005c   Code   RO         3527    i.DHT11_Read_Bit    dth11.o
    0x080020fc   0x080020fc   0x0000001e   Code   RO         3528    i.DHT11_Read_Byte   dth11.o
    0x0800211a   0x0800211a   0x00000058   Code   RO         3529    i.DHT11_Read_Data   dth11.o
    0x08002172   0x08002172   0x00000002   PAD
    0x08002174   0x08002174   0x00000030   Code   RO         3530    i.DHT11_Rst         dth11.o
    0x080021a4   0x080021a4   0x00000002   Code   RO         3987    i.DebugMon_Handler  stm32f10x_it.o
    0x080021a6   0x080021a6   0x00000018   Code   RO         3279    i.Delay_ms          delay.o
    0x080021be   0x080021be   0x0000002e   Code   RO         3281    i.Delay_us          delay.o
    0x080021ec   0x080021ec   0x00000088   Code   RO         3813    i.Fan_PWM_Init      fan.o
    0x08002274   0x08002274   0x00000010   Code   RO         3814    i.Fan_SetPWM        fan.o
    0x08002284   0x08002284   0x00000116   Code   RO         1430    i.GPIO_Init         stm32f10x_gpio.o
    0x0800239a   0x0800239a   0x00000012   Code   RO         1434    i.GPIO_ReadInputDataBit  stm32f10x_gpio.o
    0x080023ac   0x080023ac   0x00000004   Code   RO         1437    i.GPIO_ResetBits    stm32f10x_gpio.o
    0x080023b0   0x080023b0   0x00000004   Code   RO         1438    i.GPIO_SetBits      stm32f10x_gpio.o
    0x080023b4   0x080023b4   0x0000000a   Code   RO         1441    i.GPIO_WriteBit     stm32f10x_gpio.o
    0x080023be   0x080023be   0x00000004   Code   RO         3988    i.HardFault_Handler  stm32f10x_it.o
    0x080023c2   0x080023c2   0x00000002   PAD
    0x080023c4   0x080023c4   0x00000108   Code   RO         3914    i.Key_Control       main.o
    0x080024cc   0x080024cc   0x000000dc   Code   RO         3578    i.Key_GetNum        key.o
    0x080025a8   0x080025a8   0x0000002c   Code   RO         3579    i.Key_Init          key.o
    0x080025d4   0x080025d4   0x00000014   Code   RO         3756    i.LED1_OFF          led.o
    0x080025e8   0x080025e8   0x00000014   Code   RO         3757    i.LED1_ON           led.o
    0x080025fc   0x080025fc   0x00000034   Code   RO         3758    i.LED_Init          led.o
    0x08002630   0x08002630   0x00000004   Code   RO         3989    i.MemManage_Handler  stm32f10x_it.o
    0x08002634   0x08002634   0x0000007e   Code   RO         3303    i.MyRTC_Init        myrtc.o
    0x080026b2   0x080026b2   0x00000002   PAD
    0x080026b4   0x080026b4   0x00000048   Code   RO         3304    i.MyRTC_ReadTime    myrtc.o
    0x080026fc   0x080026fc   0x0000004c   Code   RO         3305    i.MyRTC_SetTime     myrtc.o
    0x08002748   0x08002748   0x00000002   Code   RO         3990    i.NMI_Handler       stm32f10x_it.o
    0x0800274a   0x0800274a   0x0000002a   Code   RO         3599    i.OLED_Clear        oled.o
    0x08002774   0x08002774   0x00000050   Code   RO         3600    i.OLED_I2C_Init     oled.o
    0x080027c4   0x080027c4   0x0000005c   Code   RO         3601    i.OLED_I2C_SendByte  oled.o
    0x08002820   0x08002820   0x00000034   Code   RO         3602    i.OLED_I2C_Start    oled.o
    0x08002854   0x08002854   0x00000028   Code   RO         3603    i.OLED_I2C_Stop     oled.o
    0x0800287c   0x0800287c   0x000000ae   Code   RO         3604    i.OLED_Init         oled.o
    0x0800292a   0x0800292a   0x00000014   Code   RO         3605    i.OLED_Pow          oled.o
    0x0800293e   0x0800293e   0x00000022   Code   RO         3606    i.OLED_SetCursor    oled.o
    0x08002960   0x08002960   0x00000074   Code   RO         3608    i.OLED_ShowChar     oled.o
    0x080029d4   0x080029d4   0x0000006c   Code   RO         3609    i.OLED_ShowChinese  oled.o
    0x08002a40   0x08002a40   0x00000054   Code   RO         3610    i.OLED_ShowHexNum   oled.o
    0x08002a94   0x08002a94   0x00000044   Code   RO         3611    i.OLED_ShowNum      oled.o
    0x08002ad8   0x08002ad8   0x00000028   Code   RO         3613    i.OLED_ShowString   oled.o
    0x08002b00   0x08002b00   0x00000020   Code   RO         3614    i.OLED_WriteCommand  oled.o
    0x08002b20   0x08002b20   0x00000020   Code   RO         3615    i.OLED_WriteData    oled.o
    0x08002b40   0x08002b40   0x0000000c   Code   RO         1793    i.PWR_BackupAccessCmd  stm32f10x_pwr.o
    0x08002b4c   0x08002b4c   0x00000002   Code   RO         3991    i.PendSV_Handler    stm32f10x_it.o
    0x08002b4e   0x08002b4e   0x00000002   PAD
    0x08002b50   0x08002b50   0x00000020   Code   RO         1858    i.RCC_APB1PeriphClockCmd  stm32f10x_rcc.o
    0x08002b70   0x08002b70   0x00000020   Code   RO         1860    i.RCC_APB2PeriphClockCmd  stm32f10x_rcc.o
    0x08002b90   0x08002b90   0x000000d4   Code   RO         1868    i.RCC_GetClocksFreq  stm32f10x_rcc.o
    0x08002c64   0x08002c64   0x0000003c   Code   RO         1869    i.RCC_GetFlagStatus  stm32f10x_rcc.o
    0x08002ca0   0x08002ca0   0x00000034   Code   RO         1876    i.RCC_LSEConfig     stm32f10x_rcc.o
    0x08002cd4   0x08002cd4   0x0000000c   Code   RO         1883    i.RCC_RTCCLKCmd     stm32f10x_rcc.o
    0x08002ce0   0x08002ce0   0x00000010   Code   RO         1884    i.RCC_RTCCLKConfig  stm32f10x_rcc.o
    0x08002cf0   0x08002cf0   0x00000010   Code   RO         2060    i.RTC_ClearITPendingBit  stm32f10x_rtc.o
    0x08002d00   0x08002d00   0x00000014   Code   RO         2061    i.RTC_EnterConfigMode  stm32f10x_rtc.o
    0x08002d14   0x08002d14   0x00000014   Code   RO         2062    i.RTC_ExitConfigMode  stm32f10x_rtc.o
    0x08002d28   0x08002d28   0x00000014   Code   RO         2063    i.RTC_GetCounter    stm32f10x_rtc.o
    0x08002d3c   0x08002d3c   0x00000024   Code   RO         2066    i.RTC_GetITStatus   stm32f10x_rtc.o
    0x08002d60   0x08002d60   0x00000016   Code   RO         3992    i.RTC_IRQHandler    stm32f10x_it.o
    0x08002d76   0x08002d76   0x00000002   PAD
    0x08002d78   0x08002d78   0x00000020   Code   RO         2067    i.RTC_ITConfig      stm32f10x_rtc.o
    0x08002d98   0x08002d98   0x0000001c   Code   RO         2069    i.RTC_SetCounter    stm32f10x_rtc.o
    0x08002db4   0x08002db4   0x00000020   Code   RO         2070    i.RTC_SetPrescaler  stm32f10x_rtc.o
    0x08002dd4   0x08002dd4   0x00000014   Code   RO         2071    i.RTC_WaitForLastTask  stm32f10x_rtc.o
    0x08002de8   0x08002de8   0x00000024   Code   RO         2072    i.RTC_WaitForSynchro  stm32f10x_rtc.o
    0x08002e0c   0x08002e0c   0x00000002   Code   RO         3993    i.SVC_Handler       stm32f10x_it.o
    0x08002e0e   0x08002e0e   0x00000002   PAD
    0x08002e10   0x08002e10   0x00000118   Code   RO         3915    i.Send_Full_Status  main.o
    0x08002f28   0x08002f28   0x00000094   Code   RO         3916    i.Send_TempHumi_Data  main.o
    0x08002fbc   0x08002fbc   0x00000088   Code   RO         3839    i.Serial_Init       serial.o
    0x08003044   0x08003044   0x00000024   Code   RO         3841    i.Serial_Printf     serial.o
    0x08003068   0x08003068   0x00000020   Code   RO         3843    i.Serial_SendByte   serial.o
    0x08003088   0x08003088   0x0000001a   Code   RO         3845    i.Serial_SendString  serial.o
    0x080030a2   0x080030a2   0x00000008   Code   RO           24    i.SetSysClock       system_stm32f10x.o
    0x080030aa   0x080030aa   0x00000002   PAD
    0x080030ac   0x080030ac   0x000000e0   Code   RO           25    i.SetSysClockTo72   system_stm32f10x.o
    0x0800318c   0x0800318c   0x00000002   Code   RO         3994    i.SysTick_Handler   stm32f10x_it.o
    0x0800318e   0x0800318e   0x00000002   PAD
    0x08003190   0x08003190   0x00000060   Code   RO           27    i.SystemInit        system_stm32f10x.o
    0x080031f0   0x080031f0   0x00000018   Code   RO         2504    i.TIM_Cmd           stm32f10x_tim.o
    0x08003208   0x08003208   0x00000098   Code   RO         2533    i.TIM_OC1Init       stm32f10x_tim.o
    0x080032a0   0x080032a0   0x00000012   Code   RO         2536    i.TIM_OC1PreloadConfig  stm32f10x_tim.o
    0x080032b2   0x080032b2   0x00000004   Code   RO         2565    i.TIM_SetCompare1   stm32f10x_tim.o
    0x080032b6   0x080032b6   0x00000002   PAD
    0x080032b8   0x080032b8   0x000000a4   Code   RO         2575    i.TIM_TimeBaseInit  stm32f10x_tim.o
    0x0800335c   0x0800335c   0x00000134   Code   RO         3917    i.Temperature_Humidity_Alert  main.o
    0x08003490   0x08003490   0x00000018   Code   RO         3043    i.USART_Cmd         stm32f10x_usart.o
    0x080034a8   0x080034a8   0x0000001a   Code   RO         3046    i.USART_GetFlagStatus  stm32f10x_usart.o
    0x080034c2   0x080034c2   0x00000002   PAD
    0x080034c4   0x080034c4   0x000000d8   Code   RO         3050    i.USART_Init        stm32f10x_usart.o
    0x0800359c   0x0800359c   0x0000000a   Code   RO         3057    i.USART_ReceiveData  stm32f10x_usart.o
    0x080035a6   0x080035a6   0x00000008   Code   RO         3060    i.USART_SendData    stm32f10x_usart.o
    0x080035ae   0x080035ae   0x00000004   Code   RO         3995    i.UsageFault_Handler  stm32f10x_it.o
    0x080035b2   0x080035b2   0x00000028   Code   RO         4252    i.__ARM_fpclassify  m_ws.l(fpclassify.o)
    0x080035da   0x080035da   0x0000000e   Code   RO         4169    i._is_digit         c_w.l(__printf_wp.o)
    0x080035e8   0x080035e8   0x0000016c   Code   RO         3918    i.main              main.o
    0x08003754   0x08003754   0x0000002c   Code   RO         4351    locale$$code        c_w.l(lc_numeric_c.o)
    0x08003780   0x08003780   0x0000002c   Code   RO         4370    locale$$code        c_w.l(lc_ctype_c.o)
    0x080037ac   0x080037ac   0x00000004   Code   RO         4227    x$fpl$printf1       fz_ws.l(printf1.o)
    0x080037b0   0x080037b0   0x00000004   Code   RO         4229    x$fpl$printf2       fz_ws.l(printf2.o)
    0x080037b4   0x080037b4   0x00000000   Code   RO         4237    x$fpl$usenofp       fz_ws.l(usenofp.o)
    0x080037b4   0x080037b4   0x00000a30   Data   RO         3616    .constdata          oled.o
    0x080041e4   0x080041e4   0x00000008   Data   RO         4128    .constdata          c_w.l(_printf_wctomb.o)
    0x080041ec   0x080041ec   0x00000028   Data   RO         4157    .constdata          c_w.l(_printf_hex_int_ll_ptr.o)
    0x08004214   0x08004214   0x00000011   Data   RO         4177    .constdata          c_w.l(__printf_flags_ss_wp.o)
    0x08004225   0x08004225   0x0000000c   Data   RO         4202    .constdata          c_w.l(_monlen.o)
    0x08004231   0x08004231   0x00000026   Data   RO         4292    .constdata          c_w.l(_printf_fp_hex.o)
    0x08004257   0x08004257   0x00000001   PAD
    0x08004258   0x08004258   0x00000094   Data   RO         4326    .constdata          c_w.l(bigflt0.o)
    0x080042ec   0x080042ec   0x00000020   Data   RO         4498    Region$$Table       anon$$obj.o
    0x0800430c   0x0800430c   0x0000001c   Data   RO         4350    locale$$data        c_w.l(lc_numeric_c.o)
    0x08004328   0x08004328   0x00000110   Data   RO         4369    locale$$data        c_w.l(lc_ctype_c.o)


    Execution Region RW_IRAM1 (Exec base: 0x20000000, Load base: 0x08004438, Size: 0x000006c0, Max: 0x00005000, ABSOLUTE)

    Exec Addr    Load Addr    Size         Type   Attr      Idx    E Section Name        Object

    0x20000000   0x08004438   0x00000014   Data   RW         1888    .data               stm32f10x_rcc.o
    0x20000014   0x0800444c   0x00000019   Data   RW         3919    .data               main.o
    0x2000002d   0x08004465   0x00000003   PAD
    0x20000030        -       0x0000002c   Zero   RW         4062    .bss                c_w.l(localtime.o)
    0x2000005c        -       0x00000060   Zero   RW         4312    .bss                c_w.l(libspace.o)
    0x200000bc   0x08004465   0x00000004   PAD
    0x200000c0        -       0x00000200   Zero   RW            2    HEAP                startup_stm32f10x_md.o
    0x200002c0        -       0x00000400   Zero   RW            1    STACK               startup_stm32f10x_md.o


==============================================================================

Image component sizes


      Code (inc. data)   RO Data    RW Data    ZI Data      Debug   Object Name

        84         14          0          0          0       1265   beep.o
         0          0          0          0          0       4492   core_cm3.o
        70          0          0          0          0        866   delay.o
       470         24          0          0          0       3981   dth11.o
       152          4          0          0          0       1060   fan.o
       264         12          0          0          0       1132   key.o
        92         16          0          0          0       1252   led.o
      1652        380          0         25          0       4219   main.o
       274         10          0          0          0     212334   myrtc.o
      1014         28       2608          0          0       8739   oled.o
       230         12          0          0          0       2680   serial.o
        64         26        236          0       1536        792   startup_stm32f10x_md.o
        56         10          0          0          0       1995   stm32f10x_bkp.o
         0          0          0          0          0     201664   stm32f10x_dac.o
       314          0          0          0          0      12236   stm32f10x_gpio.o
        48          0          0          0          0       4051   stm32f10x_it.o
        12          6          0          0          0        462   stm32f10x_pwr.o
       416         52          0         20          0      14897   stm32f10x_rcc.o
       260         48          0          0          0       4668   stm32f10x_rtc.o
       362         62          0          0          0      23592   stm32f10x_tim.o
       284          6          0          0          0      10248   stm32f10x_usart.o
       328         28          0          0          0      45105   system_stm32f10x.o

    ----------------------------------------------------------------------
      6466        738       2876         48       1536     561730   Object Totals
         0          0         32          0          0          0   (incl. Generated)
        20          0          0          3          0          0   (incl. Padding)

    ----------------------------------------------------------------------

      Code (inc. data)   RO Data    RW Data    ZI Data      Debug   Library Member Name

         8          0          0          0          0         68   __main.o
       392          4         17          0          0         92   __printf_flags_ss_wp.o
        14          0          0          0          0         68   __printf_wp.o
         0          0          0          0          0          0   __rtentry.o
        12          0          0          0          0          0   __rtentry2.o
         6          0          0          0          0          0   __rtentry4.o
        52          8          0          0          0          0   __scatter.o
        26          0          0          0          0          0   __scatter_copy.o
        28          0          0          0          0          0   __scatter_zi.o
         0          0         12          0          0          0   _monlen.o
         6          0          0          0          0          0   _printf_a.o
         6          0          0          0          0          0   _printf_c.o
        44          0          0          0          0        108   _printf_char.o
        48          6          0          0          0         96   _printf_char_common.o
        40          0          0          0          0         68   _printf_charcount.o
         6          0          0          0          0          0   _printf_d.o
       120         16          0          0          0         92   _printf_dec.o
         6          0          0          0          0          0   _printf_e.o
         6          0          0          0          0          0   _printf_f.o
      1054          0          0          0          0        216   _printf_fp_dec.o
       764          8         38          0          0        100   _printf_fp_hex.o
       128         16          0          0          0         84   _printf_fp_infnan.o
         6          0          0          0          0          0   _printf_g.o
       148          4         40          0          0        160   _printf_hex_int_ll_ptr.o
         6          0          0          0          0          0   _printf_i.o
       178          0          0          0          0         88   _printf_intcommon.o
        10          0          0          0          0          0   _printf_l.o
         6          0          0          0          0          0   _printf_lc.o
        10          0          0          0          0          0   _printf_ll.o
         6          0          0          0          0          0   _printf_lld.o
         6          0          0          0          0          0   _printf_lli.o
         6          0          0          0          0          0   _printf_llo.o
         6          0          0          0          0          0   _printf_llu.o
         6          0          0          0          0          0   _printf_llx.o
       124         16          0          0          0         92   _printf_longlong_dec.o
         6          0          0          0          0          0   _printf_ls.o
         6          0          0          0          0          0   _printf_n.o
         6          0          0          0          0          0   _printf_o.o
       112         10          0          0          0        124   _printf_oct_int_ll.o
         6          0          0          0          0          0   _printf_p.o
        78          0          0          0          0        108   _printf_pad.o
         0          0          0          0          0          0   _printf_percent.o
         4          0          0          0          0          0   _printf_percent_end.o
         6          0          0          0          0          0   _printf_s.o
        82          0          0          0          0         80   _printf_str.o
        36          0          0          0          0         84   _printf_truncate.o
         6          0          0          0          0          0   _printf_u.o
        44          0          0          0          0        108   _printf_wchar.o
       188          6          8          0          0         92   _printf_wctomb.o
         6          0          0          0          0          0   _printf_x.o
        10          0          0          0          0         68   _sputc.o
        64          0          0          0          0         92   _wcrtomb.o
       228          4        148          0          0         96   bigflt0.o
      1936        128          0          0          0        672   btod.o
        18          0          0          0          0         80   exit.o
         6          0          0          0          0        152   heapauxi.o
         0          0          0          0          0          0   indicate_semi.o
        44         10        272          0          0         76   lc_ctype_c.o
        44         10         28          0          0         76   lc_numeric_c.o
         2          0          0          0          0          0   libinit.o
        30          0          0          0          0          0   libinit2.o
         2          0          0          0          0          0   libshutdown.o
         2          0          0          0          0          0   libshutdown2.o
         8          4          0          0         96         68   libspace.o
       138          0          0          0          0         80   lludiv10.o
        12          6          0          0         44         68   localtime.o
       184          6          0          0          0         80   localtime_internal.o
       428         10          0          0          0        116   mktime.o
        16          4          0          0          0         76   rt_ctype_table.o
         8          4          0          0          0         68   rt_locale_intlibspace.o
        78          0          0          0          0         80   rt_memclr_w.o
       100          0          0          0          0         80   rt_memcpy_w.o
         2          0          0          0          0          0   rtexit.o
        10          0          0          0          0          0   rtexit2.o
       128          0          0          0          0         68   strcmpv7m.o
        12          4          0          0          0         68   sys_exit.o
        74          0          0          0          0         80   sys_stackheap_outer.o
         2          0          0          0          0         68   use_no_semi.o
        36          4          0          0          0         76   vsprintf.o
         4          0          0          0          0         68   printf1.o
         4          0          0          0          0         68   printf2.o
         0          0          0          0          0          0   usenofp.o
        40          0          0          0          0         68   fpclassify.o

    ----------------------------------------------------------------------
      7558        288        564          0        144       4520   Library Totals
        18          0          1          0          4          0   (incl. Padding)

    ----------------------------------------------------------------------

      Code (inc. data)   RO Data    RW Data    ZI Data      Debug   Library Name

      7492        288        563          0        140       4316   c_w.l
         8          0          0          0          0        136   fz_ws.l
        40          0          0          0          0         68   m_ws.l

    ----------------------------------------------------------------------
      7558        288        564          0        144       4520   Library Totals

    ----------------------------------------------------------------------

==============================================================================


      Code (inc. data)   RO Data    RW Data    ZI Data      Debug   

     14024       1026       3440         48       1680     559122   Grand Totals
     14024       1026       3440         48       1680     559122   ELF Image Totals
     14024       1026       3440         48          0          0   ROM Totals

==============================================================================

    Total RO  Size (Code + RO Data)                17464 (  17.05kB)
    Total RW  Size (RW Data + ZI Data)              1728 (   1.69kB)
    Total ROM Size (Code + RO Data + RW Data)      17512 (  17.10kB)

==============================================================================

